{
    "-profile test_inputs_refine_map": {
        "content": [
            {
                "BAMTOOLS_CONVERT": {
                    "bamtools": "2.5.2"
                },
                "GSTAMA_COLLAPSE": {
                    "gstama": 20211103
                },
                "GSTAMA_MERGE": {
                    "gstama": "0.0.1"
                },
                "GSTAMA_POLYACLEANUP": {
                    "gstama": 20211103
                },
                "ISOSEQ_REFINE": {
                    "isoseq": "4.0.0"
                },
                "MINIMAP2_ALIGN": {
                    "minimap2": "2.29-r1283",
                    "samtools": 1.21
                }
            },
            [
                "03_ISOSEQ_REFINE",
                "03_ISOSEQ_REFINE/sample3_0.bam",
                "03_ISOSEQ_REFINE/sample3_0.bam.pbi",
                "03_ISOSEQ_REFINE/sample3_0.consensusreadset.xml",
                "03_ISOSEQ_REFINE/sample3_0.filter_summary.report.json",
                "03_ISOSEQ_REFINE/sample3_0.report.csv",
                "04_BAMTOOLS_CONVERT",
                "04_BAMTOOLS_CONVERT/sample3_0.fasta",
                "05_GSTAMA_POLYACLEANUP",
                "05_GSTAMA_POLYACLEANUP/sample3_0.chunk.1_tama.fa.gz",
                "05_GSTAMA_POLYACLEANUP/sample3_0.chunk.1_tama_polya_flnc_report.txt.gz",
                "05_GSTAMA_POLYACLEANUP/sample3_0.chunk.1_tama_tails.fa.gz",
                "05_GSTAMA_POLYACLEANUP/sample3_0.chunk.2_tama.fa.gz",
                "05_GSTAMA_POLYACLEANUP/sample3_0.chunk.2_tama_polya_flnc_report.txt.gz",
                "05_GSTAMA_POLYACLEANUP/sample3_0.chunk.2_tama_tails.fa.gz",
                "06_MINIMAP2",
                "06_MINIMAP2/sample3_0.chunk.1.bam",
                "06_MINIMAP2/sample3_0.chunk.1.bam.bai",
                "06_MINIMAP2/sample3_0.chunk.2.bam",
                "06_MINIMAP2/sample3_0.chunk.2.bam.bai",
                "06_MINIMAP2/sample4_1.chunk.1.bam",
                "06_MINIMAP2/sample4_1.chunk.1.bam.bai",
                "06_MINIMAP2/sample4_1.chunk.2.bam",
                "06_MINIMAP2/sample4_1.chunk.2.bam.bai",
                "06_MINIMAP2/sample4_1.chunk.3.bam",
                "06_MINIMAP2/sample4_1.chunk.3.bam.bai",
                "06_MINIMAP2/sample4_1.chunk.4.bam",
                "06_MINIMAP2/sample4_1.chunk.4.bam.bai",
                "06_MINIMAP2/sample4_1.chunk.5.bam",
                "06_MINIMAP2/sample4_1.chunk.5.bam.bai",
                "07_GSTAMA_COLLAPSE",
                "07_GSTAMA_COLLAPSE/sample3_0.chunk.1_collapsed.bed",
                "07_GSTAMA_COLLAPSE/sample3_0.chunk.1_local_density_error.txt",
                "07_GSTAMA_COLLAPSE/sample3_0.chunk.1_polya.txt",
                "07_GSTAMA_COLLAPSE/sample3_0.chunk.1_read.txt",
                "07_GSTAMA_COLLAPSE/sample3_0.chunk.1_strand_check.txt",
                "07_GSTAMA_COLLAPSE/sample3_0.chunk.1_trans_read.bed",
                "07_GSTAMA_COLLAPSE/sample3_0.chunk.1_trans_report.txt",
                "07_GSTAMA_COLLAPSE/sample3_0.chunk.1_varcov.txt",
                "07_GSTAMA_COLLAPSE/sample3_0.chunk.1_variants.txt",
                "07_GSTAMA_COLLAPSE/sample3_0.chunk.2_collapsed.bed",
                "07_GSTAMA_COLLAPSE/sample3_0.chunk.2_local_density_error.txt",
                "07_GSTAMA_COLLAPSE/sample3_0.chunk.2_polya.txt",
                "07_GSTAMA_COLLAPSE/sample3_0.chunk.2_read.txt",
                "07_GSTAMA_COLLAPSE/sample3_0.chunk.2_strand_check.txt",
                "07_GSTAMA_COLLAPSE/sample3_0.chunk.2_trans_read.bed",
                "07_GSTAMA_COLLAPSE/sample3_0.chunk.2_trans_report.txt",
                "07_GSTAMA_COLLAPSE/sample3_0.chunk.2_varcov.txt",
                "07_GSTAMA_COLLAPSE/sample3_0.chunk.2_variants.txt",
                "07_GSTAMA_COLLAPSE/sample4_1.chunk.1_collapsed.bed",
                "07_GSTAMA_COLLAPSE/sample4_1.chunk.1_local_density_error.txt",
                "07_GSTAMA_COLLAPSE/sample4_1.chunk.1_polya.txt",
                "07_GSTAMA_COLLAPSE/sample4_1.chunk.1_read.txt",
                "07_GSTAMA_COLLAPSE/sample4_1.chunk.1_strand_check.txt",
                "07_GSTAMA_COLLAPSE/sample4_1.chunk.1_trans_read.bed",
                "07_GSTAMA_COLLAPSE/sample4_1.chunk.1_trans_report.txt",
                "07_GSTAMA_COLLAPSE/sample4_1.chunk.1_varcov.txt",
                "07_GSTAMA_COLLAPSE/sample4_1.chunk.1_variants.txt",
                "07_GSTAMA_COLLAPSE/sample4_1.chunk.2_collapsed.bed",
                "07_GSTAMA_COLLAPSE/sample4_1.chunk.2_local_density_error.txt",
                "07_GSTAMA_COLLAPSE/sample4_1.chunk.2_polya.txt",
                "07_GSTAMA_COLLAPSE/sample4_1.chunk.2_read.txt",
                "07_GSTAMA_COLLAPSE/sample4_1.chunk.2_strand_check.txt",
                "07_GSTAMA_COLLAPSE/sample4_1.chunk.2_trans_read.bed",
                "07_GSTAMA_COLLAPSE/sample4_1.chunk.2_trans_report.txt",
                "07_GSTAMA_COLLAPSE/sample4_1.chunk.2_varcov.txt",
                "07_GSTAMA_COLLAPSE/sample4_1.chunk.2_variants.txt",
                "07_GSTAMA_COLLAPSE/sample4_1.chunk.3_collapsed.bed",
                "07_GSTAMA_COLLAPSE/sample4_1.chunk.3_local_density_error.txt",
                "07_GSTAMA_COLLAPSE/sample4_1.chunk.3_polya.txt",
                "07_GSTAMA_COLLAPSE/sample4_1.chunk.3_read.txt",
                "07_GSTAMA_COLLAPSE/sample4_1.chunk.3_strand_check.txt",
                "07_GSTAMA_COLLAPSE/sample4_1.chunk.3_trans_read.bed",
                "07_GSTAMA_COLLAPSE/sample4_1.chunk.3_trans_report.txt",
                "07_GSTAMA_COLLAPSE/sample4_1.chunk.3_varcov.txt",
                "07_GSTAMA_COLLAPSE/sample4_1.chunk.3_variants.txt",
                "07_GSTAMA_COLLAPSE/sample4_1.chunk.4_collapsed.bed",
                "07_GSTAMA_COLLAPSE/sample4_1.chunk.4_local_density_error.txt",
                "07_GSTAMA_COLLAPSE/sample4_1.chunk.4_polya.txt",
                "07_GSTAMA_COLLAPSE/sample4_1.chunk.4_read.txt",
                "07_GSTAMA_COLLAPSE/sample4_1.chunk.4_strand_check.txt",
                "07_GSTAMA_COLLAPSE/sample4_1.chunk.4_trans_read.bed",
                "07_GSTAMA_COLLAPSE/sample4_1.chunk.4_trans_report.txt",
                "07_GSTAMA_COLLAPSE/sample4_1.chunk.4_varcov.txt",
                "07_GSTAMA_COLLAPSE/sample4_1.chunk.4_variants.txt",
                "07_GSTAMA_COLLAPSE/sample4_1.chunk.5_collapsed.bed",
                "07_GSTAMA_COLLAPSE/sample4_1.chunk.5_local_density_error.txt",
                "07_GSTAMA_COLLAPSE/sample4_1.chunk.5_polya.txt",
                "07_GSTAMA_COLLAPSE/sample4_1.chunk.5_read.txt",
                "07_GSTAMA_COLLAPSE/sample4_1.chunk.5_strand_check.txt",
                "07_GSTAMA_COLLAPSE/sample4_1.chunk.5_trans_read.bed",
                "07_GSTAMA_COLLAPSE/sample4_1.chunk.5_trans_report.txt",
                "07_GSTAMA_COLLAPSE/sample4_1.chunk.5_varcov.txt",
                "07_GSTAMA_COLLAPSE/sample4_1.chunk.5_variants.txt",
                "08_GSTAMA_FILELIST",
                "08_GSTAMA_FILELIST/sample3.tsv",
                "08_GSTAMA_FILELIST/sample4.tsv",
                "09_GSTAMA_MERGE",
                "09_GSTAMA_MERGE/sample3.bed",
                "09_GSTAMA_MERGE/sample3_gene_report.txt",
                "09_GSTAMA_MERGE/sample3_merge.txt",
                "09_GSTAMA_MERGE/sample3_trans_report.txt",
                "09_GSTAMA_MERGE/sample4.bed",
                "09_GSTAMA_MERGE/sample4_gene_report.txt",
                "09_GSTAMA_MERGE/sample4_merge.txt",
                "09_GSTAMA_MERGE/sample4_trans_report.txt",
                "multiqc",
                "multiqc/multiqc_data",
                "multiqc/multiqc_data/llms-full.txt",
                "multiqc/multiqc_data/multiqc.log",
                "multiqc/multiqc_data/multiqc.parquet",
                "multiqc/multiqc_data/multiqc_citations.txt",
                "multiqc/multiqc_data/multiqc_data.json",
                "multiqc/multiqc_data/multiqc_software_versions.txt",
                "multiqc/multiqc_data/multiqc_sources.txt",
                "multiqc/multiqc_report.html",
                "pipeline_info",
                "pipeline_info/nf_core_isoseq_software_mqc_versions.yml"
            ],
            [
                "sample3_0.bam:md5,f5476a918c69f1c73a19051353f1bcb4",
                "sample3_0.bam.pbi:md5,afb9a61ed9f3aa3f589af5c48a2f9f45",
                "sample3_0.report.csv:md5,8d350f8dba8c928ec8b693f47dc1c096",
                "sample3_0.fasta:md5,81b607067bac48a5b53281e982acd623",
                "sample3_0.chunk.1_tama.fa.gz:md5,547bcdc2de2cffc24b5fcc1b5a13bb2f",
                "sample3_0.chunk.1_tama_polya_flnc_report.txt.gz:md5,d5181d0e3cd99b207032729e345bec15",
                "sample3_0.chunk.1_tama_tails.fa.gz:md5,db16b89e4737e9a27ca5d8ac7816abba",
                "sample3_0.chunk.2_tama.fa.gz:md5,eeabbdacda87cf5bfa23b530d4e1a838",
                "sample3_0.chunk.2_tama_polya_flnc_report.txt.gz:md5,8e2996f18473044831036113c804b1c3",
                "sample3_0.chunk.2_tama_tails.fa.gz:md5,397d55c45160ffe3a2596a77ec3104f4",
                "sample3_0.chunk.1.bam:md5,4c237fe51abd08a06855deac9d67fff0",
                "sample3_0.chunk.1.bam.bai:md5,93f547858b813e0b80491117175ffb0c",
                "sample3_0.chunk.2.bam:md5,aa743dba9f317b7ec927268c5f441b24",
                "sample3_0.chunk.2.bam.bai:md5,88c8b677b92e09e3a7c997615f3ad978",
                "sample4_1.chunk.1.bam:md5,239c263d7ac96615e397afecc11bee38",
                "sample4_1.chunk.1.bam.bai:md5,dbc0e98e8834e2d2a2335c1aaab6a34f",
                "sample4_1.chunk.2.bam:md5,77bbd83c712b672396dc9f4957c752cb",
                "sample4_1.chunk.2.bam.bai:md5,dd995890d7ab7edf32149b73e45be998",
                "sample4_1.chunk.3.bam:md5,a001cb3de097f7ba3913a86c3004daee",
                "sample4_1.chunk.3.bam.bai:md5,b2f632894ae3a5a3d42ee95016e05b32",
                "sample4_1.chunk.4.bam:md5,c38c7d46e785b20635c37277db4c6a45",
                "sample4_1.chunk.4.bam.bai:md5,2148247009cc920f668900f4327864fd",
                "sample4_1.chunk.5.bam:md5,60605fb0eea16dc05871e6d087cfe210",
                "sample4_1.chunk.5.bam.bai:md5,cd30c54d2bdbc3c1eaf075c119a91fdb",
                "sample3_0.chunk.1_collapsed.bed:md5,33f6bd7b72aa2957bbf0ceffc9ff1b32",
                "sample3_0.chunk.1_local_density_error.txt:md5,bde56c7c2c791918943ea8d6c8c2169a",
                "sample3_0.chunk.1_polya.txt:md5,628ea62b918fc4f31e109f724d714a66",
                "sample3_0.chunk.1_read.txt:md5,f3fd6b182d7255f35339a0507cd55564",
                "sample3_0.chunk.1_strand_check.txt:md5,42cc52b2660b1e0b84e1c9ab37a965ec",
                "sample3_0.chunk.1_trans_read.bed:md5,19cdf0d7d935665da0f96b936c6affc6",
                "sample3_0.chunk.1_trans_report.txt:md5,35610244e9d495e6f5dee1c6ae0580f8",
                "sample3_0.chunk.1_varcov.txt:md5,7b77861fe5e8e953d6d193ace2467e12",
                "sample3_0.chunk.1_variants.txt:md5,a4c518e1dfb7ff762bd7e5c3d7370986",
                "sample3_0.chunk.2_collapsed.bed:md5,33f6bd7b72aa2957bbf0ceffc9ff1b32",
                "sample3_0.chunk.2_local_density_error.txt:md5,50da2e01c5aeb64595e8aba8957a74d7",
                "sample3_0.chunk.2_polya.txt:md5,628ea62b918fc4f31e109f724d714a66",
                "sample3_0.chunk.2_read.txt:md5,e8b06298d18b442a1b5b2fe1d2fb94e0",
                "sample3_0.chunk.2_strand_check.txt:md5,42cc52b2660b1e0b84e1c9ab37a965ec",
                "sample3_0.chunk.2_trans_read.bed:md5,244ba6d15cbf8bd84d6e3b5d005017dd",
                "sample3_0.chunk.2_trans_report.txt:md5,35610244e9d495e6f5dee1c6ae0580f8",
                "sample3_0.chunk.2_varcov.txt:md5,7b77861fe5e8e953d6d193ace2467e12",
                "sample3_0.chunk.2_variants.txt:md5,a4c518e1dfb7ff762bd7e5c3d7370986",
                "sample4_1.chunk.1_collapsed.bed:md5,33f6bd7b72aa2957bbf0ceffc9ff1b32",
                "sample4_1.chunk.1_local_density_error.txt:md5,bde56c7c2c791918943ea8d6c8c2169a",
                "sample4_1.chunk.1_polya.txt:md5,628ea62b918fc4f31e109f724d714a66",
                "sample4_1.chunk.1_read.txt:md5,6ab436fef1e37907f89b19e07bfe3f1d",
                "sample4_1.chunk.1_strand_check.txt:md5,42cc52b2660b1e0b84e1c9ab37a965ec",
                "sample4_1.chunk.1_trans_read.bed:md5,19cdf0d7d935665da0f96b936c6affc6",
                "sample4_1.chunk.1_trans_report.txt:md5,35610244e9d495e6f5dee1c6ae0580f8",
                "sample4_1.chunk.1_varcov.txt:md5,7b77861fe5e8e953d6d193ace2467e12",
                "sample4_1.chunk.1_variants.txt:md5,a4c518e1dfb7ff762bd7e5c3d7370986",
                "sample4_1.chunk.2_collapsed.bed:md5,05f7568e3d2f390e44f9f985b27247e2",
                "sample4_1.chunk.2_local_density_error.txt:md5,7247a67bea9392c73ed5c4288bc66672",
                "sample4_1.chunk.2_polya.txt:md5,434e6f3327bbeecd708dc6cc1edaa118",
                "sample4_1.chunk.2_read.txt:md5,b643a3a994835b5c99e9bfe630aff856",
                "sample4_1.chunk.2_strand_check.txt:md5,42cc52b2660b1e0b84e1c9ab37a965ec",
                "sample4_1.chunk.2_trans_read.bed:md5,928ee441099b8c0d3c44054524603e94",
                "sample4_1.chunk.2_trans_report.txt:md5,e0ae3f827531d7316f9397b4dbdb0667",
                "sample4_1.chunk.2_varcov.txt:md5,7b77861fe5e8e953d6d193ace2467e12",
                "sample4_1.chunk.2_variants.txt:md5,a4c518e1dfb7ff762bd7e5c3d7370986",
                "sample4_1.chunk.3_collapsed.bed:md5,844806f6d1979d68a3b9096267d7bf07",
                "sample4_1.chunk.3_local_density_error.txt:md5,cda740cdf5b59aed316d23d97cccb9f4",
                "sample4_1.chunk.3_polya.txt:md5,f5872c789c84037abd230f3e3053429e",
                "sample4_1.chunk.3_read.txt:md5,d777caedc81cef340943c9e31cff3260",
                "sample4_1.chunk.3_strand_check.txt:md5,42cc52b2660b1e0b84e1c9ab37a965ec",
                "sample4_1.chunk.3_trans_read.bed:md5,c4e132389c86dc844e76f78c3724ed8d",
                "sample4_1.chunk.3_trans_report.txt:md5,eb6a4b39128ce0c19a96b5df9bb00010",
                "sample4_1.chunk.3_varcov.txt:md5,7b77861fe5e8e953d6d193ace2467e12",
                "sample4_1.chunk.3_variants.txt:md5,a4c518e1dfb7ff762bd7e5c3d7370986",
                "sample4_1.chunk.4_collapsed.bed:md5,1abee63ee6b2ecd8a579fd293e9787bb",
                "sample4_1.chunk.4_local_density_error.txt:md5,d35f24d3f83e2513bfd055cf3e438037",
                "sample4_1.chunk.4_polya.txt:md5,9b1bb126d5f3ba8b1605fadec4f28d15",
                "sample4_1.chunk.4_read.txt:md5,c827cfe75cf841613fe213d6d04a393f",
                "sample4_1.chunk.4_strand_check.txt:md5,42cc52b2660b1e0b84e1c9ab37a965ec",
                "sample4_1.chunk.4_trans_read.bed:md5,340aa905ab34937cf34d8434ad00ecc9",
                "sample4_1.chunk.4_trans_report.txt:md5,0c43e570ac23818b1c183d48588deab1",
                "sample4_1.chunk.4_varcov.txt:md5,7b77861fe5e8e953d6d193ace2467e12",
                "sample4_1.chunk.4_variants.txt:md5,a4c518e1dfb7ff762bd7e5c3d7370986",
                "sample4_1.chunk.5_collapsed.bed:md5,1a8baa8613f6bdd0a0fa1ad7c38b7aaa",
                "sample4_1.chunk.5_local_density_error.txt:md5,2a87123d2eb92f00ac730924b19dc2f8",
                "sample4_1.chunk.5_polya.txt:md5,b5e129f170b71a74aae74120730ffdb1",
                "sample4_1.chunk.5_read.txt:md5,ba943648c22434ac8ab663bb5ce2408e",
                "sample4_1.chunk.5_strand_check.txt:md5,42cc52b2660b1e0b84e1c9ab37a965ec",
                "sample4_1.chunk.5_trans_read.bed:md5,6f43624e2fad10e896ecd93011ae92ae",
                "sample4_1.chunk.5_trans_report.txt:md5,5d6c4748d0b86d7b29cdf0d1f3e3cdf5",
                "sample4_1.chunk.5_varcov.txt:md5,7b77861fe5e8e953d6d193ace2467e12",
                "sample4_1.chunk.5_variants.txt:md5,a4c518e1dfb7ff762bd7e5c3d7370986",
                "sample3.tsv:md5,13594e213bd42a105685200e9d4afbfa",
                "sample4.tsv:md5,a39cb9f60a457b556d93fe0c93d4323d",
                "sample3.bed:md5,2376959ce39530c95f0782741d058662",
                "sample3_gene_report.txt:md5,9fc021aed668882970918e34c80f33a5",
                "sample3_merge.txt:md5,4d9f5af63bf3cbeec576b19fdaddfa56",
                "sample3_trans_report.txt:md5,166e969a66faeb156a59250cc2c1d228",
                "sample4.bed:md5,4928c5cc59c23dd25486a22a9a5e9bed",
                "sample4_gene_report.txt:md5,d8987c8661b20036f172062a0c1f598c",
                "sample4_merge.txt:md5,be50affd437d4421c14e7b08c4b93a43",
                "sample4_trans_report.txt:md5,c9318ad84afb393ce6fc27f258204c5f",
                "multiqc_citations.txt:md5,4c806e63a283ec1b7e78cdae3a923d4f"
            ]
        ],
        "meta": {
            "nf-test": "0.9.3",
            "nextflow": "25.10.0"
        },
        "timestamp": "2025-11-11T14:36:37.100713428"
    }
}