{
    "-profile test_inputs_ccs": {
        "content": [
            {
                "BAMTOOLS_CONVERT": {
                    "bamtools": "2.5.2"
                },
                "GSTAMA_COLLAPSE": {
                    "gstama": 20211103
                },
                "GSTAMA_MERGE": {
                    "gstama": "0.0.1"
                },
                "GSTAMA_POLYACLEANUP": {
                    "gstama": 20211103
                },
                "ISOSEQ_REFINE": {
                    "isoseq": "4.0.0"
                },
                "LIMA": {
                    "lima": "2.12.0"
                },
                "MINIMAP2_ALIGN": {
                    "minimap2": "2.29-r1283",
                    "samtools": 1.21
                },
                "PBCCS": {
                    "pbccs": "6.4.0"
                }
            },
            [
                "01_PBCCS",
                "01_PBCCS/sample1_0.chunk1.bam",
                "01_PBCCS/sample1_0.chunk1.bam.pbi",
                "01_PBCCS/sample1_0.chunk1.metrics.json.gz",
                "01_PBCCS/sample1_0.chunk1.report.json",
                "01_PBCCS/sample1_0.chunk1.report.txt",
                "01_PBCCS/sample1_0.chunk2.bam",
                "01_PBCCS/sample1_0.chunk2.bam.pbi",
                "01_PBCCS/sample1_0.chunk2.metrics.json.gz",
                "01_PBCCS/sample1_0.chunk2.report.json",
                "01_PBCCS/sample1_0.chunk2.report.txt",
                "01_PBCCS/sample1_0.chunk3.bam",
                "01_PBCCS/sample1_0.chunk3.bam.pbi",
                "01_PBCCS/sample1_0.chunk3.metrics.json.gz",
                "01_PBCCS/sample1_0.chunk3.report.json",
                "01_PBCCS/sample1_0.chunk3.report.txt",
                "01_PBCCS/sample1_0.chunk4.bam",
                "01_PBCCS/sample1_0.chunk4.bam.pbi",
                "01_PBCCS/sample1_0.chunk4.metrics.json.gz",
                "01_PBCCS/sample1_0.chunk4.report.json",
                "01_PBCCS/sample1_0.chunk4.report.txt",
                "01_PBCCS/sample1_0.chunk5.bam",
                "01_PBCCS/sample1_0.chunk5.bam.pbi",
                "01_PBCCS/sample1_0.chunk5.metrics.json.gz",
                "01_PBCCS/sample1_0.chunk5.report.json",
                "01_PBCCS/sample1_0.chunk5.report.txt",
                "02_LIMA",
                "02_LIMA/sample1_0.chunk1_flnc.NEB_5p--NEB_Clontech_3p.bam",
                "02_LIMA/sample1_0.chunk1_flnc.NEB_5p--NEB_Clontech_3p.bam.pbi",
                "02_LIMA/sample1_0.chunk1_flnc.NEB_5p--NEB_Clontech_3p.consensusreadset.xml",
                "02_LIMA/sample1_0.chunk1_flnc.consensusreadset.xml",
                "02_LIMA/sample1_0.chunk1_flnc.json",
                "02_LIMA/sample1_0.chunk1_flnc.lima.clips",
                "02_LIMA/sample1_0.chunk1_flnc.lima.counts",
                "02_LIMA/sample1_0.chunk1_flnc.lima.guess",
                "02_LIMA/sample1_0.chunk1_flnc.lima.report",
                "02_LIMA/sample1_0.chunk1_flnc.lima.summary",
                "02_LIMA/sample1_0.chunk2_flnc.NEB_5p--NEB_Clontech_3p.bam",
                "02_LIMA/sample1_0.chunk2_flnc.NEB_5p--NEB_Clontech_3p.bam.pbi",
                "02_LIMA/sample1_0.chunk2_flnc.NEB_5p--NEB_Clontech_3p.consensusreadset.xml",
                "02_LIMA/sample1_0.chunk2_flnc.consensusreadset.xml",
                "02_LIMA/sample1_0.chunk2_flnc.json",
                "02_LIMA/sample1_0.chunk2_flnc.lima.clips",
                "02_LIMA/sample1_0.chunk2_flnc.lima.counts",
                "02_LIMA/sample1_0.chunk2_flnc.lima.guess",
                "02_LIMA/sample1_0.chunk2_flnc.lima.report",
                "02_LIMA/sample1_0.chunk2_flnc.lima.summary",
                "02_LIMA/sample1_0.chunk3_flnc.NEB_5p--NEB_Clontech_3p.bam",
                "02_LIMA/sample1_0.chunk3_flnc.NEB_5p--NEB_Clontech_3p.bam.pbi",
                "02_LIMA/sample1_0.chunk3_flnc.NEB_5p--NEB_Clontech_3p.consensusreadset.xml",
                "02_LIMA/sample1_0.chunk3_flnc.consensusreadset.xml",
                "02_LIMA/sample1_0.chunk3_flnc.json",
                "02_LIMA/sample1_0.chunk3_flnc.lima.clips",
                "02_LIMA/sample1_0.chunk3_flnc.lima.counts",
                "02_LIMA/sample1_0.chunk3_flnc.lima.guess",
                "02_LIMA/sample1_0.chunk3_flnc.lima.report",
                "02_LIMA/sample1_0.chunk3_flnc.lima.summary",
                "02_LIMA/sample1_0.chunk4_flnc.NEB_5p--NEB_Clontech_3p.bam",
                "02_LIMA/sample1_0.chunk4_flnc.NEB_5p--NEB_Clontech_3p.bam.pbi",
                "02_LIMA/sample1_0.chunk4_flnc.NEB_5p--NEB_Clontech_3p.consensusreadset.xml",
                "02_LIMA/sample1_0.chunk4_flnc.consensusreadset.xml",
                "02_LIMA/sample1_0.chunk4_flnc.json",
                "02_LIMA/sample1_0.chunk4_flnc.lima.clips",
                "02_LIMA/sample1_0.chunk4_flnc.lima.counts",
                "02_LIMA/sample1_0.chunk4_flnc.lima.guess",
                "02_LIMA/sample1_0.chunk4_flnc.lima.report",
                "02_LIMA/sample1_0.chunk4_flnc.lima.summary",
                "02_LIMA/sample1_0.chunk5_flnc.NEB_5p--NEB_Clontech_3p.bam",
                "02_LIMA/sample1_0.chunk5_flnc.NEB_5p--NEB_Clontech_3p.bam.pbi",
                "02_LIMA/sample1_0.chunk5_flnc.NEB_5p--NEB_Clontech_3p.consensusreadset.xml",
                "02_LIMA/sample1_0.chunk5_flnc.consensusreadset.xml",
                "02_LIMA/sample1_0.chunk5_flnc.json",
                "02_LIMA/sample1_0.chunk5_flnc.lima.clips",
                "02_LIMA/sample1_0.chunk5_flnc.lima.counts",
                "02_LIMA/sample1_0.chunk5_flnc.lima.guess",
                "02_LIMA/sample1_0.chunk5_flnc.lima.report",
                "02_LIMA/sample1_0.chunk5_flnc.lima.summary",
                "03_ISOSEQ_REFINE",
                "03_ISOSEQ_REFINE/sample1_0.chunk1.bam",
                "03_ISOSEQ_REFINE/sample1_0.chunk1.bam.pbi",
                "03_ISOSEQ_REFINE/sample1_0.chunk1.consensusreadset.xml",
                "03_ISOSEQ_REFINE/sample1_0.chunk1.filter_summary.report.json",
                "03_ISOSEQ_REFINE/sample1_0.chunk1.report.csv",
                "03_ISOSEQ_REFINE/sample1_0.chunk2.bam",
                "03_ISOSEQ_REFINE/sample1_0.chunk2.bam.pbi",
                "03_ISOSEQ_REFINE/sample1_0.chunk2.consensusreadset.xml",
                "03_ISOSEQ_REFINE/sample1_0.chunk2.filter_summary.report.json",
                "03_ISOSEQ_REFINE/sample1_0.chunk2.report.csv",
                "03_ISOSEQ_REFINE/sample1_0.chunk3.bam",
                "03_ISOSEQ_REFINE/sample1_0.chunk3.bam.pbi",
                "03_ISOSEQ_REFINE/sample1_0.chunk3.consensusreadset.xml",
                "03_ISOSEQ_REFINE/sample1_0.chunk3.filter_summary.report.json",
                "03_ISOSEQ_REFINE/sample1_0.chunk3.report.csv",
                "03_ISOSEQ_REFINE/sample1_0.chunk4.bam",
                "03_ISOSEQ_REFINE/sample1_0.chunk4.bam.pbi",
                "03_ISOSEQ_REFINE/sample1_0.chunk4.consensusreadset.xml",
                "03_ISOSEQ_REFINE/sample1_0.chunk4.filter_summary.report.json",
                "03_ISOSEQ_REFINE/sample1_0.chunk4.report.csv",
                "03_ISOSEQ_REFINE/sample1_0.chunk5.bam",
                "03_ISOSEQ_REFINE/sample1_0.chunk5.bam.pbi",
                "03_ISOSEQ_REFINE/sample1_0.chunk5.consensusreadset.xml",
                "03_ISOSEQ_REFINE/sample1_0.chunk5.filter_summary.report.json",
                "03_ISOSEQ_REFINE/sample1_0.chunk5.report.csv",
                "04_BAMTOOLS_CONVERT",
                "04_BAMTOOLS_CONVERT/sample1_0.chunk1.fasta",
                "04_BAMTOOLS_CONVERT/sample1_0.chunk2.fasta",
                "04_BAMTOOLS_CONVERT/sample1_0.chunk3.fasta",
                "04_BAMTOOLS_CONVERT/sample1_0.chunk4.fasta",
                "04_BAMTOOLS_CONVERT/sample1_0.chunk5.fasta",
                "05_GSTAMA_POLYACLEANUP",
                "05_GSTAMA_POLYACLEANUP/sample1_0.chunk1_tama.fa.gz",
                "05_GSTAMA_POLYACLEANUP/sample1_0.chunk1_tama_polya_flnc_report.txt.gz",
                "05_GSTAMA_POLYACLEANUP/sample1_0.chunk1_tama_tails.fa.gz",
                "05_GSTAMA_POLYACLEANUP/sample1_0.chunk2_tama.fa.gz",
                "05_GSTAMA_POLYACLEANUP/sample1_0.chunk2_tama_polya_flnc_report.txt.gz",
                "05_GSTAMA_POLYACLEANUP/sample1_0.chunk2_tama_tails.fa.gz",
                "05_GSTAMA_POLYACLEANUP/sample1_0.chunk3_tama.fa.gz",
                "05_GSTAMA_POLYACLEANUP/sample1_0.chunk3_tama_polya_flnc_report.txt.gz",
                "05_GSTAMA_POLYACLEANUP/sample1_0.chunk3_tama_tails.fa.gz",
                "05_GSTAMA_POLYACLEANUP/sample1_0.chunk4_tama.fa.gz",
                "05_GSTAMA_POLYACLEANUP/sample1_0.chunk4_tama_polya_flnc_report.txt.gz",
                "05_GSTAMA_POLYACLEANUP/sample1_0.chunk4_tama_tails.fa.gz",
                "05_GSTAMA_POLYACLEANUP/sample1_0.chunk5_tama.fa.gz",
                "05_GSTAMA_POLYACLEANUP/sample1_0.chunk5_tama_polya_flnc_report.txt.gz",
                "05_GSTAMA_POLYACLEANUP/sample1_0.chunk5_tama_tails.fa.gz",
                "06_MINIMAP2",
                "06_MINIMAP2/sample1_0.chunk1.bam",
                "06_MINIMAP2/sample1_0.chunk1.bam.bai",
                "06_MINIMAP2/sample1_0.chunk2.bam",
                "06_MINIMAP2/sample1_0.chunk2.bam.bai",
                "06_MINIMAP2/sample1_0.chunk3.bam",
                "06_MINIMAP2/sample1_0.chunk3.bam.bai",
                "06_MINIMAP2/sample1_0.chunk4.bam",
                "06_MINIMAP2/sample1_0.chunk4.bam.bai",
                "06_MINIMAP2/sample1_0.chunk5.bam",
                "06_MINIMAP2/sample1_0.chunk5.bam.bai",
                "07_GSTAMA_COLLAPSE",
                "07_GSTAMA_COLLAPSE/sample1_0.chunk1_collapsed.bed",
                "07_GSTAMA_COLLAPSE/sample1_0.chunk1_local_density_error.txt",
                "07_GSTAMA_COLLAPSE/sample1_0.chunk1_polya.txt",
                "07_GSTAMA_COLLAPSE/sample1_0.chunk1_read.txt",
                "07_GSTAMA_COLLAPSE/sample1_0.chunk1_strand_check.txt",
                "07_GSTAMA_COLLAPSE/sample1_0.chunk1_trans_read.bed",
                "07_GSTAMA_COLLAPSE/sample1_0.chunk1_trans_report.txt",
                "07_GSTAMA_COLLAPSE/sample1_0.chunk1_varcov.txt",
                "07_GSTAMA_COLLAPSE/sample1_0.chunk1_variants.txt",
                "07_GSTAMA_COLLAPSE/sample1_0.chunk2_collapsed.bed",
                "07_GSTAMA_COLLAPSE/sample1_0.chunk2_local_density_error.txt",
                "07_GSTAMA_COLLAPSE/sample1_0.chunk2_polya.txt",
                "07_GSTAMA_COLLAPSE/sample1_0.chunk2_read.txt",
                "07_GSTAMA_COLLAPSE/sample1_0.chunk2_strand_check.txt",
                "07_GSTAMA_COLLAPSE/sample1_0.chunk2_trans_read.bed",
                "07_GSTAMA_COLLAPSE/sample1_0.chunk2_trans_report.txt",
                "07_GSTAMA_COLLAPSE/sample1_0.chunk2_varcov.txt",
                "07_GSTAMA_COLLAPSE/sample1_0.chunk2_variants.txt",
                "07_GSTAMA_COLLAPSE/sample1_0.chunk3_collapsed.bed",
                "07_GSTAMA_COLLAPSE/sample1_0.chunk3_local_density_error.txt",
                "07_GSTAMA_COLLAPSE/sample1_0.chunk3_polya.txt",
                "07_GSTAMA_COLLAPSE/sample1_0.chunk3_read.txt",
                "07_GSTAMA_COLLAPSE/sample1_0.chunk3_strand_check.txt",
                "07_GSTAMA_COLLAPSE/sample1_0.chunk3_trans_read.bed",
                "07_GSTAMA_COLLAPSE/sample1_0.chunk3_trans_report.txt",
                "07_GSTAMA_COLLAPSE/sample1_0.chunk3_varcov.txt",
                "07_GSTAMA_COLLAPSE/sample1_0.chunk3_variants.txt",
                "07_GSTAMA_COLLAPSE/sample1_0.chunk4_collapsed.bed",
                "07_GSTAMA_COLLAPSE/sample1_0.chunk4_local_density_error.txt",
                "07_GSTAMA_COLLAPSE/sample1_0.chunk4_polya.txt",
                "07_GSTAMA_COLLAPSE/sample1_0.chunk4_read.txt",
                "07_GSTAMA_COLLAPSE/sample1_0.chunk4_strand_check.txt",
                "07_GSTAMA_COLLAPSE/sample1_0.chunk4_trans_read.bed",
                "07_GSTAMA_COLLAPSE/sample1_0.chunk4_trans_report.txt",
                "07_GSTAMA_COLLAPSE/sample1_0.chunk4_varcov.txt",
                "07_GSTAMA_COLLAPSE/sample1_0.chunk4_variants.txt",
                "07_GSTAMA_COLLAPSE/sample1_0.chunk5_collapsed.bed",
                "07_GSTAMA_COLLAPSE/sample1_0.chunk5_local_density_error.txt",
                "07_GSTAMA_COLLAPSE/sample1_0.chunk5_polya.txt",
                "07_GSTAMA_COLLAPSE/sample1_0.chunk5_read.txt",
                "07_GSTAMA_COLLAPSE/sample1_0.chunk5_strand_check.txt",
                "07_GSTAMA_COLLAPSE/sample1_0.chunk5_trans_read.bed",
                "07_GSTAMA_COLLAPSE/sample1_0.chunk5_trans_report.txt",
                "07_GSTAMA_COLLAPSE/sample1_0.chunk5_varcov.txt",
                "07_GSTAMA_COLLAPSE/sample1_0.chunk5_variants.txt",
                "08_GSTAMA_FILELIST",
                "08_GSTAMA_FILELIST/sample1.tsv",
                "09_GSTAMA_MERGE",
                "09_GSTAMA_MERGE/sample1.bed",
                "09_GSTAMA_MERGE/sample1_gene_report.txt",
                "09_GSTAMA_MERGE/sample1_merge.txt",
                "09_GSTAMA_MERGE/sample1_trans_report.txt",
                "multiqc",
                "multiqc/multiqc_data",
                "multiqc/multiqc_data/ccs-filter-graph.txt",
                "multiqc/multiqc_data/lima-filter-graph.txt",
                "multiqc/multiqc_data/llms-full.txt",
                "multiqc/multiqc_data/multiqc.log",
                "multiqc/multiqc_data/multiqc.parquet",
                "multiqc/multiqc_data/multiqc_ccs_report.txt",
                "multiqc/multiqc_data/multiqc_citations.txt",
                "multiqc/multiqc_data/multiqc_data.json",
                "multiqc/multiqc_data/multiqc_general_stats.txt",
                "multiqc/multiqc_data/multiqc_lima_counts.txt",
                "multiqc/multiqc_data/multiqc_lima_summary.txt",
                "multiqc/multiqc_data/multiqc_software_versions.txt",
                "multiqc/multiqc_data/multiqc_sources.txt",
                "multiqc/multiqc_plots",
                "multiqc/multiqc_plots/pdf",
                "multiqc/multiqc_plots/pdf/ccs-filter-graph-cnt.pdf",
                "multiqc/multiqc_plots/pdf/ccs-filter-graph-log.pdf",
                "multiqc/multiqc_plots/pdf/ccs-filter-graph-pct-log.pdf",
                "multiqc/multiqc_plots/pdf/ccs-filter-graph-pct.pdf",
                "multiqc/multiqc_plots/pdf/lima-filter-graph-cnt.pdf",
                "multiqc/multiqc_plots/pdf/lima-filter-graph-pct.pdf",
                "multiqc/multiqc_plots/pdf/multiqc_lima_counts.pdf",
                "multiqc/multiqc_plots/png",
                "multiqc/multiqc_plots/png/ccs-filter-graph-cnt.png",
                "multiqc/multiqc_plots/png/ccs-filter-graph-log.png",
                "multiqc/multiqc_plots/png/ccs-filter-graph-pct-log.png",
                "multiqc/multiqc_plots/png/ccs-filter-graph-pct.png",
                "multiqc/multiqc_plots/png/lima-filter-graph-cnt.png",
                "multiqc/multiqc_plots/png/lima-filter-graph-pct.png",
                "multiqc/multiqc_plots/png/multiqc_lima_counts.png",
                "multiqc/multiqc_plots/svg",
                "multiqc/multiqc_plots/svg/ccs-filter-graph-cnt.svg",
                "multiqc/multiqc_plots/svg/ccs-filter-graph-log.svg",
                "multiqc/multiqc_plots/svg/ccs-filter-graph-pct-log.svg",
                "multiqc/multiqc_plots/svg/ccs-filter-graph-pct.svg",
                "multiqc/multiqc_plots/svg/lima-filter-graph-cnt.svg",
                "multiqc/multiqc_plots/svg/lima-filter-graph-pct.svg",
                "multiqc/multiqc_plots/svg/multiqc_lima_counts.svg",
                "multiqc/multiqc_report.html",
                "pipeline_info",
                "pipeline_info/nf_core_isoseq_software_mqc_versions.yml"
            ],
            [
                "sample1_0.chunk1.bam:md5,48a06b485a0404f08f10c58eba01e43c",
                "sample1_0.chunk1.bam.pbi:md5,99f47d228b98c2b94c24d74d47104d3c",
                "sample1_0.chunk1.report.txt:md5,5e2f87fae296a25c6135ca66fe34b371",
                "sample1_0.chunk2.bam:md5,1d79bf4d20964ec17de830d40b3bea92",
                "sample1_0.chunk2.bam.pbi:md5,bb903ad2f6a8802a84dbbd428c59ad14",
                "sample1_0.chunk2.report.txt:md5,4160e01a1516a67d6b023216c4aa3e78",
                "sample1_0.chunk3.bam:md5,99d0e30cfa32842fb4cf6b986cef7886",
                "sample1_0.chunk3.bam.pbi:md5,4f811a1688870c272ddb0ac599da7afd",
                "sample1_0.chunk3.report.txt:md5,48fdb9fdc1a8605094174fd255d55319",
                "sample1_0.chunk4.bam:md5,abe7f47e0d3db25e361abbccb4f2a768",
                "sample1_0.chunk4.bam.pbi:md5,0193629d8ce1c5d223f8a827fec3103a",
                "sample1_0.chunk4.report.txt:md5,4f586f8642858074e802d9b19c5b9872",
                "sample1_0.chunk5.bam:md5,bd869e615a505ccbf977b08aa8dd3a80",
                "sample1_0.chunk5.bam.pbi:md5,ff2f347c97451b1582e210b6a41c3ae9",
                "sample1_0.chunk5.report.txt:md5,a8dddb323068b43935cb7ccae165c373",
                "sample1_0.chunk1_flnc.NEB_5p--NEB_Clontech_3p.bam:md5,dcb2cf39f92d1d24769b4be138799086",
                "sample1_0.chunk1_flnc.NEB_5p--NEB_Clontech_3p.bam.pbi:md5,eef826677543ae5713de3213521e9e60",
                "sample1_0.chunk1_flnc.lima.clips:md5,454496196732c3f4880d7f8996b52892",
                "sample1_0.chunk1_flnc.lima.counts:md5,01bd4f886883d97a723ac130516126ef",
                "sample1_0.chunk1_flnc.lima.guess:md5,5a2ed97558c76fbfc42f6132512dac96",
                "sample1_0.chunk1_flnc.lima.report:md5,6238b8b855d29d8bdf3be414f50ef5e1",
                "sample1_0.chunk1_flnc.lima.summary:md5,574763ef859d52867dc7c6335e7d723a",
                "sample1_0.chunk2_flnc.NEB_5p--NEB_Clontech_3p.bam:md5,c18b2cfbde6a1a9c1bd80556cfed2e76",
                "sample1_0.chunk2_flnc.NEB_5p--NEB_Clontech_3p.bam.pbi:md5,f5c93b964437f8145bfb76fb689b9f4d",
                "sample1_0.chunk2_flnc.lima.clips:md5,d6df63c3e3234ae443bc8713092ffb98",
                "sample1_0.chunk2_flnc.lima.counts:md5,8e9699fa9f37c7c3c57c1eb92ea687b3",
                "sample1_0.chunk2_flnc.lima.guess:md5,e6a608f7ad88a5977f37f378a7a1affb",
                "sample1_0.chunk2_flnc.lima.report:md5,548df65673730979dd840eaa1a3f07ea",
                "sample1_0.chunk2_flnc.lima.summary:md5,c258654f45e0be1aa1bc8f42c7fb2a4d",
                "sample1_0.chunk3_flnc.NEB_5p--NEB_Clontech_3p.bam:md5,a20f202784935c72b13ad144c4a9f8e2",
                "sample1_0.chunk3_flnc.NEB_5p--NEB_Clontech_3p.bam.pbi:md5,eefd71b0d91a110bd59e7da537c78594",
                "sample1_0.chunk3_flnc.lima.clips:md5,d1fde602e417a5e3736e2cc99483fe12",
                "sample1_0.chunk3_flnc.lima.counts:md5,d1991b775c90482e41f2706c20277c8f",
                "sample1_0.chunk3_flnc.lima.guess:md5,8c88e61dbe378bb2e970e1c29cd3c4c1",
                "sample1_0.chunk3_flnc.lima.report:md5,48ef78d4b532addb48e4903924df5447",
                "sample1_0.chunk3_flnc.lima.summary:md5,365c6ebbeecec1ad1309ded9cf480272",
                "sample1_0.chunk4_flnc.NEB_5p--NEB_Clontech_3p.bam:md5,6e631ed9275a354e9db5346079993a83",
                "sample1_0.chunk4_flnc.NEB_5p--NEB_Clontech_3p.bam.pbi:md5,feef4bffeb5f3e492d2ef75c06ca2260",
                "sample1_0.chunk4_flnc.lima.clips:md5,633d02e7df637ddef9d5769ee7523639",
                "sample1_0.chunk4_flnc.lima.counts:md5,96aebefa4474767d7031e39d95a4d1c0",
                "sample1_0.chunk4_flnc.lima.guess:md5,374642ac513d7216f80c1d5a03b4c7b7",
                "sample1_0.chunk4_flnc.lima.report:md5,1643f293c8d4f547e3182b2428d92ccb",
                "sample1_0.chunk4_flnc.lima.summary:md5,fd432c63d1d5806d77c5092e366260ca",
                "sample1_0.chunk5_flnc.NEB_5p--NEB_Clontech_3p.bam:md5,a4b153a505ebe9491bc94a64c1dd65d1",
                "sample1_0.chunk5_flnc.NEB_5p--NEB_Clontech_3p.bam.pbi:md5,80f011eacaa234d23407f5997a778c2b",
                "sample1_0.chunk5_flnc.lima.clips:md5,ab0d851c6bae9ba9cf84a27d50fbba20",
                "sample1_0.chunk5_flnc.lima.counts:md5,2cd73105100cc69258a7431a5f5658a4",
                "sample1_0.chunk5_flnc.lima.guess:md5,08fdcaf443f65132f8ae831309dc713b",
                "sample1_0.chunk5_flnc.lima.report:md5,b98c98088e3e59765ad93aabe304e62d",
                "sample1_0.chunk5_flnc.lima.summary:md5,77bdbf2e0bce1597c974746aa1222df5",
                "sample1_0.chunk1.bam:md5,70ccbae1bfb2c5151ae01892d1040515",
                "sample1_0.chunk1.bam.pbi:md5,075844de75d07585438c8d87ca33c48d",
                "sample1_0.chunk1.report.csv:md5,44eeeb49c3f86a52f40ffbd8320e3a06",
                "sample1_0.chunk2.bam:md5,bd85730ba75d3cb42dc318e09f62c453",
                "sample1_0.chunk2.bam.pbi:md5,0cf113907eb46d6fea3e0609fbe4b3a8",
                "sample1_0.chunk2.report.csv:md5,3c000f3c2dceccec8e68e2101ccb29a0",
                "sample1_0.chunk3.bam:md5,68b1cdb5e71372b158bfccbf8ae86157",
                "sample1_0.chunk3.bam.pbi:md5,75f2d0541d4c3c63775f006065249e5c",
                "sample1_0.chunk3.report.csv:md5,3f71153a4389c184848fbf9076dedfca",
                "sample1_0.chunk4.bam:md5,633b6773d7d78af7d206c8790e68f6a2",
                "sample1_0.chunk4.bam.pbi:md5,8e4d1255cd4c09280efb0f4ce29e2a9b",
                "sample1_0.chunk4.report.csv:md5,10438a332df3673df211529f3b55a635",
                "sample1_0.chunk5.bam:md5,bc960b8b357156a0d1ff870c4afb26c8",
                "sample1_0.chunk5.bam.pbi:md5,1ee46b52dcf1ff0c1ba34b1331b349d1",
                "sample1_0.chunk5.report.csv:md5,7dbdca744ba863b362410c4fb0fbb6ab",
                "sample1_0.chunk1.fasta:md5,32d548c6d7840dccf2542194aed84aee",
                "sample1_0.chunk2.fasta:md5,e59d9e3cc7163e0a7ba5f93f9a91a894",
                "sample1_0.chunk3.fasta:md5,6b7855f3ed392e3ea313d1fe732cfacf",
                "sample1_0.chunk4.fasta:md5,b955c90a945211d89e03069a751aed43",
                "sample1_0.chunk5.fasta:md5,0e126b8c3002e5fa600ef48732fa6183",
                "sample1_0.chunk1_tama.fa.gz:md5,123d1c8aa61372b00708bf187525a7e8",
                "sample1_0.chunk1_tama_polya_flnc_report.txt.gz:md5,6a47612bcb322b4a5e33f55d52c683f2",
                "sample1_0.chunk1_tama_tails.fa.gz:md5,b5265bd73fb2e18d3642e271caf81f38",
                "sample1_0.chunk2_tama.fa.gz:md5,1124febf474adbbb35051e091199b74a",
                "sample1_0.chunk2_tama_polya_flnc_report.txt.gz:md5,dd8fc1193f0269bc000c005c445245ef",
                "sample1_0.chunk2_tama_tails.fa.gz:md5,e1dddbef670a07cc9a6f37269c474aa1",
                "sample1_0.chunk3_tama.fa.gz:md5,5c831ec6cfb2061fc5e158c524689947",
                "sample1_0.chunk3_tama_polya_flnc_report.txt.gz:md5,81accd783a26ce65839b56b1b75ad1c7",
                "sample1_0.chunk3_tama_tails.fa.gz:md5,8182e5590ec98c390f20b2a4812bd608",
                "sample1_0.chunk4_tama.fa.gz:md5,5e2b0b58badab17820a2823261f62a4e",
                "sample1_0.chunk4_tama_polya_flnc_report.txt.gz:md5,aeeee9ec5e28c503ff485160de11c7e1",
                "sample1_0.chunk4_tama_tails.fa.gz:md5,725faa67458d60450123fd5837083e4e",
                "sample1_0.chunk5_tama.fa.gz:md5,098f3846cf39d3d7b5b1f2e2a8269778",
                "sample1_0.chunk5_tama_polya_flnc_report.txt.gz:md5,e1ab002d18f3e66637354e605bf0230d",
                "sample1_0.chunk5_tama_tails.fa.gz:md5,63aa1ecd22740aa311500f4f537a0082",
                "sample1_0.chunk1.bam:md5,cb23da165bc855dce45d9ed6ea2ad7c4",
                "sample1_0.chunk1.bam.bai:md5,7ba72d8bba4a966a1c6a57c6f64ace87",
                "sample1_0.chunk2.bam:md5,6c05d165d1a14a4fe333bb717dfe3017",
                "sample1_0.chunk2.bam.bai:md5,16884a9ac85f5d387ed050fc7d9c372b",
                "sample1_0.chunk3.bam:md5,789bc3b4ce52e307d1ed259cea6a9939",
                "sample1_0.chunk3.bam.bai:md5,08e6a98c7eef2f0c416ee15a8ed350f4",
                "sample1_0.chunk4.bam:md5,52375dacc5b439e6ab77ff663ecfbcee",
                "sample1_0.chunk4.bam.bai:md5,64bc75d45abe42c2e2324dd60a48260c",
                "sample1_0.chunk5.bam:md5,b92ef80f819b8dfd988639f9655ba871",
                "sample1_0.chunk5.bam.bai:md5,9cb90a9e1f74a5c6fc1a913598556000",
                "sample1_0.chunk1_collapsed.bed:md5,33f6bd7b72aa2957bbf0ceffc9ff1b32",
                "sample1_0.chunk1_local_density_error.txt:md5,bde56c7c2c791918943ea8d6c8c2169a",
                "sample1_0.chunk1_polya.txt:md5,628ea62b918fc4f31e109f724d714a66",
                "sample1_0.chunk1_read.txt:md5,bd4b21ad8ac7b2bec993b7b72501c2ab",
                "sample1_0.chunk1_strand_check.txt:md5,42cc52b2660b1e0b84e1c9ab37a965ec",
                "sample1_0.chunk1_trans_read.bed:md5,19cdf0d7d935665da0f96b936c6affc6",
                "sample1_0.chunk1_trans_report.txt:md5,35610244e9d495e6f5dee1c6ae0580f8",
                "sample1_0.chunk1_varcov.txt:md5,7b77861fe5e8e953d6d193ace2467e12",
                "sample1_0.chunk1_variants.txt:md5,a4c518e1dfb7ff762bd7e5c3d7370986",
                "sample1_0.chunk2_collapsed.bed:md5,05f7568e3d2f390e44f9f985b27247e2",
                "sample1_0.chunk2_local_density_error.txt:md5,7247a67bea9392c73ed5c4288bc66672",
                "sample1_0.chunk2_polya.txt:md5,434e6f3327bbeecd708dc6cc1edaa118",
                "sample1_0.chunk2_read.txt:md5,4ae8757dedd0f8cfb7c922dd7589a4f2",
                "sample1_0.chunk2_strand_check.txt:md5,42cc52b2660b1e0b84e1c9ab37a965ec",
                "sample1_0.chunk2_trans_read.bed:md5,928ee441099b8c0d3c44054524603e94",
                "sample1_0.chunk2_trans_report.txt:md5,e0ae3f827531d7316f9397b4dbdb0667",
                "sample1_0.chunk2_varcov.txt:md5,7b77861fe5e8e953d6d193ace2467e12",
                "sample1_0.chunk2_variants.txt:md5,a4c518e1dfb7ff762bd7e5c3d7370986",
                "sample1_0.chunk3_collapsed.bed:md5,844806f6d1979d68a3b9096267d7bf07",
                "sample1_0.chunk3_local_density_error.txt:md5,cda740cdf5b59aed316d23d97cccb9f4",
                "sample1_0.chunk3_polya.txt:md5,f5872c789c84037abd230f3e3053429e",
                "sample1_0.chunk3_read.txt:md5,3a2c866905dfcdb140e86340a95d90d2",
                "sample1_0.chunk3_strand_check.txt:md5,42cc52b2660b1e0b84e1c9ab37a965ec",
                "sample1_0.chunk3_trans_read.bed:md5,c4e132389c86dc844e76f78c3724ed8d",
                "sample1_0.chunk3_trans_report.txt:md5,eb6a4b39128ce0c19a96b5df9bb00010",
                "sample1_0.chunk3_varcov.txt:md5,7b77861fe5e8e953d6d193ace2467e12",
                "sample1_0.chunk3_variants.txt:md5,a4c518e1dfb7ff762bd7e5c3d7370986",
                "sample1_0.chunk4_collapsed.bed:md5,1abee63ee6b2ecd8a579fd293e9787bb",
                "sample1_0.chunk4_local_density_error.txt:md5,d35f24d3f83e2513bfd055cf3e438037",
                "sample1_0.chunk4_polya.txt:md5,9b1bb126d5f3ba8b1605fadec4f28d15",
                "sample1_0.chunk4_read.txt:md5,e8eb42852f61205870f89e015a2f987e",
                "sample1_0.chunk4_strand_check.txt:md5,42cc52b2660b1e0b84e1c9ab37a965ec",
                "sample1_0.chunk4_trans_read.bed:md5,340aa905ab34937cf34d8434ad00ecc9",
                "sample1_0.chunk4_trans_report.txt:md5,0c43e570ac23818b1c183d48588deab1",
                "sample1_0.chunk4_varcov.txt:md5,7b77861fe5e8e953d6d193ace2467e12",
                "sample1_0.chunk4_variants.txt:md5,a4c518e1dfb7ff762bd7e5c3d7370986",
                "sample1_0.chunk5_collapsed.bed:md5,1a8baa8613f6bdd0a0fa1ad7c38b7aaa",
                "sample1_0.chunk5_local_density_error.txt:md5,2a87123d2eb92f00ac730924b19dc2f8",
                "sample1_0.chunk5_polya.txt:md5,b5e129f170b71a74aae74120730ffdb1",
                "sample1_0.chunk5_read.txt:md5,6fc5c8520a8bb47cc549376f5e32ce3b",
                "sample1_0.chunk5_strand_check.txt:md5,42cc52b2660b1e0b84e1c9ab37a965ec",
                "sample1_0.chunk5_trans_read.bed:md5,6f43624e2fad10e896ecd93011ae92ae",
                "sample1_0.chunk5_trans_report.txt:md5,5d6c4748d0b86d7b29cdf0d1f3e3cdf5",
                "sample1_0.chunk5_varcov.txt:md5,7b77861fe5e8e953d6d193ace2467e12",
                "sample1_0.chunk5_variants.txt:md5,a4c518e1dfb7ff762bd7e5c3d7370986",
                "sample1.tsv:md5,54b9ee29a34d402185285211b673b9c4",
                "sample1.bed:md5,4928c5cc59c23dd25486a22a9a5e9bed",
                "sample1_gene_report.txt:md5,c698958ea806a156847961b0c719a66c",
                "sample1_merge.txt:md5,07cdfbf4070903d66ffe459f9ce94715",
                "sample1_trans_report.txt:md5,e40712d885417415a654adaed0c34c08",
                "ccs-filter-graph.txt:md5,9f35c8022cdae8ef48f9047e67111bd1",
                "multiqc_citations.txt:md5,4c806e63a283ec1b7e78cdae3a923d4f",
                "multiqc_general_stats.txt:md5,f60e94deef7b1d8f6f4c5e67b325e6ba",
                "multiqc_lima_counts.txt:md5,a2e8e8ca0c68cb43d2887b196d251ca4",
                "multiqc_lima_summary.txt:md5,11e5253acb7b8d344a4747f5796cf995"
            ]
        ],
        "meta": {
            "nf-test": "0.9.3",
            "nextflow": "25.10.0"
        },
        "timestamp": "2025-11-11T14:29:10.117074003"
    }
}