{
    "-profile test_inputs_lima": {
        "content": [
            {
                "BAMTOOLS_CONVERT": {
                    "bamtools": "2.5.2"
                },
                "GSTAMA_COLLAPSE": {
                    "gstama": 20211103
                },
                "GSTAMA_MERGE": {
                    "gstama": "0.0.1"
                },
                "GSTAMA_POLYACLEANUP": {
                    "gstama": 20211103
                },
                "ISOSEQ_REFINE": {
                    "isoseq": "4.0.0"
                },
                "LIMA": {
                    "lima": "2.12.0"
                },
                "MINIMAP2_ALIGN": {
                    "minimap2": "2.29-r1283",
                    "samtools": 1.21
                }
            },
            [
                "02_LIMA",
                "02_LIMA/sample2_0_flnc.NEB_5p--NEB_Clontech_3p.bam",
                "02_LIMA/sample2_0_flnc.NEB_5p--NEB_Clontech_3p.bam.pbi",
                "02_LIMA/sample2_0_flnc.NEB_5p--NEB_Clontech_3p.consensusreadset.xml",
                "02_LIMA/sample2_0_flnc.consensusreadset.xml",
                "02_LIMA/sample2_0_flnc.json",
                "02_LIMA/sample2_0_flnc.lima.clips",
                "02_LIMA/sample2_0_flnc.lima.counts",
                "02_LIMA/sample2_0_flnc.lima.guess",
                "02_LIMA/sample2_0_flnc.lima.report",
                "02_LIMA/sample2_0_flnc.lima.summary",
                "03_ISOSEQ_REFINE",
                "03_ISOSEQ_REFINE/sample2_0.bam",
                "03_ISOSEQ_REFINE/sample2_0.bam.pbi",
                "03_ISOSEQ_REFINE/sample2_0.consensusreadset.xml",
                "03_ISOSEQ_REFINE/sample2_0.filter_summary.report.json",
                "03_ISOSEQ_REFINE/sample2_0.report.csv",
                "04_BAMTOOLS_CONVERT",
                "04_BAMTOOLS_CONVERT/sample2_0.fasta",
                "05_GSTAMA_POLYACLEANUP",
                "05_GSTAMA_POLYACLEANUP/sample2_0.chunk.1_tama.fa.gz",
                "05_GSTAMA_POLYACLEANUP/sample2_0.chunk.1_tama_polya_flnc_report.txt.gz",
                "05_GSTAMA_POLYACLEANUP/sample2_0.chunk.1_tama_tails.fa.gz",
                "05_GSTAMA_POLYACLEANUP/sample2_0.chunk.2_tama.fa.gz",
                "05_GSTAMA_POLYACLEANUP/sample2_0.chunk.2_tama_polya_flnc_report.txt.gz",
                "05_GSTAMA_POLYACLEANUP/sample2_0.chunk.2_tama_tails.fa.gz",
                "05_GSTAMA_POLYACLEANUP/sample2_0.chunk.3_tama.fa.gz",
                "05_GSTAMA_POLYACLEANUP/sample2_0.chunk.3_tama_polya_flnc_report.txt.gz",
                "05_GSTAMA_POLYACLEANUP/sample2_0.chunk.3_tama_tails.fa.gz",
                "05_GSTAMA_POLYACLEANUP/sample2_0.chunk.4_tama.fa.gz",
                "05_GSTAMA_POLYACLEANUP/sample2_0.chunk.4_tama_polya_flnc_report.txt.gz",
                "05_GSTAMA_POLYACLEANUP/sample2_0.chunk.4_tama_tails.fa.gz",
                "05_GSTAMA_POLYACLEANUP/sample2_0.chunk.5_tama.fa.gz",
                "05_GSTAMA_POLYACLEANUP/sample2_0.chunk.5_tama_polya_flnc_report.txt.gz",
                "05_GSTAMA_POLYACLEANUP/sample2_0.chunk.5_tama_tails.fa.gz",
                "05_GSTAMA_POLYACLEANUP/sample2_0.chunk.6_tama.fa.gz",
                "05_GSTAMA_POLYACLEANUP/sample2_0.chunk.6_tama_polya_flnc_report.txt.gz",
                "05_GSTAMA_POLYACLEANUP/sample2_0.chunk.6_tama_tails.fa.gz",
                "06_MINIMAP2",
                "06_MINIMAP2/sample2_0.chunk.1.bam",
                "06_MINIMAP2/sample2_0.chunk.1.bam.bai",
                "06_MINIMAP2/sample2_0.chunk.2.bam",
                "06_MINIMAP2/sample2_0.chunk.2.bam.bai",
                "06_MINIMAP2/sample2_0.chunk.3.bam",
                "06_MINIMAP2/sample2_0.chunk.3.bam.bai",
                "06_MINIMAP2/sample2_0.chunk.4.bam",
                "06_MINIMAP2/sample2_0.chunk.4.bam.bai",
                "06_MINIMAP2/sample2_0.chunk.5.bam",
                "06_MINIMAP2/sample2_0.chunk.5.bam.bai",
                "06_MINIMAP2/sample2_0.chunk.6.bam",
                "06_MINIMAP2/sample2_0.chunk.6.bam.bai",
                "07_GSTAMA_COLLAPSE",
                "07_GSTAMA_COLLAPSE/sample2_0.chunk.1_collapsed.bed",
                "07_GSTAMA_COLLAPSE/sample2_0.chunk.1_local_density_error.txt",
                "07_GSTAMA_COLLAPSE/sample2_0.chunk.1_polya.txt",
                "07_GSTAMA_COLLAPSE/sample2_0.chunk.1_read.txt",
                "07_GSTAMA_COLLAPSE/sample2_0.chunk.1_strand_check.txt",
                "07_GSTAMA_COLLAPSE/sample2_0.chunk.1_trans_read.bed",
                "07_GSTAMA_COLLAPSE/sample2_0.chunk.1_trans_report.txt",
                "07_GSTAMA_COLLAPSE/sample2_0.chunk.1_varcov.txt",
                "07_GSTAMA_COLLAPSE/sample2_0.chunk.1_variants.txt",
                "07_GSTAMA_COLLAPSE/sample2_0.chunk.2_collapsed.bed",
                "07_GSTAMA_COLLAPSE/sample2_0.chunk.2_local_density_error.txt",
                "07_GSTAMA_COLLAPSE/sample2_0.chunk.2_polya.txt",
                "07_GSTAMA_COLLAPSE/sample2_0.chunk.2_read.txt",
                "07_GSTAMA_COLLAPSE/sample2_0.chunk.2_strand_check.txt",
                "07_GSTAMA_COLLAPSE/sample2_0.chunk.2_trans_read.bed",
                "07_GSTAMA_COLLAPSE/sample2_0.chunk.2_trans_report.txt",
                "07_GSTAMA_COLLAPSE/sample2_0.chunk.2_varcov.txt",
                "07_GSTAMA_COLLAPSE/sample2_0.chunk.2_variants.txt",
                "07_GSTAMA_COLLAPSE/sample2_0.chunk.3_collapsed.bed",
                "07_GSTAMA_COLLAPSE/sample2_0.chunk.3_local_density_error.txt",
                "07_GSTAMA_COLLAPSE/sample2_0.chunk.3_polya.txt",
                "07_GSTAMA_COLLAPSE/sample2_0.chunk.3_read.txt",
                "07_GSTAMA_COLLAPSE/sample2_0.chunk.3_strand_check.txt",
                "07_GSTAMA_COLLAPSE/sample2_0.chunk.3_trans_read.bed",
                "07_GSTAMA_COLLAPSE/sample2_0.chunk.3_trans_report.txt",
                "07_GSTAMA_COLLAPSE/sample2_0.chunk.3_varcov.txt",
                "07_GSTAMA_COLLAPSE/sample2_0.chunk.3_variants.txt",
                "07_GSTAMA_COLLAPSE/sample2_0.chunk.4_collapsed.bed",
                "07_GSTAMA_COLLAPSE/sample2_0.chunk.4_local_density_error.txt",
                "07_GSTAMA_COLLAPSE/sample2_0.chunk.4_polya.txt",
                "07_GSTAMA_COLLAPSE/sample2_0.chunk.4_read.txt",
                "07_GSTAMA_COLLAPSE/sample2_0.chunk.4_strand_check.txt",
                "07_GSTAMA_COLLAPSE/sample2_0.chunk.4_trans_read.bed",
                "07_GSTAMA_COLLAPSE/sample2_0.chunk.4_trans_report.txt",
                "07_GSTAMA_COLLAPSE/sample2_0.chunk.4_varcov.txt",
                "07_GSTAMA_COLLAPSE/sample2_0.chunk.4_variants.txt",
                "07_GSTAMA_COLLAPSE/sample2_0.chunk.5_collapsed.bed",
                "07_GSTAMA_COLLAPSE/sample2_0.chunk.5_local_density_error.txt",
                "07_GSTAMA_COLLAPSE/sample2_0.chunk.5_polya.txt",
                "07_GSTAMA_COLLAPSE/sample2_0.chunk.5_read.txt",
                "07_GSTAMA_COLLAPSE/sample2_0.chunk.5_strand_check.txt",
                "07_GSTAMA_COLLAPSE/sample2_0.chunk.5_trans_read.bed",
                "07_GSTAMA_COLLAPSE/sample2_0.chunk.5_trans_report.txt",
                "07_GSTAMA_COLLAPSE/sample2_0.chunk.5_varcov.txt",
                "07_GSTAMA_COLLAPSE/sample2_0.chunk.5_variants.txt",
                "07_GSTAMA_COLLAPSE/sample2_0.chunk.6_collapsed.bed",
                "07_GSTAMA_COLLAPSE/sample2_0.chunk.6_local_density_error.txt",
                "07_GSTAMA_COLLAPSE/sample2_0.chunk.6_polya.txt",
                "07_GSTAMA_COLLAPSE/sample2_0.chunk.6_read.txt",
                "07_GSTAMA_COLLAPSE/sample2_0.chunk.6_strand_check.txt",
                "07_GSTAMA_COLLAPSE/sample2_0.chunk.6_trans_read.bed",
                "07_GSTAMA_COLLAPSE/sample2_0.chunk.6_trans_report.txt",
                "07_GSTAMA_COLLAPSE/sample2_0.chunk.6_varcov.txt",
                "07_GSTAMA_COLLAPSE/sample2_0.chunk.6_variants.txt",
                "08_GSTAMA_FILELIST",
                "08_GSTAMA_FILELIST/sample2.tsv",
                "09_GSTAMA_MERGE",
                "09_GSTAMA_MERGE/sample2.bed",
                "09_GSTAMA_MERGE/sample2_gene_report.txt",
                "09_GSTAMA_MERGE/sample2_merge.txt",
                "09_GSTAMA_MERGE/sample2_trans_report.txt",
                "multiqc",
                "multiqc/multiqc_data",
                "multiqc/multiqc_data/lima-filter-graph.txt",
                "multiqc/multiqc_data/llms-full.txt",
                "multiqc/multiqc_data/multiqc.log",
                "multiqc/multiqc_data/multiqc.parquet",
                "multiqc/multiqc_data/multiqc_citations.txt",
                "multiqc/multiqc_data/multiqc_data.json",
                "multiqc/multiqc_data/multiqc_lima_counts.txt",
                "multiqc/multiqc_data/multiqc_lima_summary.txt",
                "multiqc/multiqc_data/multiqc_software_versions.txt",
                "multiqc/multiqc_data/multiqc_sources.txt",
                "multiqc/multiqc_plots",
                "multiqc/multiqc_plots/pdf",
                "multiqc/multiqc_plots/pdf/lima-filter-graph-cnt.pdf",
                "multiqc/multiqc_plots/pdf/lima-filter-graph-pct.pdf",
                "multiqc/multiqc_plots/pdf/multiqc_lima_counts.pdf",
                "multiqc/multiqc_plots/png",
                "multiqc/multiqc_plots/png/lima-filter-graph-cnt.png",
                "multiqc/multiqc_plots/png/lima-filter-graph-pct.png",
                "multiqc/multiqc_plots/png/multiqc_lima_counts.png",
                "multiqc/multiqc_plots/svg",
                "multiqc/multiqc_plots/svg/lima-filter-graph-cnt.svg",
                "multiqc/multiqc_plots/svg/lima-filter-graph-pct.svg",
                "multiqc/multiqc_plots/svg/multiqc_lima_counts.svg",
                "multiqc/multiqc_report.html",
                "pipeline_info",
                "pipeline_info/nf_core_isoseq_software_mqc_versions.yml"
            ],
            [
                "sample2_0_flnc.NEB_5p--NEB_Clontech_3p.bam:md5,c31ccb55f0f3c2c4dcc1b5f3519886d0",
                "sample2_0_flnc.NEB_5p--NEB_Clontech_3p.bam.pbi:md5,97895a364955b507a7ee695cccd85993",
                "sample2_0_flnc.lima.clips:md5,fa03bc75bd78b2648a139fd67c69208f",
                "sample2_0_flnc.lima.counts:md5,842c6a23ca2de504ced4538ad5111da1",
                "sample2_0_flnc.lima.guess:md5,d3675af3ca8a908ee9e3c231668392d3",
                "sample2_0_flnc.lima.report:md5,dc073985322ae0a003ccc7e0fa4db5e6",
                "sample2_0_flnc.lima.summary:md5,bcbcaaaca418bdeb91141c81715ca420",
                "sample2_0.bam:md5,451f475c04e6822f74a1e4fb5f2eeae2",
                "sample2_0.bam.pbi:md5,5519b222440f9443228760a3ad91962f",
                "sample2_0.report.csv:md5,d42a139e5d9b08396bdb087c01243ea9",
                "sample2_0.fasta:md5,c5c29b8da57e24222fded8814ea43fca",
                "sample2_0.chunk.1_tama.fa.gz:md5,eba6fd6a37715feb1f55acd2aba308fe",
                "sample2_0.chunk.1_tama_polya_flnc_report.txt.gz:md5,8f4ccfb4bea6210fcd2677141043eaaf",
                "sample2_0.chunk.1_tama_tails.fa.gz:md5,db050c0f7f02653fab9d3cb098874995",
                "sample2_0.chunk.2_tama.fa.gz:md5,dba8219a7fd40d39e145358928e79718",
                "sample2_0.chunk.2_tama_polya_flnc_report.txt.gz:md5,31719db0fd430cb6854da57d6882eb80",
                "sample2_0.chunk.2_tama_tails.fa.gz:md5,5e667c1aa16049e36b9b9b185b672f90",
                "sample2_0.chunk.3_tama.fa.gz:md5,2284da2407fb3d0c96280a5963c0f21d",
                "sample2_0.chunk.3_tama_polya_flnc_report.txt.gz:md5,8d95867bcb53e018305c18ed5cc14c00",
                "sample2_0.chunk.3_tama_tails.fa.gz:md5,63f2d71634e092e478909018f4c08fa9",
                "sample2_0.chunk.4_tama.fa.gz:md5,c63152a17a861184fb1f2611dcbcce12",
                "sample2_0.chunk.4_tama_polya_flnc_report.txt.gz:md5,7350ae2922384469f6c015a6e4898685",
                "sample2_0.chunk.4_tama_tails.fa.gz:md5,7703b0eff06e6c63cbf7fc212f3089ce",
                "sample2_0.chunk.5_tama.fa.gz:md5,89ea3e7f09fd3db800adc8e13ceff26b",
                "sample2_0.chunk.5_tama_polya_flnc_report.txt.gz:md5,d3c83d0d228f4f3850e2af8cdecc763a",
                "sample2_0.chunk.5_tama_tails.fa.gz:md5,0d92991493cf2ce045cd2a44ebca2f6a",
                "sample2_0.chunk.6_tama.fa.gz:md5,34a80800ddc45859c430cf4156158413",
                "sample2_0.chunk.6_tama_polya_flnc_report.txt.gz:md5,460c9b71e2bb758dad83331aca18d2fd",
                "sample2_0.chunk.6_tama_tails.fa.gz:md5,a11e5f0f7370a708b31469a42b95b6c1",
                "sample2_0.chunk.1.bam:md5,a0bc09bb14bce2181ee84aaf0e49a1f0",
                "sample2_0.chunk.1.bam.bai:md5,be4f1b9f9ab6d8bdab71c1743f798e94",
                "sample2_0.chunk.2.bam:md5,10e6ae0ca0edfbb2028517fb38aac5de",
                "sample2_0.chunk.2.bam.bai:md5,288271dee9565600ef474027ce1c0205",
                "sample2_0.chunk.3.bam:md5,aeb156062ac3ef9f967c745f1fd29f0f",
                "sample2_0.chunk.3.bam.bai:md5,aadc11e516afff0b50d77c0d510d0e43",
                "sample2_0.chunk.4.bam:md5,9bd7d7dfc8ac3a13e82e9921ab8f22a6",
                "sample2_0.chunk.4.bam.bai:md5,a135b318f3a14cba87afb1c9f39cd1ad",
                "sample2_0.chunk.5.bam:md5,0adb6dd55ce41bd8bebb67f4320f325a",
                "sample2_0.chunk.5.bam.bai:md5,c601b34dc2a4f59df21448103efdef17",
                "sample2_0.chunk.6.bam:md5,9076c6f955693ea835a456699c0952b8",
                "sample2_0.chunk.6.bam.bai:md5,c5398d36c99d6674f20fb5822a75d213",
                "sample2_0.chunk.1_collapsed.bed:md5,2a5b07fa24ddcb51259063a76c52acee",
                "sample2_0.chunk.1_local_density_error.txt:md5,b6fa52ea6fa7f3a7add75dec930cc6b3",
                "sample2_0.chunk.1_polya.txt:md5,48e49820ebf548cf1547fd7dfd93b753",
                "sample2_0.chunk.1_read.txt:md5,3a4d70008407cb42bac94ec94ffaecac",
                "sample2_0.chunk.1_strand_check.txt:md5,42cc52b2660b1e0b84e1c9ab37a965ec",
                "sample2_0.chunk.1_trans_read.bed:md5,ae71e848615d3f0ae550e6bc4639f44e",
                "sample2_0.chunk.1_trans_report.txt:md5,3d21f4fda06970fa6ef67acd6f7ed9d5",
                "sample2_0.chunk.1_varcov.txt:md5,7b77861fe5e8e953d6d193ace2467e12",
                "sample2_0.chunk.1_variants.txt:md5,a4c518e1dfb7ff762bd7e5c3d7370986",
                "sample2_0.chunk.2_collapsed.bed:md5,0f05bb1b7b5e40614382eb1817dd557e",
                "sample2_0.chunk.2_local_density_error.txt:md5,4a46e426dcd85ca8c743ea3422f65188",
                "sample2_0.chunk.2_polya.txt:md5,d21f8811d58b55d0d94d9d3f93c7fceb",
                "sample2_0.chunk.2_read.txt:md5,3600aefaca5b22494e085a686d1b46cc",
                "sample2_0.chunk.2_strand_check.txt:md5,42cc52b2660b1e0b84e1c9ab37a965ec",
                "sample2_0.chunk.2_trans_read.bed:md5,628e3e88297ce40fca491345304dfba6",
                "sample2_0.chunk.2_trans_report.txt:md5,983a121808b374b2f05166de960b0419",
                "sample2_0.chunk.2_varcov.txt:md5,7b77861fe5e8e953d6d193ace2467e12",
                "sample2_0.chunk.2_variants.txt:md5,a4c518e1dfb7ff762bd7e5c3d7370986",
                "sample2_0.chunk.3_collapsed.bed:md5,4c80428bc3bd3a052209df58eb57eaf8",
                "sample2_0.chunk.3_local_density_error.txt:md5,8c5967a572846420b98932b7fd98310c",
                "sample2_0.chunk.3_polya.txt:md5,ee69a686a6dfad12f29e235afd72b377",
                "sample2_0.chunk.3_read.txt:md5,7ac6ae4752631ee92442d3d4a86846a8",
                "sample2_0.chunk.3_strand_check.txt:md5,42cc52b2660b1e0b84e1c9ab37a965ec",
                "sample2_0.chunk.3_trans_read.bed:md5,2de626e8c3e8fa21b938e888229d6160",
                "sample2_0.chunk.3_trans_report.txt:md5,52bcdea21e4f8bef847e2c21693c40ea",
                "sample2_0.chunk.3_varcov.txt:md5,7b77861fe5e8e953d6d193ace2467e12",
                "sample2_0.chunk.3_variants.txt:md5,a4c518e1dfb7ff762bd7e5c3d7370986",
                "sample2_0.chunk.4_collapsed.bed:md5,116215ae754f236bca4c4115d6e7b124",
                "sample2_0.chunk.4_local_density_error.txt:md5,65af1e6f5a1d39ad6b24bd1a63a6278a",
                "sample2_0.chunk.4_polya.txt:md5,c9919cd20d7bbf4f593cd2844bd28550",
                "sample2_0.chunk.4_read.txt:md5,4760b76910a567cf62a83f4b21d085aa",
                "sample2_0.chunk.4_strand_check.txt:md5,42cc52b2660b1e0b84e1c9ab37a965ec",
                "sample2_0.chunk.4_trans_read.bed:md5,6d4851ed8eb0b2df1d656dbb5a2ad3c6",
                "sample2_0.chunk.4_trans_report.txt:md5,1029b53f7d59c97d87df970fb3e0501e",
                "sample2_0.chunk.4_varcov.txt:md5,7b77861fe5e8e953d6d193ace2467e12",
                "sample2_0.chunk.4_variants.txt:md5,a4c518e1dfb7ff762bd7e5c3d7370986",
                "sample2_0.chunk.5_collapsed.bed:md5,35d2a8acdcd0a40330624f5bcf033206",
                "sample2_0.chunk.5_local_density_error.txt:md5,e87053b8c7f58a350225a6d43be17d72",
                "sample2_0.chunk.5_polya.txt:md5,8b4cc38336bfe6ff6d8eca74166d24a9",
                "sample2_0.chunk.5_read.txt:md5,f441d3c36963cc277178b4e1af275d1b",
                "sample2_0.chunk.5_strand_check.txt:md5,42cc52b2660b1e0b84e1c9ab37a965ec",
                "sample2_0.chunk.5_trans_read.bed:md5,8175932eec00949b37030106d9e84621",
                "sample2_0.chunk.5_trans_report.txt:md5,178e21fb7ea02d1b84682dc2e934c330",
                "sample2_0.chunk.5_varcov.txt:md5,7b77861fe5e8e953d6d193ace2467e12",
                "sample2_0.chunk.5_variants.txt:md5,a4c518e1dfb7ff762bd7e5c3d7370986",
                "sample2_0.chunk.6_collapsed.bed:md5,93c66ee57dbf302a6b2d99600cc730c4",
                "sample2_0.chunk.6_local_density_error.txt:md5,0b62cde5a47f0a4dc2c0e4c26235b241",
                "sample2_0.chunk.6_polya.txt:md5,2cb46eac9b00a08095b1bd4e0244559d",
                "sample2_0.chunk.6_read.txt:md5,9ea2721f96d5efe63bc35850bbf12520",
                "sample2_0.chunk.6_strand_check.txt:md5,42cc52b2660b1e0b84e1c9ab37a965ec",
                "sample2_0.chunk.6_trans_read.bed:md5,2080114fac4005105ed4b8f291afd4b9",
                "sample2_0.chunk.6_trans_report.txt:md5,15ad4aa7c425624464a179cf4d434e2e",
                "sample2_0.chunk.6_varcov.txt:md5,7b77861fe5e8e953d6d193ace2467e12",
                "sample2_0.chunk.6_variants.txt:md5,a4c518e1dfb7ff762bd7e5c3d7370986",
                "sample2.tsv:md5,5ee80b0a439ee6023faff9a0d555cfd8",
                "sample2.bed:md5,f587c4c86b185278b89f6495effde755",
                "sample2_gene_report.txt:md5,17339982516a152b251fbe50d3bf9569",
                "sample2_merge.txt:md5,82ed3779f378f72e292426fea41f7d65",
                "sample2_trans_report.txt:md5,e8b352938adad13964a8dbbb4f0d0cea",
                "multiqc_citations.txt:md5,4c806e63a283ec1b7e78cdae3a923d4f",
                "multiqc_lima_counts.txt:md5,d00757e4773f621db4f5459ca7a21088",
                "multiqc_lima_summary.txt:md5,26fd02b7a09876ee334251e5afabc5b1"
            ]
        ],
        "meta": {
            "nf-test": "0.9.3",
            "nextflow": "25.10.0"
        },
        "timestamp": "2025-11-11T14:33:11.701854999"
    }
}