{
    "-profile test_inputs_lima_refine_map_ultra": {
        "content": [
            {
                "BAMTOOLS_CONVERT": {
                    "bamtools": "2.5.2"
                },
                "GNU_SORT": {
                    "coreutils": 9.5
                },
                "GSTAMA_COLLAPSE": {
                    "gstama": 20211103
                },
                "GSTAMA_MERGE": {
                    "gstama": "0.0.1"
                },
                "GSTAMA_POLYACLEANUP": {
                    "gstama": 20211103
                },
                "GUNZIP": {
                    "gunzip": 1.13
                },
                "ISOSEQ_REFINE": {
                    "isoseq": "4.0.0"
                },
                "LIMA": {
                    "lima": "2.12.0"
                },
                "ULTRA_ALIGN": {
                    "samtools": 1.17,
                    "ultra": 0.1
                },
                "ULTRA_INDEX": {
                    "gffutils": "0.11.1",
                    "sqlite": "3.42.0",
                    "ultra": 0.1
                }
            },
            [
                "02_LIMA",
                "02_LIMA/sample2_0_flnc.NEB_5p--NEB_Clontech_3p.bam",
                "02_LIMA/sample2_0_flnc.NEB_5p--NEB_Clontech_3p.bam.pbi",
                "02_LIMA/sample2_0_flnc.NEB_5p--NEB_Clontech_3p.consensusreadset.xml",
                "02_LIMA/sample2_0_flnc.consensusreadset.xml",
                "02_LIMA/sample2_0_flnc.json",
                "02_LIMA/sample2_0_flnc.lima.clips",
                "02_LIMA/sample2_0_flnc.lima.counts",
                "02_LIMA/sample2_0_flnc.lima.guess",
                "02_LIMA/sample2_0_flnc.lima.report",
                "02_LIMA/sample2_0_flnc.lima.summary",
                "03_ISOSEQ_REFINE",
                "03_ISOSEQ_REFINE/sample2_0.bam",
                "03_ISOSEQ_REFINE/sample2_0.bam.pbi",
                "03_ISOSEQ_REFINE/sample2_0.consensusreadset.xml",
                "03_ISOSEQ_REFINE/sample2_0.filter_summary.report.json",
                "03_ISOSEQ_REFINE/sample2_0.report.csv",
                "03_ISOSEQ_REFINE/sample3_1.bam",
                "03_ISOSEQ_REFINE/sample3_1.bam.pbi",
                "03_ISOSEQ_REFINE/sample3_1.consensusreadset.xml",
                "03_ISOSEQ_REFINE/sample3_1.filter_summary.report.json",
                "03_ISOSEQ_REFINE/sample3_1.report.csv",
                "04_BAMTOOLS_CONVERT",
                "04_BAMTOOLS_CONVERT/sample2_0.fasta",
                "04_BAMTOOLS_CONVERT/sample3_1.fasta",
                "05_GSTAMA_POLYACLEANUP",
                "05_GSTAMA_POLYACLEANUP/sample2_0.chunk.1_tama.fa.gz",
                "05_GSTAMA_POLYACLEANUP/sample2_0.chunk.1_tama_polya_flnc_report.txt.gz",
                "05_GSTAMA_POLYACLEANUP/sample2_0.chunk.1_tama_tails.fa.gz",
                "05_GSTAMA_POLYACLEANUP/sample2_0.chunk.2_tama.fa.gz",
                "05_GSTAMA_POLYACLEANUP/sample2_0.chunk.2_tama_polya_flnc_report.txt.gz",
                "05_GSTAMA_POLYACLEANUP/sample2_0.chunk.2_tama_tails.fa.gz",
                "05_GSTAMA_POLYACLEANUP/sample2_0.chunk.3_tama.fa.gz",
                "05_GSTAMA_POLYACLEANUP/sample2_0.chunk.3_tama_polya_flnc_report.txt.gz",
                "05_GSTAMA_POLYACLEANUP/sample2_0.chunk.3_tama_tails.fa.gz",
                "05_GSTAMA_POLYACLEANUP/sample2_0.chunk.4_tama.fa.gz",
                "05_GSTAMA_POLYACLEANUP/sample2_0.chunk.4_tama_polya_flnc_report.txt.gz",
                "05_GSTAMA_POLYACLEANUP/sample2_0.chunk.4_tama_tails.fa.gz",
                "05_GSTAMA_POLYACLEANUP/sample2_0.chunk.5_tama.fa.gz",
                "05_GSTAMA_POLYACLEANUP/sample2_0.chunk.5_tama_polya_flnc_report.txt.gz",
                "05_GSTAMA_POLYACLEANUP/sample2_0.chunk.5_tama_tails.fa.gz",
                "05_GSTAMA_POLYACLEANUP/sample2_0.chunk.6_tama.fa.gz",
                "05_GSTAMA_POLYACLEANUP/sample2_0.chunk.6_tama_polya_flnc_report.txt.gz",
                "05_GSTAMA_POLYACLEANUP/sample2_0.chunk.6_tama_tails.fa.gz",
                "05_GSTAMA_POLYACLEANUP/sample3_1.chunk.1_tama.fa.gz",
                "05_GSTAMA_POLYACLEANUP/sample3_1.chunk.1_tama_polya_flnc_report.txt.gz",
                "05_GSTAMA_POLYACLEANUP/sample3_1.chunk.1_tama_tails.fa.gz",
                "06.1_GUNZIP",
                "06.1_GUNZIP/sample2_0.chunk.1_tama.fa",
                "06.1_GUNZIP/sample2_0.chunk.2_tama.fa",
                "06.1_GUNZIP/sample2_0.chunk.3_tama.fa",
                "06.1_GUNZIP/sample2_0.chunk.4_tama.fa",
                "06.1_GUNZIP/sample2_0.chunk.5_tama.fa",
                "06.1_GUNZIP/sample2_0.chunk.6_tama.fa",
                "06.1_GUNZIP/sample3_1.chunk.1_tama.fa",
                "06.1_GUNZIP/sample4_2.chunk.1_tama.fa",
                "06.2_ULTRA",
                "06.2_ULTRA/sample2_0.chunk.1.bam",
                "06.2_ULTRA/sample2_0.chunk.2.bam",
                "06.2_ULTRA/sample2_0.chunk.3.bam",
                "06.2_ULTRA/sample2_0.chunk.4.bam",
                "06.2_ULTRA/sample2_0.chunk.5.bam",
                "06.2_ULTRA/sample2_0.chunk.6.bam",
                "06.2_ULTRA/sample3_1.chunk.1.bam",
                "06.2_ULTRA/sample4_2.chunk.1.bam",
                "07_GSTAMA_COLLAPSE",
                "07_GSTAMA_COLLAPSE/sample2_0.chunk.1_collapsed.bed",
                "07_GSTAMA_COLLAPSE/sample2_0.chunk.1_local_density_error.txt",
                "07_GSTAMA_COLLAPSE/sample2_0.chunk.1_polya.txt",
                "07_GSTAMA_COLLAPSE/sample2_0.chunk.1_read.txt",
                "07_GSTAMA_COLLAPSE/sample2_0.chunk.1_strand_check.txt",
                "07_GSTAMA_COLLAPSE/sample2_0.chunk.1_trans_read.bed",
                "07_GSTAMA_COLLAPSE/sample2_0.chunk.1_trans_report.txt",
                "07_GSTAMA_COLLAPSE/sample2_0.chunk.1_varcov.txt",
                "07_GSTAMA_COLLAPSE/sample2_0.chunk.1_variants.txt",
                "07_GSTAMA_COLLAPSE/sample2_0.chunk.2_collapsed.bed",
                "07_GSTAMA_COLLAPSE/sample2_0.chunk.2_local_density_error.txt",
                "07_GSTAMA_COLLAPSE/sample2_0.chunk.2_polya.txt",
                "07_GSTAMA_COLLAPSE/sample2_0.chunk.2_read.txt",
                "07_GSTAMA_COLLAPSE/sample2_0.chunk.2_strand_check.txt",
                "07_GSTAMA_COLLAPSE/sample2_0.chunk.2_trans_read.bed",
                "07_GSTAMA_COLLAPSE/sample2_0.chunk.2_trans_report.txt",
                "07_GSTAMA_COLLAPSE/sample2_0.chunk.2_varcov.txt",
                "07_GSTAMA_COLLAPSE/sample2_0.chunk.2_variants.txt",
                "07_GSTAMA_COLLAPSE/sample2_0.chunk.3_collapsed.bed",
                "07_GSTAMA_COLLAPSE/sample2_0.chunk.3_local_density_error.txt",
                "07_GSTAMA_COLLAPSE/sample2_0.chunk.3_polya.txt",
                "07_GSTAMA_COLLAPSE/sample2_0.chunk.3_read.txt",
                "07_GSTAMA_COLLAPSE/sample2_0.chunk.3_strand_check.txt",
                "07_GSTAMA_COLLAPSE/sample2_0.chunk.3_trans_read.bed",
                "07_GSTAMA_COLLAPSE/sample2_0.chunk.3_trans_report.txt",
                "07_GSTAMA_COLLAPSE/sample2_0.chunk.3_varcov.txt",
                "07_GSTAMA_COLLAPSE/sample2_0.chunk.3_variants.txt",
                "07_GSTAMA_COLLAPSE/sample2_0.chunk.4_collapsed.bed",
                "07_GSTAMA_COLLAPSE/sample2_0.chunk.4_local_density_error.txt",
                "07_GSTAMA_COLLAPSE/sample2_0.chunk.4_polya.txt",
                "07_GSTAMA_COLLAPSE/sample2_0.chunk.4_read.txt",
                "07_GSTAMA_COLLAPSE/sample2_0.chunk.4_strand_check.txt",
                "07_GSTAMA_COLLAPSE/sample2_0.chunk.4_trans_read.bed",
                "07_GSTAMA_COLLAPSE/sample2_0.chunk.4_trans_report.txt",
                "07_GSTAMA_COLLAPSE/sample2_0.chunk.4_varcov.txt",
                "07_GSTAMA_COLLAPSE/sample2_0.chunk.4_variants.txt",
                "07_GSTAMA_COLLAPSE/sample2_0.chunk.5_collapsed.bed",
                "07_GSTAMA_COLLAPSE/sample2_0.chunk.5_local_density_error.txt",
                "07_GSTAMA_COLLAPSE/sample2_0.chunk.5_polya.txt",
                "07_GSTAMA_COLLAPSE/sample2_0.chunk.5_read.txt",
                "07_GSTAMA_COLLAPSE/sample2_0.chunk.5_strand_check.txt",
                "07_GSTAMA_COLLAPSE/sample2_0.chunk.5_trans_read.bed",
                "07_GSTAMA_COLLAPSE/sample2_0.chunk.5_trans_report.txt",
                "07_GSTAMA_COLLAPSE/sample2_0.chunk.5_varcov.txt",
                "07_GSTAMA_COLLAPSE/sample2_0.chunk.5_variants.txt",
                "07_GSTAMA_COLLAPSE/sample2_0.chunk.6_collapsed.bed",
                "07_GSTAMA_COLLAPSE/sample2_0.chunk.6_local_density_error.txt",
                "07_GSTAMA_COLLAPSE/sample2_0.chunk.6_polya.txt",
                "07_GSTAMA_COLLAPSE/sample2_0.chunk.6_read.txt",
                "07_GSTAMA_COLLAPSE/sample2_0.chunk.6_strand_check.txt",
                "07_GSTAMA_COLLAPSE/sample2_0.chunk.6_trans_read.bed",
                "07_GSTAMA_COLLAPSE/sample2_0.chunk.6_trans_report.txt",
                "07_GSTAMA_COLLAPSE/sample2_0.chunk.6_varcov.txt",
                "07_GSTAMA_COLLAPSE/sample2_0.chunk.6_variants.txt",
                "07_GSTAMA_COLLAPSE/sample3_1.chunk.1_collapsed.bed",
                "07_GSTAMA_COLLAPSE/sample3_1.chunk.1_local_density_error.txt",
                "07_GSTAMA_COLLAPSE/sample3_1.chunk.1_polya.txt",
                "07_GSTAMA_COLLAPSE/sample3_1.chunk.1_read.txt",
                "07_GSTAMA_COLLAPSE/sample3_1.chunk.1_strand_check.txt",
                "07_GSTAMA_COLLAPSE/sample3_1.chunk.1_trans_read.bed",
                "07_GSTAMA_COLLAPSE/sample3_1.chunk.1_trans_report.txt",
                "07_GSTAMA_COLLAPSE/sample3_1.chunk.1_varcov.txt",
                "07_GSTAMA_COLLAPSE/sample3_1.chunk.1_variants.txt",
                "07_GSTAMA_COLLAPSE/sample4_2.chunk.1_collapsed.bed",
                "07_GSTAMA_COLLAPSE/sample4_2.chunk.1_local_density_error.txt",
                "07_GSTAMA_COLLAPSE/sample4_2.chunk.1_polya.txt",
                "07_GSTAMA_COLLAPSE/sample4_2.chunk.1_read.txt",
                "07_GSTAMA_COLLAPSE/sample4_2.chunk.1_strand_check.txt",
                "07_GSTAMA_COLLAPSE/sample4_2.chunk.1_trans_read.bed",
                "07_GSTAMA_COLLAPSE/sample4_2.chunk.1_trans_report.txt",
                "07_GSTAMA_COLLAPSE/sample4_2.chunk.1_varcov.txt",
                "07_GSTAMA_COLLAPSE/sample4_2.chunk.1_variants.txt",
                "08_GSTAMA_FILELIST",
                "08_GSTAMA_FILELIST/sample2.tsv",
                "08_GSTAMA_FILELIST/sample3.tsv",
                "08_GSTAMA_FILELIST/sample4.tsv",
                "09_GSTAMA_MERGE",
                "09_GSTAMA_MERGE/sample2.bed",
                "09_GSTAMA_MERGE/sample2_gene_report.txt",
                "09_GSTAMA_MERGE/sample2_merge.txt",
                "09_GSTAMA_MERGE/sample2_trans_report.txt",
                "09_GSTAMA_MERGE/sample3.bed",
                "09_GSTAMA_MERGE/sample3_gene_report.txt",
                "09_GSTAMA_MERGE/sample3_merge.txt",
                "09_GSTAMA_MERGE/sample3_trans_report.txt",
                "09_GSTAMA_MERGE/sample4.bed",
                "09_GSTAMA_MERGE/sample4_gene_report.txt",
                "09_GSTAMA_MERGE/sample4_merge.txt",
                "09_GSTAMA_MERGE/sample4_trans_report.txt",
                "ULTRA_INDEX",
                "ULTRA_INDEX/all_splice_pairs_annotations.pickle",
                "ULTRA_INDEX/all_splice_sites_annotations.pickle",
                "ULTRA_INDEX/chr_to_id.pickle",
                "ULTRA_INDEX/database.db",
                "ULTRA_INDEX/exon_choordinates_to_id.pickle",
                "ULTRA_INDEX/flank_choordinates.pickle",
                "ULTRA_INDEX/gene_to_small_segments.pickle",
                "ULTRA_INDEX/genome.gtf",
                "ULTRA_INDEX/id_to_chr.pickle",
                "ULTRA_INDEX/max_intron_chr.pickle",
                "ULTRA_INDEX/parts_to_segments.pickle",
                "ULTRA_INDEX/ref_exon_sequences.pickle",
                "ULTRA_INDEX/ref_flank_sequences.pickle",
                "ULTRA_INDEX/ref_part_sequences.pickle",
                "ULTRA_INDEX/ref_segment_sequences.pickle",
                "ULTRA_INDEX/refs_id_lengths.pickle",
                "ULTRA_INDEX/refs_lengths.pickle",
                "ULTRA_INDEX/segment_id_to_choordinates.pickle",
                "ULTRA_INDEX/segment_to_gene.pickle",
                "ULTRA_INDEX/segment_to_ref.pickle",
                "ULTRA_INDEX/splices_to_transcripts.pickle",
                "ULTRA_INDEX/transcripts_to_splices.pickle",
                "multiqc",
                "multiqc/multiqc_data",
                "multiqc/multiqc_data/lima-filter-graph.txt",
                "multiqc/multiqc_data/llms-full.txt",
                "multiqc/multiqc_data/multiqc.log",
                "multiqc/multiqc_data/multiqc.parquet",
                "multiqc/multiqc_data/multiqc_citations.txt",
                "multiqc/multiqc_data/multiqc_data.json",
                "multiqc/multiqc_data/multiqc_lima_counts.txt",
                "multiqc/multiqc_data/multiqc_lima_summary.txt",
                "multiqc/multiqc_data/multiqc_software_versions.txt",
                "multiqc/multiqc_data/multiqc_sources.txt",
                "multiqc/multiqc_plots",
                "multiqc/multiqc_plots/pdf",
                "multiqc/multiqc_plots/png",
                "multiqc/multiqc_plots/svg",
                "multiqc/multiqc_report.html",
                "pipeline_info",
                "pipeline_info/nf_core_isoseq_software_mqc_versions.yml"
            ],
            [
                "sample2_0_flnc.NEB_5p--NEB_Clontech_3p.bam:md5,c31ccb55f0f3c2c4dcc1b5f3519886d0",
                "sample2_0_flnc.NEB_5p--NEB_Clontech_3p.bam.pbi:md5,97895a364955b507a7ee695cccd85993",
                "sample2_0_flnc.lima.clips:md5,fa03bc75bd78b2648a139fd67c69208f",
                "sample2_0_flnc.lima.counts:md5,842c6a23ca2de504ced4538ad5111da1",
                "sample2_0_flnc.lima.guess:md5,d3675af3ca8a908ee9e3c231668392d3",
                "sample2_0_flnc.lima.report:md5,dc073985322ae0a003ccc7e0fa4db5e6",
                "sample2_0_flnc.lima.summary:md5,bcbcaaaca418bdeb91141c81715ca420",
                "sample2_0.bam:md5,451f475c04e6822f74a1e4fb5f2eeae2",
                "sample2_0.bam.pbi:md5,5519b222440f9443228760a3ad91962f",
                "sample2_0.report.csv:md5,d42a139e5d9b08396bdb087c01243ea9",
                "sample3_1.bam:md5,9350722839086db9ae132f67fcd4f2aa",
                "sample3_1.bam.pbi:md5,afb9a61ed9f3aa3f589af5c48a2f9f45",
                "sample3_1.report.csv:md5,8d350f8dba8c928ec8b693f47dc1c096",
                "sample2_0.fasta:md5,c5c29b8da57e24222fded8814ea43fca",
                "sample3_1.fasta:md5,81b607067bac48a5b53281e982acd623",
                "sample2_0.chunk.1_tama.fa.gz:md5,eba6fd6a37715feb1f55acd2aba308fe",
                "sample2_0.chunk.1_tama_polya_flnc_report.txt.gz:md5,8f4ccfb4bea6210fcd2677141043eaaf",
                "sample2_0.chunk.1_tama_tails.fa.gz:md5,db050c0f7f02653fab9d3cb098874995",
                "sample2_0.chunk.2_tama.fa.gz:md5,dba8219a7fd40d39e145358928e79718",
                "sample2_0.chunk.2_tama_polya_flnc_report.txt.gz:md5,31719db0fd430cb6854da57d6882eb80",
                "sample2_0.chunk.2_tama_tails.fa.gz:md5,5e667c1aa16049e36b9b9b185b672f90",
                "sample2_0.chunk.3_tama.fa.gz:md5,2284da2407fb3d0c96280a5963c0f21d",
                "sample2_0.chunk.3_tama_polya_flnc_report.txt.gz:md5,8d95867bcb53e018305c18ed5cc14c00",
                "sample2_0.chunk.3_tama_tails.fa.gz:md5,63f2d71634e092e478909018f4c08fa9",
                "sample2_0.chunk.4_tama.fa.gz:md5,c63152a17a861184fb1f2611dcbcce12",
                "sample2_0.chunk.4_tama_polya_flnc_report.txt.gz:md5,7350ae2922384469f6c015a6e4898685",
                "sample2_0.chunk.4_tama_tails.fa.gz:md5,7703b0eff06e6c63cbf7fc212f3089ce",
                "sample2_0.chunk.5_tama.fa.gz:md5,89ea3e7f09fd3db800adc8e13ceff26b",
                "sample2_0.chunk.5_tama_polya_flnc_report.txt.gz:md5,d3c83d0d228f4f3850e2af8cdecc763a",
                "sample2_0.chunk.5_tama_tails.fa.gz:md5,0d92991493cf2ce045cd2a44ebca2f6a",
                "sample2_0.chunk.6_tama.fa.gz:md5,34a80800ddc45859c430cf4156158413",
                "sample2_0.chunk.6_tama_polya_flnc_report.txt.gz:md5,460c9b71e2bb758dad83331aca18d2fd",
                "sample2_0.chunk.6_tama_tails.fa.gz:md5,a11e5f0f7370a708b31469a42b95b6c1",
                "sample3_1.chunk.1_tama.fa.gz:md5,6ed270ddf8e79b541a51407a32889c9b",
                "sample3_1.chunk.1_tama_polya_flnc_report.txt.gz:md5,db83ccbbc1326abd9638bc2adfaa8677",
                "sample3_1.chunk.1_tama_tails.fa.gz:md5,3d91c6a6222dbab8823b6a506dc3555d",
                "sample2_0.chunk.1_tama.fa:md5,eba6fd6a37715feb1f55acd2aba308fe",
                "sample2_0.chunk.2_tama.fa:md5,dba8219a7fd40d39e145358928e79718",
                "sample2_0.chunk.3_tama.fa:md5,2284da2407fb3d0c96280a5963c0f21d",
                "sample2_0.chunk.4_tama.fa:md5,c63152a17a861184fb1f2611dcbcce12",
                "sample2_0.chunk.5_tama.fa:md5,89ea3e7f09fd3db800adc8e13ceff26b",
                "sample2_0.chunk.6_tama.fa:md5,34a80800ddc45859c430cf4156158413",
                "sample3_1.chunk.1_tama.fa:md5,6ed270ddf8e79b541a51407a32889c9b",
                "sample4_2.chunk.1_tama.fa:md5,0dfa059f21985aee2f11384733364430",
                "sample2_0.chunk.1.bam:md5,1fbfceabb9d1da603ea59761fdaa418a",
                "sample2_0.chunk.2.bam:md5,6d80f45f16b5ab96f4d7d63d989fa034",
                "sample2_0.chunk.3.bam:md5,e1ffefc205a59f45bc82e1b67ec3808d",
                "sample2_0.chunk.4.bam:md5,cc3d746efe198ff025a8817e79950619",
                "sample2_0.chunk.5.bam:md5,9ccaca86b0a30dbc7ca5ba22949ebb03",
                "sample2_0.chunk.6.bam:md5,afcbf1a183a14fd6a4b10cd485329f83",
                "sample3_1.chunk.1.bam:md5,953fedd0f01abea8b810a5a6cfd8dcb8",
                "sample4_2.chunk.1.bam:md5,31ff1d7eee370f15f902055d3658b056",
                "sample2_0.chunk.1_collapsed.bed:md5,f30c4d8acec6a810daa25482dce36b5f",
                "sample2_0.chunk.1_local_density_error.txt:md5,37789cf89aa002787c2ece366a97508c",
                "sample2_0.chunk.1_polya.txt:md5,727d17cd3daf36a532a0e4e023d642e2",
                "sample2_0.chunk.1_read.txt:md5,ea4cf8441d2e6ce88e35b1cc511950d1",
                "sample2_0.chunk.1_strand_check.txt:md5,42cc52b2660b1e0b84e1c9ab37a965ec",
                "sample2_0.chunk.1_trans_read.bed:md5,27f47c2e903a0275018bf53e0cd6acb7",
                "sample2_0.chunk.1_trans_report.txt:md5,f01397457f7fe8564aa97af0fa7e5920",
                "sample2_0.chunk.1_varcov.txt:md5,7b77861fe5e8e953d6d193ace2467e12",
                "sample2_0.chunk.1_variants.txt:md5,a4c518e1dfb7ff762bd7e5c3d7370986",
                "sample2_0.chunk.2_collapsed.bed:md5,01ff526041ff84510f5ff07344dc785a",
                "sample2_0.chunk.2_local_density_error.txt:md5,7da1d931b84ef657ccf3cd9180457fc9",
                "sample2_0.chunk.2_polya.txt:md5,d21f8811d58b55d0d94d9d3f93c7fceb",
                "sample2_0.chunk.2_read.txt:md5,00bd3cfbc67d700cd99f2f3f2476ecd5",
                "sample2_0.chunk.2_strand_check.txt:md5,42cc52b2660b1e0b84e1c9ab37a965ec",
                "sample2_0.chunk.2_trans_read.bed:md5,38b88bf6d10e7a89a3ee121748ba8edb",
                "sample2_0.chunk.2_trans_report.txt:md5,7dfb958821fb37661fa11ddf8aa4e196",
                "sample2_0.chunk.2_varcov.txt:md5,7b77861fe5e8e953d6d193ace2467e12",
                "sample2_0.chunk.2_variants.txt:md5,a4c518e1dfb7ff762bd7e5c3d7370986",
                "sample2_0.chunk.3_collapsed.bed:md5,5eccad33957026d89c94949ea3140574",
                "sample2_0.chunk.3_local_density_error.txt:md5,94fc691e66e7e87c5c46f733c3be3388",
                "sample2_0.chunk.3_polya.txt:md5,ee69a686a6dfad12f29e235afd72b377",
                "sample2_0.chunk.3_read.txt:md5,3e6b042b3de4e109b1b866689e6e68f4",
                "sample2_0.chunk.3_strand_check.txt:md5,42cc52b2660b1e0b84e1c9ab37a965ec",
                "sample2_0.chunk.3_trans_read.bed:md5,a6ac3c8974381bed63e58ad15163b67c",
                "sample2_0.chunk.3_trans_report.txt:md5,322a3a3c470d45eabf0a6703fef1f678",
                "sample2_0.chunk.3_varcov.txt:md5,f081f4e5ce811e2e07b0a8e30159c7e1",
                "sample2_0.chunk.3_variants.txt:md5,eab69b840377a6eb680d88407ee9ff42",
                "sample2_0.chunk.4_collapsed.bed:md5,925bdc20de945f5000e5b6fc4891a8c0",
                "sample2_0.chunk.4_local_density_error.txt:md5,ae85c057bb04dd1475602f25d0508a3c",
                "sample2_0.chunk.4_polya.txt:md5,0c376d0b83d309401fc5be204a6f4c75",
                "sample2_0.chunk.4_read.txt:md5,8875c6eec65321c42136d5a34514db39",
                "sample2_0.chunk.4_strand_check.txt:md5,42cc52b2660b1e0b84e1c9ab37a965ec",
                "sample2_0.chunk.4_trans_read.bed:md5,bfe7c022e736e3b42c02392ac016eaa5",
                "sample2_0.chunk.4_trans_report.txt:md5,e33fd878d9c6353bff56cd5ae5382dd4",
                "sample2_0.chunk.4_varcov.txt:md5,7b77861fe5e8e953d6d193ace2467e12",
                "sample2_0.chunk.4_variants.txt:md5,a4c518e1dfb7ff762bd7e5c3d7370986",
                "sample2_0.chunk.5_collapsed.bed:md5,a2d1f6cc2c05a7f86f55249a15651522",
                "sample2_0.chunk.5_local_density_error.txt:md5,0540034d92a113a2164367d34e68bd1c",
                "sample2_0.chunk.5_polya.txt:md5,8b4cc38336bfe6ff6d8eca74166d24a9",
                "sample2_0.chunk.5_read.txt:md5,c2b6b13c2524204aefd6317bcec5c920",
                "sample2_0.chunk.5_strand_check.txt:md5,42cc52b2660b1e0b84e1c9ab37a965ec",
                "sample2_0.chunk.5_trans_read.bed:md5,0f977a398c84ef4895adb476c28fb215",
                "sample2_0.chunk.5_trans_report.txt:md5,c49ee65ff052a694745b9a02f62e57dd",
                "sample2_0.chunk.5_varcov.txt:md5,7b77861fe5e8e953d6d193ace2467e12",
                "sample2_0.chunk.5_variants.txt:md5,a4c518e1dfb7ff762bd7e5c3d7370986",
                "sample2_0.chunk.6_collapsed.bed:md5,8a3b904171df21304b97df7966ecef5d",
                "sample2_0.chunk.6_local_density_error.txt:md5,eedda854aeffac7f88ef2c3a556b36aa",
                "sample2_0.chunk.6_polya.txt:md5,2cb46eac9b00a08095b1bd4e0244559d",
                "sample2_0.chunk.6_read.txt:md5,039d5aa013cf6696aca12255e888cd7d",
                "sample2_0.chunk.6_strand_check.txt:md5,42cc52b2660b1e0b84e1c9ab37a965ec",
                "sample2_0.chunk.6_trans_read.bed:md5,d9fd52943675cdba5dbfac66958a2490",
                "sample2_0.chunk.6_trans_report.txt:md5,171cc0889486585a80a4a980d06eccd4",
                "sample2_0.chunk.6_varcov.txt:md5,7b77861fe5e8e953d6d193ace2467e12",
                "sample2_0.chunk.6_variants.txt:md5,a4c518e1dfb7ff762bd7e5c3d7370986",
                "sample3_1.chunk.1_collapsed.bed:md5,33f6bd7b72aa2957bbf0ceffc9ff1b32",
                "sample3_1.chunk.1_local_density_error.txt:md5,cee68a850a3d2d39877d56bdec98ee9b",
                "sample3_1.chunk.1_polya.txt:md5,628ea62b918fc4f31e109f724d714a66",
                "sample3_1.chunk.1_read.txt:md5,8dc9be90b5d89a4271938538bcde0f96",
                "sample3_1.chunk.1_strand_check.txt:md5,42cc52b2660b1e0b84e1c9ab37a965ec",
                "sample3_1.chunk.1_trans_read.bed:md5,86f4b69ae68a2ac46a38b9d82946f63e",
                "sample3_1.chunk.1_trans_report.txt:md5,41739b80f8a4b828e8d91883c514166d",
                "sample3_1.chunk.1_varcov.txt:md5,7b77861fe5e8e953d6d193ace2467e12",
                "sample3_1.chunk.1_variants.txt:md5,a4c518e1dfb7ff762bd7e5c3d7370986",
                "sample4_2.chunk.1_collapsed.bed:md5,9e7ff87f0817ff7d3c6c05f535bcfc1f",
                "sample4_2.chunk.1_local_density_error.txt:md5,ca2fa0b23f3468fd51a2acaaac6bf43a",
                "sample4_2.chunk.1_polya.txt:md5,6fd5552e7b2152e3b46cdee04b140104",
                "sample4_2.chunk.1_read.txt:md5,f2b912dfb097db08bfde7716bcaf213b",
                "sample4_2.chunk.1_strand_check.txt:md5,42cc52b2660b1e0b84e1c9ab37a965ec",
                "sample4_2.chunk.1_trans_read.bed:md5,b87f18e892b2c0cf725a5196606901ec",
                "sample4_2.chunk.1_trans_report.txt:md5,ec67e9d1422c8ad393f6501945b2c49d",
                "sample4_2.chunk.1_varcov.txt:md5,7b77861fe5e8e953d6d193ace2467e12",
                "sample4_2.chunk.1_variants.txt:md5,a4c518e1dfb7ff762bd7e5c3d7370986",
                "sample2.tsv:md5,5ee80b0a439ee6023faff9a0d555cfd8",
                "sample3.tsv:md5,d40c004ff91279dd1227faf5a1706c0f",
                "sample4.tsv:md5,3e3ef986b8eaaef1c062c5e3af27bcff",
                "sample2.bed:md5,08ea20b6d58afbefdef11bc94bb21f7e",
                "sample2_gene_report.txt:md5,9ab0871c9d06fc43854a663eed1f107a",
                "sample2_merge.txt:md5,b2dea94911775cc070379024e5a5dd3e",
                "sample2_trans_report.txt:md5,f03f6e4cc9bd247f786c217e901835b5",
                "sample3.bed:md5,33f6bd7b72aa2957bbf0ceffc9ff1b32",
                "sample3_gene_report.txt:md5,275b49b66d41e337e420d73b40771851",
                "sample3_merge.txt:md5,3988810f4afbeef5060e5f52555c8931",
                "sample3_trans_report.txt:md5,d752c2a0cdcc8ca32ff5a54288bfc68c",
                "sample4.bed:md5,9e7ff87f0817ff7d3c6c05f535bcfc1f",
                "sample4_gene_report.txt:md5,88c1ef0edb49837b8c47806378a874a3",
                "sample4_merge.txt:md5,70c3d978aa92df9a51d7e8dac5bf8f6d",
                "sample4_trans_report.txt:md5,62625a7afea59da897f49e70a747d6c2",
                "database.db:md5,c0af58dc048c951aec5a2b087c1fdb35",
                "genome.gtf:md5,42790347cfe144a957e5fd2a2a3b8d7f",
                "multiqc_citations.txt:md5,4c806e63a283ec1b7e78cdae3a923d4f",
                "multiqc_lima_counts.txt:md5,d00757e4773f621db4f5459ca7a21088",
                "multiqc_lima_summary.txt:md5,26fd02b7a09876ee334251e5afabc5b1"
            ]
        ],
        "timestamp": "2026-09-21T12:49:13.6196794",
        "meta": {
            "nf-test": "0.9.5",
            "nextflow": "26.04.6"
        }
    }
}