{
    "-profile test_inputs_multi_lib": {
        "content": [
            {
                "BAMTOOLS_CONVERT": {
                    "bamtools": "2.5.2"
                },
                "GSTAMA_COLLAPSE": {
                    "gstama": 20211103
                },
                "GSTAMA_MERGE": {
                    "gstama": "0.0.1"
                },
                "GSTAMA_POLYACLEANUP": {
                    "gstama": 20211103
                },
                "ISOSEQ_REFINE": {
                    "isoseq": "4.0.0"
                },
                "LIMA": {
                    "lima": "2.12.0"
                },
                "MINIMAP2_ALIGN": {
                    "minimap2": "2.29-r1283",
                    "samtools": 1.21
                },
                "PBCCS": {
                    "pbccs": "6.4.0"
                }
            },
            [
                "01_PBCCS",
                "01_PBCCS/sample1_0.chunk1.bam",
                "01_PBCCS/sample1_0.chunk1.bam.pbi",
                "01_PBCCS/sample1_0.chunk1.metrics.json.gz",
                "01_PBCCS/sample1_0.chunk1.report.json",
                "01_PBCCS/sample1_0.chunk1.report.txt",
                "01_PBCCS/sample1_0.chunk2.bam",
                "01_PBCCS/sample1_0.chunk2.bam.pbi",
                "01_PBCCS/sample1_0.chunk2.metrics.json.gz",
                "01_PBCCS/sample1_0.chunk2.report.json",
                "01_PBCCS/sample1_0.chunk2.report.txt",
                "01_PBCCS/sample1_0.chunk3.bam",
                "01_PBCCS/sample1_0.chunk3.bam.pbi",
                "01_PBCCS/sample1_0.chunk3.metrics.json.gz",
                "01_PBCCS/sample1_0.chunk3.report.json",
                "01_PBCCS/sample1_0.chunk3.report.txt",
                "01_PBCCS/sample1_0.chunk4.bam",
                "01_PBCCS/sample1_0.chunk4.bam.pbi",
                "01_PBCCS/sample1_0.chunk4.metrics.json.gz",
                "01_PBCCS/sample1_0.chunk4.report.json",
                "01_PBCCS/sample1_0.chunk4.report.txt",
                "01_PBCCS/sample1_0.chunk5.bam",
                "01_PBCCS/sample1_0.chunk5.bam.pbi",
                "01_PBCCS/sample1_0.chunk5.metrics.json.gz",
                "01_PBCCS/sample1_0.chunk5.report.json",
                "01_PBCCS/sample1_0.chunk5.report.txt",
                "01_PBCCS/sample1_1.chunk1.bam",
                "01_PBCCS/sample1_1.chunk1.bam.pbi",
                "01_PBCCS/sample1_1.chunk1.metrics.json.gz",
                "01_PBCCS/sample1_1.chunk1.report.json",
                "01_PBCCS/sample1_1.chunk1.report.txt",
                "01_PBCCS/sample1_1.chunk2.bam",
                "01_PBCCS/sample1_1.chunk2.bam.pbi",
                "01_PBCCS/sample1_1.chunk2.metrics.json.gz",
                "01_PBCCS/sample1_1.chunk2.report.json",
                "01_PBCCS/sample1_1.chunk2.report.txt",
                "01_PBCCS/sample1_1.chunk3.bam",
                "01_PBCCS/sample1_1.chunk3.bam.pbi",
                "01_PBCCS/sample1_1.chunk3.metrics.json.gz",
                "01_PBCCS/sample1_1.chunk3.report.json",
                "01_PBCCS/sample1_1.chunk3.report.txt",
                "01_PBCCS/sample1_1.chunk4.bam",
                "01_PBCCS/sample1_1.chunk4.bam.pbi",
                "01_PBCCS/sample1_1.chunk4.metrics.json.gz",
                "01_PBCCS/sample1_1.chunk4.report.json",
                "01_PBCCS/sample1_1.chunk4.report.txt",
                "01_PBCCS/sample1_1.chunk5.bam",
                "01_PBCCS/sample1_1.chunk5.bam.pbi",
                "01_PBCCS/sample1_1.chunk5.metrics.json.gz",
                "01_PBCCS/sample1_1.chunk5.report.json",
                "01_PBCCS/sample1_1.chunk5.report.txt",
                "02_LIMA",
                "02_LIMA/sample1_0.chunk1_flnc.NEB_5p--NEB_Clontech_3p.bam",
                "02_LIMA/sample1_0.chunk1_flnc.NEB_5p--NEB_Clontech_3p.bam.pbi",
                "02_LIMA/sample1_0.chunk1_flnc.NEB_5p--NEB_Clontech_3p.consensusreadset.xml",
                "02_LIMA/sample1_0.chunk1_flnc.consensusreadset.xml",
                "02_LIMA/sample1_0.chunk1_flnc.json",
                "02_LIMA/sample1_0.chunk1_flnc.lima.clips",
                "02_LIMA/sample1_0.chunk1_flnc.lima.counts",
                "02_LIMA/sample1_0.chunk1_flnc.lima.guess",
                "02_LIMA/sample1_0.chunk1_flnc.lima.report",
                "02_LIMA/sample1_0.chunk1_flnc.lima.summary",
                "02_LIMA/sample1_0.chunk2_flnc.NEB_5p--NEB_Clontech_3p.bam",
                "02_LIMA/sample1_0.chunk2_flnc.NEB_5p--NEB_Clontech_3p.bam.pbi",
                "02_LIMA/sample1_0.chunk2_flnc.NEB_5p--NEB_Clontech_3p.consensusreadset.xml",
                "02_LIMA/sample1_0.chunk2_flnc.consensusreadset.xml",
                "02_LIMA/sample1_0.chunk2_flnc.json",
                "02_LIMA/sample1_0.chunk2_flnc.lima.clips",
                "02_LIMA/sample1_0.chunk2_flnc.lima.counts",
                "02_LIMA/sample1_0.chunk2_flnc.lima.guess",
                "02_LIMA/sample1_0.chunk2_flnc.lima.report",
                "02_LIMA/sample1_0.chunk2_flnc.lima.summary",
                "02_LIMA/sample1_0.chunk3_flnc.NEB_5p--NEB_Clontech_3p.bam",
                "02_LIMA/sample1_0.chunk3_flnc.NEB_5p--NEB_Clontech_3p.bam.pbi",
                "02_LIMA/sample1_0.chunk3_flnc.NEB_5p--NEB_Clontech_3p.consensusreadset.xml",
                "02_LIMA/sample1_0.chunk3_flnc.consensusreadset.xml",
                "02_LIMA/sample1_0.chunk3_flnc.json",
                "02_LIMA/sample1_0.chunk3_flnc.lima.clips",
                "02_LIMA/sample1_0.chunk3_flnc.lima.counts",
                "02_LIMA/sample1_0.chunk3_flnc.lima.guess",
                "02_LIMA/sample1_0.chunk3_flnc.lima.report",
                "02_LIMA/sample1_0.chunk3_flnc.lima.summary",
                "02_LIMA/sample1_0.chunk4_flnc.NEB_5p--NEB_Clontech_3p.bam",
                "02_LIMA/sample1_0.chunk4_flnc.NEB_5p--NEB_Clontech_3p.bam.pbi",
                "02_LIMA/sample1_0.chunk4_flnc.NEB_5p--NEB_Clontech_3p.consensusreadset.xml",
                "02_LIMA/sample1_0.chunk4_flnc.consensusreadset.xml",
                "02_LIMA/sample1_0.chunk4_flnc.json",
                "02_LIMA/sample1_0.chunk4_flnc.lima.clips",
                "02_LIMA/sample1_0.chunk4_flnc.lima.counts",
                "02_LIMA/sample1_0.chunk4_flnc.lima.guess",
                "02_LIMA/sample1_0.chunk4_flnc.lima.report",
                "02_LIMA/sample1_0.chunk4_flnc.lima.summary",
                "02_LIMA/sample1_0.chunk5_flnc.NEB_5p--NEB_Clontech_3p.bam",
                "02_LIMA/sample1_0.chunk5_flnc.NEB_5p--NEB_Clontech_3p.bam.pbi",
                "02_LIMA/sample1_0.chunk5_flnc.NEB_5p--NEB_Clontech_3p.consensusreadset.xml",
                "02_LIMA/sample1_0.chunk5_flnc.consensusreadset.xml",
                "02_LIMA/sample1_0.chunk5_flnc.json",
                "02_LIMA/sample1_0.chunk5_flnc.lima.clips",
                "02_LIMA/sample1_0.chunk5_flnc.lima.counts",
                "02_LIMA/sample1_0.chunk5_flnc.lima.guess",
                "02_LIMA/sample1_0.chunk5_flnc.lima.report",
                "02_LIMA/sample1_0.chunk5_flnc.lima.summary",
                "02_LIMA/sample1_1.chunk1_flnc.NEB_5p--NEB_Clontech_3p.bam",
                "02_LIMA/sample1_1.chunk1_flnc.NEB_5p--NEB_Clontech_3p.bam.pbi",
                "02_LIMA/sample1_1.chunk1_flnc.NEB_5p--NEB_Clontech_3p.consensusreadset.xml",
                "02_LIMA/sample1_1.chunk1_flnc.consensusreadset.xml",
                "02_LIMA/sample1_1.chunk1_flnc.json",
                "02_LIMA/sample1_1.chunk1_flnc.lima.clips",
                "02_LIMA/sample1_1.chunk1_flnc.lima.counts",
                "02_LIMA/sample1_1.chunk1_flnc.lima.guess",
                "02_LIMA/sample1_1.chunk1_flnc.lima.report",
                "02_LIMA/sample1_1.chunk1_flnc.lima.summary",
                "02_LIMA/sample1_1.chunk2_flnc.NEB_5p--NEB_Clontech_3p.bam",
                "02_LIMA/sample1_1.chunk2_flnc.NEB_5p--NEB_Clontech_3p.bam.pbi",
                "02_LIMA/sample1_1.chunk2_flnc.NEB_5p--NEB_Clontech_3p.consensusreadset.xml",
                "02_LIMA/sample1_1.chunk2_flnc.consensusreadset.xml",
                "02_LIMA/sample1_1.chunk2_flnc.json",
                "02_LIMA/sample1_1.chunk2_flnc.lima.clips",
                "02_LIMA/sample1_1.chunk2_flnc.lima.counts",
                "02_LIMA/sample1_1.chunk2_flnc.lima.guess",
                "02_LIMA/sample1_1.chunk2_flnc.lima.report",
                "02_LIMA/sample1_1.chunk2_flnc.lima.summary",
                "02_LIMA/sample1_1.chunk3_flnc.NEB_5p--NEB_Clontech_3p.bam",
                "02_LIMA/sample1_1.chunk3_flnc.NEB_5p--NEB_Clontech_3p.bam.pbi",
                "02_LIMA/sample1_1.chunk3_flnc.NEB_5p--NEB_Clontech_3p.consensusreadset.xml",
                "02_LIMA/sample1_1.chunk3_flnc.consensusreadset.xml",
                "02_LIMA/sample1_1.chunk3_flnc.json",
                "02_LIMA/sample1_1.chunk3_flnc.lima.clips",
                "02_LIMA/sample1_1.chunk3_flnc.lima.counts",
                "02_LIMA/sample1_1.chunk3_flnc.lima.guess",
                "02_LIMA/sample1_1.chunk3_flnc.lima.report",
                "02_LIMA/sample1_1.chunk3_flnc.lima.summary",
                "02_LIMA/sample1_1.chunk4_flnc.NEB_5p--NEB_Clontech_3p.bam",
                "02_LIMA/sample1_1.chunk4_flnc.NEB_5p--NEB_Clontech_3p.bam.pbi",
                "02_LIMA/sample1_1.chunk4_flnc.NEB_5p--NEB_Clontech_3p.consensusreadset.xml",
                "02_LIMA/sample1_1.chunk4_flnc.consensusreadset.xml",
                "02_LIMA/sample1_1.chunk4_flnc.json",
                "02_LIMA/sample1_1.chunk4_flnc.lima.clips",
                "02_LIMA/sample1_1.chunk4_flnc.lima.counts",
                "02_LIMA/sample1_1.chunk4_flnc.lima.guess",
                "02_LIMA/sample1_1.chunk4_flnc.lima.report",
                "02_LIMA/sample1_1.chunk4_flnc.lima.summary",
                "02_LIMA/sample1_1.chunk5_flnc.NEB_5p--NEB_Clontech_3p.bam",
                "02_LIMA/sample1_1.chunk5_flnc.NEB_5p--NEB_Clontech_3p.bam.pbi",
                "02_LIMA/sample1_1.chunk5_flnc.NEB_5p--NEB_Clontech_3p.consensusreadset.xml",
                "02_LIMA/sample1_1.chunk5_flnc.consensusreadset.xml",
                "02_LIMA/sample1_1.chunk5_flnc.json",
                "02_LIMA/sample1_1.chunk5_flnc.lima.clips",
                "02_LIMA/sample1_1.chunk5_flnc.lima.counts",
                "02_LIMA/sample1_1.chunk5_flnc.lima.guess",
                "02_LIMA/sample1_1.chunk5_flnc.lima.report",
                "02_LIMA/sample1_1.chunk5_flnc.lima.summary",
                "02_LIMA/sample2_3_flnc.NEB_5p--NEB_Clontech_3p.bam",
                "02_LIMA/sample2_3_flnc.NEB_5p--NEB_Clontech_3p.bam.pbi",
                "02_LIMA/sample2_3_flnc.NEB_5p--NEB_Clontech_3p.consensusreadset.xml",
                "02_LIMA/sample2_3_flnc.consensusreadset.xml",
                "02_LIMA/sample2_3_flnc.json",
                "02_LIMA/sample2_3_flnc.lima.clips",
                "02_LIMA/sample2_3_flnc.lima.counts",
                "02_LIMA/sample2_3_flnc.lima.guess",
                "02_LIMA/sample2_3_flnc.lima.report",
                "02_LIMA/sample2_3_flnc.lima.summary",
                "03_ISOSEQ_REFINE",
                "03_ISOSEQ_REFINE/sample1_0.chunk1.bam",
                "03_ISOSEQ_REFINE/sample1_0.chunk1.bam.pbi",
                "03_ISOSEQ_REFINE/sample1_0.chunk1.consensusreadset.xml",
                "03_ISOSEQ_REFINE/sample1_0.chunk1.filter_summary.report.json",
                "03_ISOSEQ_REFINE/sample1_0.chunk1.report.csv",
                "03_ISOSEQ_REFINE/sample1_0.chunk2.bam",
                "03_ISOSEQ_REFINE/sample1_0.chunk2.bam.pbi",
                "03_ISOSEQ_REFINE/sample1_0.chunk2.consensusreadset.xml",
                "03_ISOSEQ_REFINE/sample1_0.chunk2.filter_summary.report.json",
                "03_ISOSEQ_REFINE/sample1_0.chunk2.report.csv",
                "03_ISOSEQ_REFINE/sample1_0.chunk3.bam",
                "03_ISOSEQ_REFINE/sample1_0.chunk3.bam.pbi",
                "03_ISOSEQ_REFINE/sample1_0.chunk3.consensusreadset.xml",
                "03_ISOSEQ_REFINE/sample1_0.chunk3.filter_summary.report.json",
                "03_ISOSEQ_REFINE/sample1_0.chunk3.report.csv",
                "03_ISOSEQ_REFINE/sample1_0.chunk4.bam",
                "03_ISOSEQ_REFINE/sample1_0.chunk4.bam.pbi",
                "03_ISOSEQ_REFINE/sample1_0.chunk4.consensusreadset.xml",
                "03_ISOSEQ_REFINE/sample1_0.chunk4.filter_summary.report.json",
                "03_ISOSEQ_REFINE/sample1_0.chunk4.report.csv",
                "03_ISOSEQ_REFINE/sample1_0.chunk5.bam",
                "03_ISOSEQ_REFINE/sample1_0.chunk5.bam.pbi",
                "03_ISOSEQ_REFINE/sample1_0.chunk5.consensusreadset.xml",
                "03_ISOSEQ_REFINE/sample1_0.chunk5.filter_summary.report.json",
                "03_ISOSEQ_REFINE/sample1_0.chunk5.report.csv",
                "03_ISOSEQ_REFINE/sample1_1.chunk1.bam",
                "03_ISOSEQ_REFINE/sample1_1.chunk1.bam.pbi",
                "03_ISOSEQ_REFINE/sample1_1.chunk1.consensusreadset.xml",
                "03_ISOSEQ_REFINE/sample1_1.chunk1.filter_summary.report.json",
                "03_ISOSEQ_REFINE/sample1_1.chunk1.report.csv",
                "03_ISOSEQ_REFINE/sample1_1.chunk2.bam",
                "03_ISOSEQ_REFINE/sample1_1.chunk2.bam.pbi",
                "03_ISOSEQ_REFINE/sample1_1.chunk2.consensusreadset.xml",
                "03_ISOSEQ_REFINE/sample1_1.chunk2.filter_summary.report.json",
                "03_ISOSEQ_REFINE/sample1_1.chunk2.report.csv",
                "03_ISOSEQ_REFINE/sample1_1.chunk3.bam",
                "03_ISOSEQ_REFINE/sample1_1.chunk3.bam.pbi",
                "03_ISOSEQ_REFINE/sample1_1.chunk3.consensusreadset.xml",
                "03_ISOSEQ_REFINE/sample1_1.chunk3.filter_summary.report.json",
                "03_ISOSEQ_REFINE/sample1_1.chunk3.report.csv",
                "03_ISOSEQ_REFINE/sample1_1.chunk4.bam",
                "03_ISOSEQ_REFINE/sample1_1.chunk4.bam.pbi",
                "03_ISOSEQ_REFINE/sample1_1.chunk4.consensusreadset.xml",
                "03_ISOSEQ_REFINE/sample1_1.chunk4.filter_summary.report.json",
                "03_ISOSEQ_REFINE/sample1_1.chunk4.report.csv",
                "03_ISOSEQ_REFINE/sample1_1.chunk5.bam",
                "03_ISOSEQ_REFINE/sample1_1.chunk5.bam.pbi",
                "03_ISOSEQ_REFINE/sample1_1.chunk5.consensusreadset.xml",
                "03_ISOSEQ_REFINE/sample1_1.chunk5.filter_summary.report.json",
                "03_ISOSEQ_REFINE/sample1_1.chunk5.report.csv",
                "03_ISOSEQ_REFINE/sample2_3.bam",
                "03_ISOSEQ_REFINE/sample2_3.bam.pbi",
                "03_ISOSEQ_REFINE/sample2_3.consensusreadset.xml",
                "03_ISOSEQ_REFINE/sample2_3.filter_summary.report.json",
                "03_ISOSEQ_REFINE/sample2_3.report.csv",
                "03_ISOSEQ_REFINE/sample3_4.bam",
                "03_ISOSEQ_REFINE/sample3_4.bam.pbi",
                "03_ISOSEQ_REFINE/sample3_4.consensusreadset.xml",
                "03_ISOSEQ_REFINE/sample3_4.filter_summary.report.json",
                "03_ISOSEQ_REFINE/sample3_4.report.csv",
                "04_BAMTOOLS_CONVERT",
                "04_BAMTOOLS_CONVERT/sample1_0.chunk1.fasta",
                "04_BAMTOOLS_CONVERT/sample1_0.chunk2.fasta",
                "04_BAMTOOLS_CONVERT/sample1_0.chunk3.fasta",
                "04_BAMTOOLS_CONVERT/sample1_0.chunk4.fasta",
                "04_BAMTOOLS_CONVERT/sample1_0.chunk5.fasta",
                "04_BAMTOOLS_CONVERT/sample1_1.chunk1.fasta",
                "04_BAMTOOLS_CONVERT/sample1_1.chunk2.fasta",
                "04_BAMTOOLS_CONVERT/sample1_1.chunk3.fasta",
                "04_BAMTOOLS_CONVERT/sample1_1.chunk4.fasta",
                "04_BAMTOOLS_CONVERT/sample1_1.chunk5.fasta",
                "04_BAMTOOLS_CONVERT/sample2_3.fasta",
                "04_BAMTOOLS_CONVERT/sample3_4.fasta",
                "05_GSTAMA_POLYACLEANUP",
                "05_GSTAMA_POLYACLEANUP/sample1_0.chunk1_tama.fa.gz",
                "05_GSTAMA_POLYACLEANUP/sample1_0.chunk1_tama_polya_flnc_report.txt.gz",
                "05_GSTAMA_POLYACLEANUP/sample1_0.chunk1_tama_tails.fa.gz",
                "05_GSTAMA_POLYACLEANUP/sample1_0.chunk2_tama.fa.gz",
                "05_GSTAMA_POLYACLEANUP/sample1_0.chunk2_tama_polya_flnc_report.txt.gz",
                "05_GSTAMA_POLYACLEANUP/sample1_0.chunk2_tama_tails.fa.gz",
                "05_GSTAMA_POLYACLEANUP/sample1_0.chunk3_tama.fa.gz",
                "05_GSTAMA_POLYACLEANUP/sample1_0.chunk3_tama_polya_flnc_report.txt.gz",
                "05_GSTAMA_POLYACLEANUP/sample1_0.chunk3_tama_tails.fa.gz",
                "05_GSTAMA_POLYACLEANUP/sample1_0.chunk4_tama.fa.gz",
                "05_GSTAMA_POLYACLEANUP/sample1_0.chunk4_tama_polya_flnc_report.txt.gz",
                "05_GSTAMA_POLYACLEANUP/sample1_0.chunk4_tama_tails.fa.gz",
                "05_GSTAMA_POLYACLEANUP/sample1_0.chunk5_tama.fa.gz",
                "05_GSTAMA_POLYACLEANUP/sample1_0.chunk5_tama_polya_flnc_report.txt.gz",
                "05_GSTAMA_POLYACLEANUP/sample1_0.chunk5_tama_tails.fa.gz",
                "05_GSTAMA_POLYACLEANUP/sample1_1.chunk1_tama.fa.gz",
                "05_GSTAMA_POLYACLEANUP/sample1_1.chunk1_tama_polya_flnc_report.txt.gz",
                "05_GSTAMA_POLYACLEANUP/sample1_1.chunk1_tama_tails.fa.gz",
                "05_GSTAMA_POLYACLEANUP/sample1_1.chunk2_tama.fa.gz",
                "05_GSTAMA_POLYACLEANUP/sample1_1.chunk2_tama_polya_flnc_report.txt.gz",
                "05_GSTAMA_POLYACLEANUP/sample1_1.chunk2_tama_tails.fa.gz",
                "05_GSTAMA_POLYACLEANUP/sample1_1.chunk3_tama.fa.gz",
                "05_GSTAMA_POLYACLEANUP/sample1_1.chunk3_tama_polya_flnc_report.txt.gz",
                "05_GSTAMA_POLYACLEANUP/sample1_1.chunk3_tama_tails.fa.gz",
                "05_GSTAMA_POLYACLEANUP/sample1_1.chunk4_tama.fa.gz",
                "05_GSTAMA_POLYACLEANUP/sample1_1.chunk4_tama_polya_flnc_report.txt.gz",
                "05_GSTAMA_POLYACLEANUP/sample1_1.chunk4_tama_tails.fa.gz",
                "05_GSTAMA_POLYACLEANUP/sample1_1.chunk5_tama.fa.gz",
                "05_GSTAMA_POLYACLEANUP/sample1_1.chunk5_tama_polya_flnc_report.txt.gz",
                "05_GSTAMA_POLYACLEANUP/sample1_1.chunk5_tama_tails.fa.gz",
                "05_GSTAMA_POLYACLEANUP/sample2_3.chunk.1_tama.fa.gz",
                "05_GSTAMA_POLYACLEANUP/sample2_3.chunk.1_tama_polya_flnc_report.txt.gz",
                "05_GSTAMA_POLYACLEANUP/sample2_3.chunk.1_tama_tails.fa.gz",
                "05_GSTAMA_POLYACLEANUP/sample2_3.chunk.2_tama.fa.gz",
                "05_GSTAMA_POLYACLEANUP/sample2_3.chunk.2_tama_polya_flnc_report.txt.gz",
                "05_GSTAMA_POLYACLEANUP/sample2_3.chunk.2_tama_tails.fa.gz",
                "05_GSTAMA_POLYACLEANUP/sample2_3.chunk.3_tama.fa.gz",
                "05_GSTAMA_POLYACLEANUP/sample2_3.chunk.3_tama_polya_flnc_report.txt.gz",
                "05_GSTAMA_POLYACLEANUP/sample2_3.chunk.3_tama_tails.fa.gz",
                "05_GSTAMA_POLYACLEANUP/sample2_3.chunk.4_tama.fa.gz",
                "05_GSTAMA_POLYACLEANUP/sample2_3.chunk.4_tama_polya_flnc_report.txt.gz",
                "05_GSTAMA_POLYACLEANUP/sample2_3.chunk.4_tama_tails.fa.gz",
                "05_GSTAMA_POLYACLEANUP/sample2_3.chunk.5_tama.fa.gz",
                "05_GSTAMA_POLYACLEANUP/sample2_3.chunk.5_tama_polya_flnc_report.txt.gz",
                "05_GSTAMA_POLYACLEANUP/sample2_3.chunk.5_tama_tails.fa.gz",
                "05_GSTAMA_POLYACLEANUP/sample2_3.chunk.6_tama.fa.gz",
                "05_GSTAMA_POLYACLEANUP/sample2_3.chunk.6_tama_polya_flnc_report.txt.gz",
                "05_GSTAMA_POLYACLEANUP/sample2_3.chunk.6_tama_tails.fa.gz",
                "05_GSTAMA_POLYACLEANUP/sample3_4.chunk.1_tama.fa.gz",
                "05_GSTAMA_POLYACLEANUP/sample3_4.chunk.1_tama_polya_flnc_report.txt.gz",
                "05_GSTAMA_POLYACLEANUP/sample3_4.chunk.1_tama_tails.fa.gz",
                "06_MINIMAP2",
                "06_MINIMAP2/sample1_0.chunk1.bam",
                "06_MINIMAP2/sample1_0.chunk1.bam.bai",
                "06_MINIMAP2/sample1_0.chunk2.bam",
                "06_MINIMAP2/sample1_0.chunk2.bam.bai",
                "06_MINIMAP2/sample1_0.chunk3.bam",
                "06_MINIMAP2/sample1_0.chunk3.bam.bai",
                "06_MINIMAP2/sample1_0.chunk4.bam",
                "06_MINIMAP2/sample1_0.chunk4.bam.bai",
                "06_MINIMAP2/sample1_0.chunk5.bam",
                "06_MINIMAP2/sample1_0.chunk5.bam.bai",
                "06_MINIMAP2/sample1_1.chunk1.bam",
                "06_MINIMAP2/sample1_1.chunk1.bam.bai",
                "06_MINIMAP2/sample1_1.chunk2.bam",
                "06_MINIMAP2/sample1_1.chunk2.bam.bai",
                "06_MINIMAP2/sample1_1.chunk3.bam",
                "06_MINIMAP2/sample1_1.chunk3.bam.bai",
                "06_MINIMAP2/sample1_1.chunk4.bam",
                "06_MINIMAP2/sample1_1.chunk4.bam.bai",
                "06_MINIMAP2/sample1_1.chunk5.bam",
                "06_MINIMAP2/sample1_1.chunk5.bam.bai",
                "06_MINIMAP2/sample1_2.chunk.1.bam",
                "06_MINIMAP2/sample1_2.chunk.1.bam.bai",
                "06_MINIMAP2/sample2_3.chunk.1.bam",
                "06_MINIMAP2/sample2_3.chunk.1.bam.bai",
                "06_MINIMAP2/sample2_3.chunk.2.bam",
                "06_MINIMAP2/sample2_3.chunk.2.bam.bai",
                "06_MINIMAP2/sample2_3.chunk.3.bam",
                "06_MINIMAP2/sample2_3.chunk.3.bam.bai",
                "06_MINIMAP2/sample2_3.chunk.4.bam",
                "06_MINIMAP2/sample2_3.chunk.4.bam.bai",
                "06_MINIMAP2/sample2_3.chunk.5.bam",
                "06_MINIMAP2/sample2_3.chunk.5.bam.bai",
                "06_MINIMAP2/sample2_3.chunk.6.bam",
                "06_MINIMAP2/sample2_3.chunk.6.bam.bai",
                "06_MINIMAP2/sample3_4.chunk.1.bam",
                "06_MINIMAP2/sample3_4.chunk.1.bam.bai",
                "07_GSTAMA_COLLAPSE",
                "07_GSTAMA_COLLAPSE/sample1_0.chunk1_collapsed.bed",
                "07_GSTAMA_COLLAPSE/sample1_0.chunk1_local_density_error.txt",
                "07_GSTAMA_COLLAPSE/sample1_0.chunk1_polya.txt",
                "07_GSTAMA_COLLAPSE/sample1_0.chunk1_read.txt",
                "07_GSTAMA_COLLAPSE/sample1_0.chunk1_strand_check.txt",
                "07_GSTAMA_COLLAPSE/sample1_0.chunk1_trans_read.bed",
                "07_GSTAMA_COLLAPSE/sample1_0.chunk1_trans_report.txt",
                "07_GSTAMA_COLLAPSE/sample1_0.chunk1_varcov.txt",
                "07_GSTAMA_COLLAPSE/sample1_0.chunk1_variants.txt",
                "07_GSTAMA_COLLAPSE/sample1_0.chunk2_collapsed.bed",
                "07_GSTAMA_COLLAPSE/sample1_0.chunk2_local_density_error.txt",
                "07_GSTAMA_COLLAPSE/sample1_0.chunk2_polya.txt",
                "07_GSTAMA_COLLAPSE/sample1_0.chunk2_read.txt",
                "07_GSTAMA_COLLAPSE/sample1_0.chunk2_strand_check.txt",
                "07_GSTAMA_COLLAPSE/sample1_0.chunk2_trans_read.bed",
                "07_GSTAMA_COLLAPSE/sample1_0.chunk2_trans_report.txt",
                "07_GSTAMA_COLLAPSE/sample1_0.chunk2_varcov.txt",
                "07_GSTAMA_COLLAPSE/sample1_0.chunk2_variants.txt",
                "07_GSTAMA_COLLAPSE/sample1_0.chunk3_collapsed.bed",
                "07_GSTAMA_COLLAPSE/sample1_0.chunk3_local_density_error.txt",
                "07_GSTAMA_COLLAPSE/sample1_0.chunk3_polya.txt",
                "07_GSTAMA_COLLAPSE/sample1_0.chunk3_read.txt",
                "07_GSTAMA_COLLAPSE/sample1_0.chunk3_strand_check.txt",
                "07_GSTAMA_COLLAPSE/sample1_0.chunk3_trans_read.bed",
                "07_GSTAMA_COLLAPSE/sample1_0.chunk3_trans_report.txt",
                "07_GSTAMA_COLLAPSE/sample1_0.chunk3_varcov.txt",
                "07_GSTAMA_COLLAPSE/sample1_0.chunk3_variants.txt",
                "07_GSTAMA_COLLAPSE/sample1_0.chunk4_collapsed.bed",
                "07_GSTAMA_COLLAPSE/sample1_0.chunk4_local_density_error.txt",
                "07_GSTAMA_COLLAPSE/sample1_0.chunk4_polya.txt",
                "07_GSTAMA_COLLAPSE/sample1_0.chunk4_read.txt",
                "07_GSTAMA_COLLAPSE/sample1_0.chunk4_strand_check.txt",
                "07_GSTAMA_COLLAPSE/sample1_0.chunk4_trans_read.bed",
                "07_GSTAMA_COLLAPSE/sample1_0.chunk4_trans_report.txt",
                "07_GSTAMA_COLLAPSE/sample1_0.chunk4_varcov.txt",
                "07_GSTAMA_COLLAPSE/sample1_0.chunk4_variants.txt",
                "07_GSTAMA_COLLAPSE/sample1_0.chunk5_collapsed.bed",
                "07_GSTAMA_COLLAPSE/sample1_0.chunk5_local_density_error.txt",
                "07_GSTAMA_COLLAPSE/sample1_0.chunk5_polya.txt",
                "07_GSTAMA_COLLAPSE/sample1_0.chunk5_read.txt",
                "07_GSTAMA_COLLAPSE/sample1_0.chunk5_strand_check.txt",
                "07_GSTAMA_COLLAPSE/sample1_0.chunk5_trans_read.bed",
                "07_GSTAMA_COLLAPSE/sample1_0.chunk5_trans_report.txt",
                "07_GSTAMA_COLLAPSE/sample1_0.chunk5_varcov.txt",
                "07_GSTAMA_COLLAPSE/sample1_0.chunk5_variants.txt",
                "07_GSTAMA_COLLAPSE/sample1_1.chunk1_collapsed.bed",
                "07_GSTAMA_COLLAPSE/sample1_1.chunk1_local_density_error.txt",
                "07_GSTAMA_COLLAPSE/sample1_1.chunk1_polya.txt",
                "07_GSTAMA_COLLAPSE/sample1_1.chunk1_read.txt",
                "07_GSTAMA_COLLAPSE/sample1_1.chunk1_strand_check.txt",
                "07_GSTAMA_COLLAPSE/sample1_1.chunk1_trans_read.bed",
                "07_GSTAMA_COLLAPSE/sample1_1.chunk1_trans_report.txt",
                "07_GSTAMA_COLLAPSE/sample1_1.chunk1_varcov.txt",
                "07_GSTAMA_COLLAPSE/sample1_1.chunk1_variants.txt",
                "07_GSTAMA_COLLAPSE/sample1_1.chunk2_collapsed.bed",
                "07_GSTAMA_COLLAPSE/sample1_1.chunk2_local_density_error.txt",
                "07_GSTAMA_COLLAPSE/sample1_1.chunk2_polya.txt",
                "07_GSTAMA_COLLAPSE/sample1_1.chunk2_read.txt",
                "07_GSTAMA_COLLAPSE/sample1_1.chunk2_strand_check.txt",
                "07_GSTAMA_COLLAPSE/sample1_1.chunk2_trans_read.bed",
                "07_GSTAMA_COLLAPSE/sample1_1.chunk2_trans_report.txt",
                "07_GSTAMA_COLLAPSE/sample1_1.chunk2_varcov.txt",
                "07_GSTAMA_COLLAPSE/sample1_1.chunk2_variants.txt",
                "07_GSTAMA_COLLAPSE/sample1_1.chunk3_collapsed.bed",
                "07_GSTAMA_COLLAPSE/sample1_1.chunk3_local_density_error.txt",
                "07_GSTAMA_COLLAPSE/sample1_1.chunk3_polya.txt",
                "07_GSTAMA_COLLAPSE/sample1_1.chunk3_read.txt",
                "07_GSTAMA_COLLAPSE/sample1_1.chunk3_strand_check.txt",
                "07_GSTAMA_COLLAPSE/sample1_1.chunk3_trans_read.bed",
                "07_GSTAMA_COLLAPSE/sample1_1.chunk3_trans_report.txt",
                "07_GSTAMA_COLLAPSE/sample1_1.chunk3_varcov.txt",
                "07_GSTAMA_COLLAPSE/sample1_1.chunk3_variants.txt",
                "07_GSTAMA_COLLAPSE/sample1_1.chunk4_collapsed.bed",
                "07_GSTAMA_COLLAPSE/sample1_1.chunk4_local_density_error.txt",
                "07_GSTAMA_COLLAPSE/sample1_1.chunk4_polya.txt",
                "07_GSTAMA_COLLAPSE/sample1_1.chunk4_read.txt",
                "07_GSTAMA_COLLAPSE/sample1_1.chunk4_strand_check.txt",
                "07_GSTAMA_COLLAPSE/sample1_1.chunk4_trans_read.bed",
                "07_GSTAMA_COLLAPSE/sample1_1.chunk4_trans_report.txt",
                "07_GSTAMA_COLLAPSE/sample1_1.chunk4_varcov.txt",
                "07_GSTAMA_COLLAPSE/sample1_1.chunk4_variants.txt",
                "07_GSTAMA_COLLAPSE/sample1_1.chunk5_collapsed.bed",
                "07_GSTAMA_COLLAPSE/sample1_1.chunk5_local_density_error.txt",
                "07_GSTAMA_COLLAPSE/sample1_1.chunk5_polya.txt",
                "07_GSTAMA_COLLAPSE/sample1_1.chunk5_read.txt",
                "07_GSTAMA_COLLAPSE/sample1_1.chunk5_strand_check.txt",
                "07_GSTAMA_COLLAPSE/sample1_1.chunk5_trans_read.bed",
                "07_GSTAMA_COLLAPSE/sample1_1.chunk5_trans_report.txt",
                "07_GSTAMA_COLLAPSE/sample1_1.chunk5_varcov.txt",
                "07_GSTAMA_COLLAPSE/sample1_1.chunk5_variants.txt",
                "07_GSTAMA_COLLAPSE/sample1_2.chunk.1_collapsed.bed",
                "07_GSTAMA_COLLAPSE/sample1_2.chunk.1_local_density_error.txt",
                "07_GSTAMA_COLLAPSE/sample1_2.chunk.1_polya.txt",
                "07_GSTAMA_COLLAPSE/sample1_2.chunk.1_read.txt",
                "07_GSTAMA_COLLAPSE/sample1_2.chunk.1_strand_check.txt",
                "07_GSTAMA_COLLAPSE/sample1_2.chunk.1_trans_read.bed",
                "07_GSTAMA_COLLAPSE/sample1_2.chunk.1_trans_report.txt",
                "07_GSTAMA_COLLAPSE/sample1_2.chunk.1_varcov.txt",
                "07_GSTAMA_COLLAPSE/sample1_2.chunk.1_variants.txt",
                "07_GSTAMA_COLLAPSE/sample2_3.chunk.1_collapsed.bed",
                "07_GSTAMA_COLLAPSE/sample2_3.chunk.1_local_density_error.txt",
                "07_GSTAMA_COLLAPSE/sample2_3.chunk.1_polya.txt",
                "07_GSTAMA_COLLAPSE/sample2_3.chunk.1_read.txt",
                "07_GSTAMA_COLLAPSE/sample2_3.chunk.1_strand_check.txt",
                "07_GSTAMA_COLLAPSE/sample2_3.chunk.1_trans_read.bed",
                "07_GSTAMA_COLLAPSE/sample2_3.chunk.1_trans_report.txt",
                "07_GSTAMA_COLLAPSE/sample2_3.chunk.1_varcov.txt",
                "07_GSTAMA_COLLAPSE/sample2_3.chunk.1_variants.txt",
                "07_GSTAMA_COLLAPSE/sample2_3.chunk.2_collapsed.bed",
                "07_GSTAMA_COLLAPSE/sample2_3.chunk.2_local_density_error.txt",
                "07_GSTAMA_COLLAPSE/sample2_3.chunk.2_polya.txt",
                "07_GSTAMA_COLLAPSE/sample2_3.chunk.2_read.txt",
                "07_GSTAMA_COLLAPSE/sample2_3.chunk.2_strand_check.txt",
                "07_GSTAMA_COLLAPSE/sample2_3.chunk.2_trans_read.bed",
                "07_GSTAMA_COLLAPSE/sample2_3.chunk.2_trans_report.txt",
                "07_GSTAMA_COLLAPSE/sample2_3.chunk.2_varcov.txt",
                "07_GSTAMA_COLLAPSE/sample2_3.chunk.2_variants.txt",
                "07_GSTAMA_COLLAPSE/sample2_3.chunk.3_collapsed.bed",
                "07_GSTAMA_COLLAPSE/sample2_3.chunk.3_local_density_error.txt",
                "07_GSTAMA_COLLAPSE/sample2_3.chunk.3_polya.txt",
                "07_GSTAMA_COLLAPSE/sample2_3.chunk.3_read.txt",
                "07_GSTAMA_COLLAPSE/sample2_3.chunk.3_strand_check.txt",
                "07_GSTAMA_COLLAPSE/sample2_3.chunk.3_trans_read.bed",
                "07_GSTAMA_COLLAPSE/sample2_3.chunk.3_trans_report.txt",
                "07_GSTAMA_COLLAPSE/sample2_3.chunk.3_varcov.txt",
                "07_GSTAMA_COLLAPSE/sample2_3.chunk.3_variants.txt",
                "07_GSTAMA_COLLAPSE/sample2_3.chunk.4_collapsed.bed",
                "07_GSTAMA_COLLAPSE/sample2_3.chunk.4_local_density_error.txt",
                "07_GSTAMA_COLLAPSE/sample2_3.chunk.4_polya.txt",
                "07_GSTAMA_COLLAPSE/sample2_3.chunk.4_read.txt",
                "07_GSTAMA_COLLAPSE/sample2_3.chunk.4_strand_check.txt",
                "07_GSTAMA_COLLAPSE/sample2_3.chunk.4_trans_read.bed",
                "07_GSTAMA_COLLAPSE/sample2_3.chunk.4_trans_report.txt",
                "07_GSTAMA_COLLAPSE/sample2_3.chunk.4_varcov.txt",
                "07_GSTAMA_COLLAPSE/sample2_3.chunk.4_variants.txt",
                "07_GSTAMA_COLLAPSE/sample2_3.chunk.5_collapsed.bed",
                "07_GSTAMA_COLLAPSE/sample2_3.chunk.5_local_density_error.txt",
                "07_GSTAMA_COLLAPSE/sample2_3.chunk.5_polya.txt",
                "07_GSTAMA_COLLAPSE/sample2_3.chunk.5_read.txt",
                "07_GSTAMA_COLLAPSE/sample2_3.chunk.5_strand_check.txt",
                "07_GSTAMA_COLLAPSE/sample2_3.chunk.5_trans_read.bed",
                "07_GSTAMA_COLLAPSE/sample2_3.chunk.5_trans_report.txt",
                "07_GSTAMA_COLLAPSE/sample2_3.chunk.5_varcov.txt",
                "07_GSTAMA_COLLAPSE/sample2_3.chunk.5_variants.txt",
                "07_GSTAMA_COLLAPSE/sample2_3.chunk.6_collapsed.bed",
                "07_GSTAMA_COLLAPSE/sample2_3.chunk.6_local_density_error.txt",
                "07_GSTAMA_COLLAPSE/sample2_3.chunk.6_polya.txt",
                "07_GSTAMA_COLLAPSE/sample2_3.chunk.6_read.txt",
                "07_GSTAMA_COLLAPSE/sample2_3.chunk.6_strand_check.txt",
                "07_GSTAMA_COLLAPSE/sample2_3.chunk.6_trans_read.bed",
                "07_GSTAMA_COLLAPSE/sample2_3.chunk.6_trans_report.txt",
                "07_GSTAMA_COLLAPSE/sample2_3.chunk.6_varcov.txt",
                "07_GSTAMA_COLLAPSE/sample2_3.chunk.6_variants.txt",
                "07_GSTAMA_COLLAPSE/sample3_4.chunk.1_collapsed.bed",
                "07_GSTAMA_COLLAPSE/sample3_4.chunk.1_local_density_error.txt",
                "07_GSTAMA_COLLAPSE/sample3_4.chunk.1_polya.txt",
                "07_GSTAMA_COLLAPSE/sample3_4.chunk.1_read.txt",
                "07_GSTAMA_COLLAPSE/sample3_4.chunk.1_strand_check.txt",
                "07_GSTAMA_COLLAPSE/sample3_4.chunk.1_trans_read.bed",
                "07_GSTAMA_COLLAPSE/sample3_4.chunk.1_trans_report.txt",
                "07_GSTAMA_COLLAPSE/sample3_4.chunk.1_varcov.txt",
                "07_GSTAMA_COLLAPSE/sample3_4.chunk.1_variants.txt",
                "08_GSTAMA_FILELIST",
                "08_GSTAMA_FILELIST/sample1.tsv",
                "08_GSTAMA_FILELIST/sample2.tsv",
                "08_GSTAMA_FILELIST/sample3.tsv",
                "09_GSTAMA_MERGE",
                "09_GSTAMA_MERGE/sample1.bed",
                "09_GSTAMA_MERGE/sample1_gene_report.txt",
                "09_GSTAMA_MERGE/sample1_merge.txt",
                "09_GSTAMA_MERGE/sample1_trans_report.txt",
                "09_GSTAMA_MERGE/sample2.bed",
                "09_GSTAMA_MERGE/sample2_gene_report.txt",
                "09_GSTAMA_MERGE/sample2_merge.txt",
                "09_GSTAMA_MERGE/sample2_trans_report.txt",
                "09_GSTAMA_MERGE/sample3.bed",
                "09_GSTAMA_MERGE/sample3_gene_report.txt",
                "09_GSTAMA_MERGE/sample3_merge.txt",
                "09_GSTAMA_MERGE/sample3_trans_report.txt",
                "multiqc",
                "multiqc/multiqc_data",
                "multiqc/multiqc_data/ccs-filter-graph.txt",
                "multiqc/multiqc_data/lima-filter-graph.txt",
                "multiqc/multiqc_data/llms-full.txt",
                "multiqc/multiqc_data/multiqc.log",
                "multiqc/multiqc_data/multiqc.parquet",
                "multiqc/multiqc_data/multiqc_ccs_report.txt",
                "multiqc/multiqc_data/multiqc_citations.txt",
                "multiqc/multiqc_data/multiqc_data.json",
                "multiqc/multiqc_data/multiqc_general_stats.txt",
                "multiqc/multiqc_data/multiqc_lima_counts.txt",
                "multiqc/multiqc_data/multiqc_lima_summary.txt",
                "multiqc/multiqc_data/multiqc_software_versions.txt",
                "multiqc/multiqc_data/multiqc_sources.txt",
                "multiqc/multiqc_plots",
                "multiqc/multiqc_plots/pdf",
                "multiqc/multiqc_plots/pdf/ccs-filter-graph-cnt.pdf",
                "multiqc/multiqc_plots/pdf/ccs-filter-graph-log.pdf",
                "multiqc/multiqc_plots/pdf/ccs-filter-graph-pct-log.pdf",
                "multiqc/multiqc_plots/pdf/ccs-filter-graph-pct.pdf",
                "multiqc/multiqc_plots/pdf/lima-filter-graph-cnt.pdf",
                "multiqc/multiqc_plots/pdf/lima-filter-graph-pct.pdf",
                "multiqc/multiqc_plots/pdf/multiqc_lima_counts.pdf",
                "multiqc/multiqc_plots/png",
                "multiqc/multiqc_plots/png/ccs-filter-graph-cnt.png",
                "multiqc/multiqc_plots/png/ccs-filter-graph-log.png",
                "multiqc/multiqc_plots/png/ccs-filter-graph-pct-log.png",
                "multiqc/multiqc_plots/png/ccs-filter-graph-pct.png",
                "multiqc/multiqc_plots/png/lima-filter-graph-cnt.png",
                "multiqc/multiqc_plots/png/lima-filter-graph-pct.png",
                "multiqc/multiqc_plots/png/multiqc_lima_counts.png",
                "multiqc/multiqc_plots/svg",
                "multiqc/multiqc_plots/svg/ccs-filter-graph-cnt.svg",
                "multiqc/multiqc_plots/svg/ccs-filter-graph-log.svg",
                "multiqc/multiqc_plots/svg/ccs-filter-graph-pct-log.svg",
                "multiqc/multiqc_plots/svg/ccs-filter-graph-pct.svg",
                "multiqc/multiqc_plots/svg/lima-filter-graph-cnt.svg",
                "multiqc/multiqc_plots/svg/lima-filter-graph-pct.svg",
                "multiqc/multiqc_plots/svg/multiqc_lima_counts.svg",
                "multiqc/multiqc_report.html",
                "pipeline_info",
                "pipeline_info/nf_core_isoseq_software_mqc_versions.yml"
            ],
            [
                "sample1_0.chunk1.bam:md5,48a06b485a0404f08f10c58eba01e43c",
                "sample1_0.chunk1.bam.pbi:md5,99f47d228b98c2b94c24d74d47104d3c",
                "sample1_0.chunk1.report.txt:md5,5e2f87fae296a25c6135ca66fe34b371",
                "sample1_0.chunk2.bam:md5,1d79bf4d20964ec17de830d40b3bea92",
                "sample1_0.chunk2.bam.pbi:md5,bb903ad2f6a8802a84dbbd428c59ad14",
                "sample1_0.chunk2.report.txt:md5,4160e01a1516a67d6b023216c4aa3e78",
                "sample1_0.chunk3.bam:md5,99d0e30cfa32842fb4cf6b986cef7886",
                "sample1_0.chunk3.bam.pbi:md5,4f811a1688870c272ddb0ac599da7afd",
                "sample1_0.chunk3.report.txt:md5,48fdb9fdc1a8605094174fd255d55319",
                "sample1_0.chunk4.bam:md5,abe7f47e0d3db25e361abbccb4f2a768",
                "sample1_0.chunk4.bam.pbi:md5,0193629d8ce1c5d223f8a827fec3103a",
                "sample1_0.chunk4.report.txt:md5,4f586f8642858074e802d9b19c5b9872",
                "sample1_0.chunk5.bam:md5,bd869e615a505ccbf977b08aa8dd3a80",
                "sample1_0.chunk5.bam.pbi:md5,ff2f347c97451b1582e210b6a41c3ae9",
                "sample1_0.chunk5.report.txt:md5,a8dddb323068b43935cb7ccae165c373",
                "sample1_1.chunk1.bam:md5,54c93b90fe83941cca6b484e2267f41a",
                "sample1_1.chunk1.bam.pbi:md5,99f47d228b98c2b94c24d74d47104d3c",
                "sample1_1.chunk1.report.txt:md5,5e2f87fae296a25c6135ca66fe34b371",
                "sample1_1.chunk2.bam:md5,702f9ab4b680d40dc632448ff0647dd8",
                "sample1_1.chunk2.bam.pbi:md5,632bbb1c10e2c5ae2f01164f5113e75d",
                "sample1_1.chunk2.report.txt:md5,4160e01a1516a67d6b023216c4aa3e78",
                "sample1_1.chunk3.bam:md5,ef9c2e972986d0a8c09d41283f6ae00f",
                "sample1_1.chunk3.bam.pbi:md5,4f811a1688870c272ddb0ac599da7afd",
                "sample1_1.chunk3.report.txt:md5,48fdb9fdc1a8605094174fd255d55319",
                "sample1_1.chunk4.bam:md5,21fe17149c9a16c59e7dfab1c20bb1f5",
                "sample1_1.chunk4.bam.pbi:md5,0193629d8ce1c5d223f8a827fec3103a",
                "sample1_1.chunk4.report.txt:md5,4f586f8642858074e802d9b19c5b9872",
                "sample1_1.chunk5.bam:md5,a9d4fe23da694dc1cc448db34eb985e8",
                "sample1_1.chunk5.bam.pbi:md5,ff2f347c97451b1582e210b6a41c3ae9",
                "sample1_1.chunk5.report.txt:md5,a8dddb323068b43935cb7ccae165c373",
                "sample1_0.chunk1_flnc.NEB_5p--NEB_Clontech_3p.bam:md5,dcb2cf39f92d1d24769b4be138799086",
                "sample1_0.chunk1_flnc.NEB_5p--NEB_Clontech_3p.bam.pbi:md5,eef826677543ae5713de3213521e9e60",
                "sample1_0.chunk1_flnc.lima.clips:md5,454496196732c3f4880d7f8996b52892",
                "sample1_0.chunk1_flnc.lima.counts:md5,01bd4f886883d97a723ac130516126ef",
                "sample1_0.chunk1_flnc.lima.guess:md5,5a2ed97558c76fbfc42f6132512dac96",
                "sample1_0.chunk1_flnc.lima.report:md5,6238b8b855d29d8bdf3be414f50ef5e1",
                "sample1_0.chunk1_flnc.lima.summary:md5,574763ef859d52867dc7c6335e7d723a",
                "sample1_0.chunk2_flnc.NEB_5p--NEB_Clontech_3p.bam:md5,c18b2cfbde6a1a9c1bd80556cfed2e76",
                "sample1_0.chunk2_flnc.NEB_5p--NEB_Clontech_3p.bam.pbi:md5,f5c93b964437f8145bfb76fb689b9f4d",
                "sample1_0.chunk2_flnc.lima.clips:md5,d6df63c3e3234ae443bc8713092ffb98",
                "sample1_0.chunk2_flnc.lima.counts:md5,8e9699fa9f37c7c3c57c1eb92ea687b3",
                "sample1_0.chunk2_flnc.lima.guess:md5,e6a608f7ad88a5977f37f378a7a1affb",
                "sample1_0.chunk2_flnc.lima.report:md5,548df65673730979dd840eaa1a3f07ea",
                "sample1_0.chunk2_flnc.lima.summary:md5,c258654f45e0be1aa1bc8f42c7fb2a4d",
                "sample1_0.chunk3_flnc.NEB_5p--NEB_Clontech_3p.bam:md5,a20f202784935c72b13ad144c4a9f8e2",
                "sample1_0.chunk3_flnc.NEB_5p--NEB_Clontech_3p.bam.pbi:md5,eefd71b0d91a110bd59e7da537c78594",
                "sample1_0.chunk3_flnc.lima.clips:md5,d1fde602e417a5e3736e2cc99483fe12",
                "sample1_0.chunk3_flnc.lima.counts:md5,d1991b775c90482e41f2706c20277c8f",
                "sample1_0.chunk3_flnc.lima.guess:md5,8c88e61dbe378bb2e970e1c29cd3c4c1",
                "sample1_0.chunk3_flnc.lima.report:md5,48ef78d4b532addb48e4903924df5447",
                "sample1_0.chunk3_flnc.lima.summary:md5,365c6ebbeecec1ad1309ded9cf480272",
                "sample1_0.chunk4_flnc.NEB_5p--NEB_Clontech_3p.bam:md5,6e631ed9275a354e9db5346079993a83",
                "sample1_0.chunk4_flnc.NEB_5p--NEB_Clontech_3p.bam.pbi:md5,feef4bffeb5f3e492d2ef75c06ca2260",
                "sample1_0.chunk4_flnc.lima.clips:md5,633d02e7df637ddef9d5769ee7523639",
                "sample1_0.chunk4_flnc.lima.counts:md5,96aebefa4474767d7031e39d95a4d1c0",
                "sample1_0.chunk4_flnc.lima.guess:md5,374642ac513d7216f80c1d5a03b4c7b7",
                "sample1_0.chunk4_flnc.lima.report:md5,1643f293c8d4f547e3182b2428d92ccb",
                "sample1_0.chunk4_flnc.lima.summary:md5,fd432c63d1d5806d77c5092e366260ca",
                "sample1_0.chunk5_flnc.NEB_5p--NEB_Clontech_3p.bam:md5,a4b153a505ebe9491bc94a64c1dd65d1",
                "sample1_0.chunk5_flnc.NEB_5p--NEB_Clontech_3p.bam.pbi:md5,80f011eacaa234d23407f5997a778c2b",
                "sample1_0.chunk5_flnc.lima.clips:md5,ab0d851c6bae9ba9cf84a27d50fbba20",
                "sample1_0.chunk5_flnc.lima.counts:md5,2cd73105100cc69258a7431a5f5658a4",
                "sample1_0.chunk5_flnc.lima.guess:md5,08fdcaf443f65132f8ae831309dc713b",
                "sample1_0.chunk5_flnc.lima.report:md5,b98c98088e3e59765ad93aabe304e62d",
                "sample1_0.chunk5_flnc.lima.summary:md5,77bdbf2e0bce1597c974746aa1222df5",
                "sample1_1.chunk1_flnc.NEB_5p--NEB_Clontech_3p.bam:md5,c17cb6c4955881937520438cad1a6074",
                "sample1_1.chunk1_flnc.NEB_5p--NEB_Clontech_3p.bam.pbi:md5,eef826677543ae5713de3213521e9e60",
                "sample1_1.chunk1_flnc.lima.clips:md5,454496196732c3f4880d7f8996b52892",
                "sample1_1.chunk1_flnc.lima.counts:md5,01bd4f886883d97a723ac130516126ef",
                "sample1_1.chunk1_flnc.lima.guess:md5,5a2ed97558c76fbfc42f6132512dac96",
                "sample1_1.chunk1_flnc.lima.report:md5,6238b8b855d29d8bdf3be414f50ef5e1",
                "sample1_1.chunk1_flnc.lima.summary:md5,574763ef859d52867dc7c6335e7d723a",
                "sample1_1.chunk2_flnc.NEB_5p--NEB_Clontech_3p.bam:md5,00c5a31c656b4755195f160643a6464f",
                "sample1_1.chunk2_flnc.NEB_5p--NEB_Clontech_3p.bam.pbi:md5,f5c93b964437f8145bfb76fb689b9f4d",
                "sample1_1.chunk2_flnc.lima.clips:md5,d6df63c3e3234ae443bc8713092ffb98",
                "sample1_1.chunk2_flnc.lima.counts:md5,8e9699fa9f37c7c3c57c1eb92ea687b3",
                "sample1_1.chunk2_flnc.lima.guess:md5,e6a608f7ad88a5977f37f378a7a1affb",
                "sample1_1.chunk2_flnc.lima.report:md5,548df65673730979dd840eaa1a3f07ea",
                "sample1_1.chunk2_flnc.lima.summary:md5,c258654f45e0be1aa1bc8f42c7fb2a4d",
                "sample1_1.chunk3_flnc.NEB_5p--NEB_Clontech_3p.bam:md5,bcbcccfab995a7fb8e4261c1f9e6ffee",
                "sample1_1.chunk3_flnc.NEB_5p--NEB_Clontech_3p.bam.pbi:md5,eefd71b0d91a110bd59e7da537c78594",
                "sample1_1.chunk3_flnc.lima.clips:md5,d1fde602e417a5e3736e2cc99483fe12",
                "sample1_1.chunk3_flnc.lima.counts:md5,d1991b775c90482e41f2706c20277c8f",
                "sample1_1.chunk3_flnc.lima.guess:md5,8c88e61dbe378bb2e970e1c29cd3c4c1",
                "sample1_1.chunk3_flnc.lima.report:md5,48ef78d4b532addb48e4903924df5447",
                "sample1_1.chunk3_flnc.lima.summary:md5,365c6ebbeecec1ad1309ded9cf480272",
                "sample1_1.chunk4_flnc.NEB_5p--NEB_Clontech_3p.bam:md5,f4039e09a1b03a7ca39ed5fa7f05da92",
                "sample1_1.chunk4_flnc.NEB_5p--NEB_Clontech_3p.bam.pbi:md5,feef4bffeb5f3e492d2ef75c06ca2260",
                "sample1_1.chunk4_flnc.lima.clips:md5,633d02e7df637ddef9d5769ee7523639",
                "sample1_1.chunk4_flnc.lima.counts:md5,96aebefa4474767d7031e39d95a4d1c0",
                "sample1_1.chunk4_flnc.lima.guess:md5,374642ac513d7216f80c1d5a03b4c7b7",
                "sample1_1.chunk4_flnc.lima.report:md5,1643f293c8d4f547e3182b2428d92ccb",
                "sample1_1.chunk4_flnc.lima.summary:md5,fd432c63d1d5806d77c5092e366260ca",
                "sample1_1.chunk5_flnc.NEB_5p--NEB_Clontech_3p.bam:md5,00f8ed8d8c3aaca58b8626c3f1b26e4e",
                "sample1_1.chunk5_flnc.NEB_5p--NEB_Clontech_3p.bam.pbi:md5,80f011eacaa234d23407f5997a778c2b",
                "sample1_1.chunk5_flnc.lima.clips:md5,ab0d851c6bae9ba9cf84a27d50fbba20",
                "sample1_1.chunk5_flnc.lima.counts:md5,2cd73105100cc69258a7431a5f5658a4",
                "sample1_1.chunk5_flnc.lima.guess:md5,08fdcaf443f65132f8ae831309dc713b",
                "sample1_1.chunk5_flnc.lima.report:md5,b98c98088e3e59765ad93aabe304e62d",
                "sample1_1.chunk5_flnc.lima.summary:md5,77bdbf2e0bce1597c974746aa1222df5",
                "sample2_3_flnc.NEB_5p--NEB_Clontech_3p.bam:md5,961ce82738cb6d0007046bc34cbd535f",
                "sample2_3_flnc.NEB_5p--NEB_Clontech_3p.bam.pbi:md5,70c14fdeca211ae732560cdb9bd2c059",
                "sample2_3_flnc.lima.clips:md5,fa03bc75bd78b2648a139fd67c69208f",
                "sample2_3_flnc.lima.counts:md5,842c6a23ca2de504ced4538ad5111da1",
                "sample2_3_flnc.lima.guess:md5,d3675af3ca8a908ee9e3c231668392d3",
                "sample2_3_flnc.lima.report:md5,dc073985322ae0a003ccc7e0fa4db5e6",
                "sample2_3_flnc.lima.summary:md5,bcbcaaaca418bdeb91141c81715ca420",
                "sample1_0.chunk1.bam:md5,70ccbae1bfb2c5151ae01892d1040515",
                "sample1_0.chunk1.bam.pbi:md5,075844de75d07585438c8d87ca33c48d",
                "sample1_0.chunk1.report.csv:md5,44eeeb49c3f86a52f40ffbd8320e3a06",
                "sample1_0.chunk2.bam:md5,bd85730ba75d3cb42dc318e09f62c453",
                "sample1_0.chunk2.bam.pbi:md5,0cf113907eb46d6fea3e0609fbe4b3a8",
                "sample1_0.chunk2.report.csv:md5,3c000f3c2dceccec8e68e2101ccb29a0",
                "sample1_0.chunk3.bam:md5,68b1cdb5e71372b158bfccbf8ae86157",
                "sample1_0.chunk3.bam.pbi:md5,75f2d0541d4c3c63775f006065249e5c",
                "sample1_0.chunk3.report.csv:md5,3f71153a4389c184848fbf9076dedfca",
                "sample1_0.chunk4.bam:md5,633b6773d7d78af7d206c8790e68f6a2",
                "sample1_0.chunk4.bam.pbi:md5,8e4d1255cd4c09280efb0f4ce29e2a9b",
                "sample1_0.chunk4.report.csv:md5,10438a332df3673df211529f3b55a635",
                "sample1_0.chunk5.bam:md5,bc960b8b357156a0d1ff870c4afb26c8",
                "sample1_0.chunk5.bam.pbi:md5,1ee46b52dcf1ff0c1ba34b1331b349d1",
                "sample1_0.chunk5.report.csv:md5,7dbdca744ba863b362410c4fb0fbb6ab",
                "sample1_1.chunk1.bam:md5,2b4c8f93e129093d6c8d987056d6f53f",
                "sample1_1.chunk1.bam.pbi:md5,075844de75d07585438c8d87ca33c48d",
                "sample1_1.chunk1.report.csv:md5,44eeeb49c3f86a52f40ffbd8320e3a06",
                "sample1_1.chunk2.bam:md5,5fcdc88a4ad2308f3aabbbf1d71892af",
                "sample1_1.chunk2.bam.pbi:md5,0cf113907eb46d6fea3e0609fbe4b3a8",
                "sample1_1.chunk2.report.csv:md5,3c000f3c2dceccec8e68e2101ccb29a0",
                "sample1_1.chunk3.bam:md5,672bf5e6e13d93e5af7043359c34894b",
                "sample1_1.chunk3.bam.pbi:md5,75f2d0541d4c3c63775f006065249e5c",
                "sample1_1.chunk3.report.csv:md5,3f71153a4389c184848fbf9076dedfca",
                "sample1_1.chunk4.bam:md5,bc7a4cc2132c70ee668c53d1038d827a",
                "sample1_1.chunk4.bam.pbi:md5,8e4d1255cd4c09280efb0f4ce29e2a9b",
                "sample1_1.chunk4.report.csv:md5,10438a332df3673df211529f3b55a635",
                "sample1_1.chunk5.bam:md5,61cffeed386660d448d1ab5c57f72961",
                "sample1_1.chunk5.bam.pbi:md5,1ee46b52dcf1ff0c1ba34b1331b349d1",
                "sample1_1.chunk5.report.csv:md5,7dbdca744ba863b362410c4fb0fbb6ab",
                "sample2_3.bam:md5,b1d8159eac4131f660b281cb3bc9f47b",
                "sample2_3.bam.pbi:md5,5519b222440f9443228760a3ad91962f",
                "sample2_3.report.csv:md5,d42a139e5d9b08396bdb087c01243ea9",
                "sample3_4.bam:md5,f99379ca0708edb7f8e802d357b9ee08",
                "sample3_4.bam.pbi:md5,f20c3a1c38a0642ef96a98c0645e47ff",
                "sample3_4.report.csv:md5,8d350f8dba8c928ec8b693f47dc1c096",
                "sample1_0.chunk1.fasta:md5,32d548c6d7840dccf2542194aed84aee",
                "sample1_0.chunk2.fasta:md5,e59d9e3cc7163e0a7ba5f93f9a91a894",
                "sample1_0.chunk3.fasta:md5,6b7855f3ed392e3ea313d1fe732cfacf",
                "sample1_0.chunk4.fasta:md5,b955c90a945211d89e03069a751aed43",
                "sample1_0.chunk5.fasta:md5,0e126b8c3002e5fa600ef48732fa6183",
                "sample1_1.chunk1.fasta:md5,32d548c6d7840dccf2542194aed84aee",
                "sample1_1.chunk2.fasta:md5,e59d9e3cc7163e0a7ba5f93f9a91a894",
                "sample1_1.chunk3.fasta:md5,6b7855f3ed392e3ea313d1fe732cfacf",
                "sample1_1.chunk4.fasta:md5,b955c90a945211d89e03069a751aed43",
                "sample1_1.chunk5.fasta:md5,0e126b8c3002e5fa600ef48732fa6183",
                "sample2_3.fasta:md5,c5c29b8da57e24222fded8814ea43fca",
                "sample3_4.fasta:md5,81b607067bac48a5b53281e982acd623",
                "sample1_0.chunk1_tama.fa.gz:md5,123d1c8aa61372b00708bf187525a7e8",
                "sample1_0.chunk1_tama_polya_flnc_report.txt.gz:md5,6a47612bcb322b4a5e33f55d52c683f2",
                "sample1_0.chunk1_tama_tails.fa.gz:md5,b5265bd73fb2e18d3642e271caf81f38",
                "sample1_0.chunk2_tama.fa.gz:md5,1124febf474adbbb35051e091199b74a",
                "sample1_0.chunk2_tama_polya_flnc_report.txt.gz:md5,dd8fc1193f0269bc000c005c445245ef",
                "sample1_0.chunk2_tama_tails.fa.gz:md5,e1dddbef670a07cc9a6f37269c474aa1",
                "sample1_0.chunk3_tama.fa.gz:md5,5c831ec6cfb2061fc5e158c524689947",
                "sample1_0.chunk3_tama_polya_flnc_report.txt.gz:md5,81accd783a26ce65839b56b1b75ad1c7",
                "sample1_0.chunk3_tama_tails.fa.gz:md5,8182e5590ec98c390f20b2a4812bd608",
                "sample1_0.chunk4_tama.fa.gz:md5,5e2b0b58badab17820a2823261f62a4e",
                "sample1_0.chunk4_tama_polya_flnc_report.txt.gz:md5,aeeee9ec5e28c503ff485160de11c7e1",
                "sample1_0.chunk4_tama_tails.fa.gz:md5,725faa67458d60450123fd5837083e4e",
                "sample1_0.chunk5_tama.fa.gz:md5,098f3846cf39d3d7b5b1f2e2a8269778",
                "sample1_0.chunk5_tama_polya_flnc_report.txt.gz:md5,e1ab002d18f3e66637354e605bf0230d",
                "sample1_0.chunk5_tama_tails.fa.gz:md5,63aa1ecd22740aa311500f4f537a0082",
                "sample1_1.chunk1_tama.fa.gz:md5,123d1c8aa61372b00708bf187525a7e8",
                "sample1_1.chunk1_tama_polya_flnc_report.txt.gz:md5,6a47612bcb322b4a5e33f55d52c683f2",
                "sample1_1.chunk1_tama_tails.fa.gz:md5,b5265bd73fb2e18d3642e271caf81f38",
                "sample1_1.chunk2_tama.fa.gz:md5,1124febf474adbbb35051e091199b74a",
                "sample1_1.chunk2_tama_polya_flnc_report.txt.gz:md5,dd8fc1193f0269bc000c005c445245ef",
                "sample1_1.chunk2_tama_tails.fa.gz:md5,e1dddbef670a07cc9a6f37269c474aa1",
                "sample1_1.chunk3_tama.fa.gz:md5,5c831ec6cfb2061fc5e158c524689947",
                "sample1_1.chunk3_tama_polya_flnc_report.txt.gz:md5,81accd783a26ce65839b56b1b75ad1c7",
                "sample1_1.chunk3_tama_tails.fa.gz:md5,8182e5590ec98c390f20b2a4812bd608",
                "sample1_1.chunk4_tama.fa.gz:md5,5e2b0b58badab17820a2823261f62a4e",
                "sample1_1.chunk4_tama_polya_flnc_report.txt.gz:md5,aeeee9ec5e28c503ff485160de11c7e1",
                "sample1_1.chunk4_tama_tails.fa.gz:md5,725faa67458d60450123fd5837083e4e",
                "sample1_1.chunk5_tama.fa.gz:md5,098f3846cf39d3d7b5b1f2e2a8269778",
                "sample1_1.chunk5_tama_polya_flnc_report.txt.gz:md5,e1ab002d18f3e66637354e605bf0230d",
                "sample1_1.chunk5_tama_tails.fa.gz:md5,63aa1ecd22740aa311500f4f537a0082",
                "sample2_3.chunk.1_tama.fa.gz:md5,eba6fd6a37715feb1f55acd2aba308fe",
                "sample2_3.chunk.1_tama_polya_flnc_report.txt.gz:md5,8f4ccfb4bea6210fcd2677141043eaaf",
                "sample2_3.chunk.1_tama_tails.fa.gz:md5,db050c0f7f02653fab9d3cb098874995",
                "sample2_3.chunk.2_tama.fa.gz:md5,dba8219a7fd40d39e145358928e79718",
                "sample2_3.chunk.2_tama_polya_flnc_report.txt.gz:md5,31719db0fd430cb6854da57d6882eb80",
                "sample2_3.chunk.2_tama_tails.fa.gz:md5,5e667c1aa16049e36b9b9b185b672f90",
                "sample2_3.chunk.3_tama.fa.gz:md5,2284da2407fb3d0c96280a5963c0f21d",
                "sample2_3.chunk.3_tama_polya_flnc_report.txt.gz:md5,8d95867bcb53e018305c18ed5cc14c00",
                "sample2_3.chunk.3_tama_tails.fa.gz:md5,63f2d71634e092e478909018f4c08fa9",
                "sample2_3.chunk.4_tama.fa.gz:md5,c63152a17a861184fb1f2611dcbcce12",
                "sample2_3.chunk.4_tama_polya_flnc_report.txt.gz:md5,7350ae2922384469f6c015a6e4898685",
                "sample2_3.chunk.4_tama_tails.fa.gz:md5,7703b0eff06e6c63cbf7fc212f3089ce",
                "sample2_3.chunk.5_tama.fa.gz:md5,89ea3e7f09fd3db800adc8e13ceff26b",
                "sample2_3.chunk.5_tama_polya_flnc_report.txt.gz:md5,d3c83d0d228f4f3850e2af8cdecc763a",
                "sample2_3.chunk.5_tama_tails.fa.gz:md5,0d92991493cf2ce045cd2a44ebca2f6a",
                "sample2_3.chunk.6_tama.fa.gz:md5,34a80800ddc45859c430cf4156158413",
                "sample2_3.chunk.6_tama_polya_flnc_report.txt.gz:md5,460c9b71e2bb758dad83331aca18d2fd",
                "sample2_3.chunk.6_tama_tails.fa.gz:md5,a11e5f0f7370a708b31469a42b95b6c1",
                "sample3_4.chunk.1_tama.fa.gz:md5,6ed270ddf8e79b541a51407a32889c9b",
                "sample3_4.chunk.1_tama_polya_flnc_report.txt.gz:md5,db83ccbbc1326abd9638bc2adfaa8677",
                "sample3_4.chunk.1_tama_tails.fa.gz:md5,3d91c6a6222dbab8823b6a506dc3555d",
                "sample1_0.chunk1.bam:md5,cb23da165bc855dce45d9ed6ea2ad7c4",
                "sample1_0.chunk1.bam.bai:md5,7ba72d8bba4a966a1c6a57c6f64ace87",
                "sample1_0.chunk2.bam:md5,6c05d165d1a14a4fe333bb717dfe3017",
                "sample1_0.chunk2.bam.bai:md5,16884a9ac85f5d387ed050fc7d9c372b",
                "sample1_0.chunk3.bam:md5,789bc3b4ce52e307d1ed259cea6a9939",
                "sample1_0.chunk3.bam.bai:md5,08e6a98c7eef2f0c416ee15a8ed350f4",
                "sample1_0.chunk4.bam:md5,52375dacc5b439e6ab77ff663ecfbcee",
                "sample1_0.chunk4.bam.bai:md5,64bc75d45abe42c2e2324dd60a48260c",
                "sample1_0.chunk5.bam:md5,b92ef80f819b8dfd988639f9655ba871",
                "sample1_0.chunk5.bam.bai:md5,9cb90a9e1f74a5c6fc1a913598556000",
                "sample1_1.chunk1.bam:md5,b0210a62d1e7543dd77dbae10d734d56",
                "sample1_1.chunk1.bam.bai:md5,9566219c1845e2608ab216aac3d5df78",
                "sample1_1.chunk2.bam:md5,e42130752d8cc110a4a6a592a6564175",
                "sample1_1.chunk2.bam.bai:md5,16884a9ac85f5d387ed050fc7d9c372b",
                "sample1_1.chunk3.bam:md5,bf0ed84bcf2956ba4564a2ca4feab815",
                "sample1_1.chunk3.bam.bai:md5,544db75a7e31838a5407365ef7d6ade8",
                "sample1_1.chunk4.bam:md5,8472b42be1f6952d21807c556439c656",
                "sample1_1.chunk4.bam.bai:md5,2f1cda18c59a38102f92feb485d5ebe8",
                "sample1_1.chunk5.bam:md5,69a51c6719b56cc6f8173e58d1735da3",
                "sample1_1.chunk5.bam.bai:md5,6d8361bc647cadc69d3abef8a6d3ff74",
                "sample1_2.chunk.1.bam:md5,a6b1b16e714cb0cb2e99245af52012a9",
                "sample1_2.chunk.1.bam.bai:md5,300573e0a56a603f258a11d85b7e6f0e",
                "sample2_3.chunk.1.bam:md5,52cdd1d5f7ff9b6550352bf10472261a",
                "sample2_3.chunk.1.bam.bai:md5,21266c82689fe23ea1bc39af06c6cc75",
                "sample2_3.chunk.2.bam:md5,b43a94db789fb4bbe7ef2de5f88a6254",
                "sample2_3.chunk.2.bam.bai:md5,eac2156a76db5a5c48998602bd4ed218",
                "sample2_3.chunk.3.bam:md5,a0690802cb37ad2fcf8b8848de127176",
                "sample2_3.chunk.3.bam.bai:md5,aadc11e516afff0b50d77c0d510d0e43",
                "sample2_3.chunk.4.bam:md5,82d2130b07833239b001dbf24d93154a",
                "sample2_3.chunk.4.bam.bai:md5,a135b318f3a14cba87afb1c9f39cd1ad",
                "sample2_3.chunk.5.bam:md5,a42fc6e553fde47e7d6bceed63c1b515",
                "sample2_3.chunk.5.bam.bai:md5,c601b34dc2a4f59df21448103efdef17",
                "sample2_3.chunk.6.bam:md5,141d7580989e43cead80f0f63c21ba53",
                "sample2_3.chunk.6.bam.bai:md5,c5398d36c99d6674f20fb5822a75d213",
                "sample3_4.chunk.1.bam:md5,55e7952010fc0f9501e40d4577b65d78",
                "sample3_4.chunk.1.bam.bai:md5,046f939b695e7e4f5a40a80182fab558",
                "sample1_0.chunk1_collapsed.bed:md5,33f6bd7b72aa2957bbf0ceffc9ff1b32",
                "sample1_0.chunk1_local_density_error.txt:md5,bde56c7c2c791918943ea8d6c8c2169a",
                "sample1_0.chunk1_polya.txt:md5,628ea62b918fc4f31e109f724d714a66",
                "sample1_0.chunk1_read.txt:md5,bd4b21ad8ac7b2bec993b7b72501c2ab",
                "sample1_0.chunk1_strand_check.txt:md5,42cc52b2660b1e0b84e1c9ab37a965ec",
                "sample1_0.chunk1_trans_read.bed:md5,19cdf0d7d935665da0f96b936c6affc6",
                "sample1_0.chunk1_trans_report.txt:md5,35610244e9d495e6f5dee1c6ae0580f8",
                "sample1_0.chunk1_varcov.txt:md5,7b77861fe5e8e953d6d193ace2467e12",
                "sample1_0.chunk1_variants.txt:md5,a4c518e1dfb7ff762bd7e5c3d7370986",
                "sample1_0.chunk2_collapsed.bed:md5,05f7568e3d2f390e44f9f985b27247e2",
                "sample1_0.chunk2_local_density_error.txt:md5,7247a67bea9392c73ed5c4288bc66672",
                "sample1_0.chunk2_polya.txt:md5,434e6f3327bbeecd708dc6cc1edaa118",
                "sample1_0.chunk2_read.txt:md5,4ae8757dedd0f8cfb7c922dd7589a4f2",
                "sample1_0.chunk2_strand_check.txt:md5,42cc52b2660b1e0b84e1c9ab37a965ec",
                "sample1_0.chunk2_trans_read.bed:md5,928ee441099b8c0d3c44054524603e94",
                "sample1_0.chunk2_trans_report.txt:md5,e0ae3f827531d7316f9397b4dbdb0667",
                "sample1_0.chunk2_varcov.txt:md5,7b77861fe5e8e953d6d193ace2467e12",
                "sample1_0.chunk2_variants.txt:md5,a4c518e1dfb7ff762bd7e5c3d7370986",
                "sample1_0.chunk3_collapsed.bed:md5,844806f6d1979d68a3b9096267d7bf07",
                "sample1_0.chunk3_local_density_error.txt:md5,cda740cdf5b59aed316d23d97cccb9f4",
                "sample1_0.chunk3_polya.txt:md5,f5872c789c84037abd230f3e3053429e",
                "sample1_0.chunk3_read.txt:md5,3a2c866905dfcdb140e86340a95d90d2",
                "sample1_0.chunk3_strand_check.txt:md5,42cc52b2660b1e0b84e1c9ab37a965ec",
                "sample1_0.chunk3_trans_read.bed:md5,c4e132389c86dc844e76f78c3724ed8d",
                "sample1_0.chunk3_trans_report.txt:md5,eb6a4b39128ce0c19a96b5df9bb00010",
                "sample1_0.chunk3_varcov.txt:md5,7b77861fe5e8e953d6d193ace2467e12",
                "sample1_0.chunk3_variants.txt:md5,a4c518e1dfb7ff762bd7e5c3d7370986",
                "sample1_0.chunk4_collapsed.bed:md5,1abee63ee6b2ecd8a579fd293e9787bb",
                "sample1_0.chunk4_local_density_error.txt:md5,d35f24d3f83e2513bfd055cf3e438037",
                "sample1_0.chunk4_polya.txt:md5,9b1bb126d5f3ba8b1605fadec4f28d15",
                "sample1_0.chunk4_read.txt:md5,e8eb42852f61205870f89e015a2f987e",
                "sample1_0.chunk4_strand_check.txt:md5,42cc52b2660b1e0b84e1c9ab37a965ec",
                "sample1_0.chunk4_trans_read.bed:md5,340aa905ab34937cf34d8434ad00ecc9",
                "sample1_0.chunk4_trans_report.txt:md5,0c43e570ac23818b1c183d48588deab1",
                "sample1_0.chunk4_varcov.txt:md5,7b77861fe5e8e953d6d193ace2467e12",
                "sample1_0.chunk4_variants.txt:md5,a4c518e1dfb7ff762bd7e5c3d7370986",
                "sample1_0.chunk5_collapsed.bed:md5,1a8baa8613f6bdd0a0fa1ad7c38b7aaa",
                "sample1_0.chunk5_local_density_error.txt:md5,2a87123d2eb92f00ac730924b19dc2f8",
                "sample1_0.chunk5_polya.txt:md5,b5e129f170b71a74aae74120730ffdb1",
                "sample1_0.chunk5_read.txt:md5,6fc5c8520a8bb47cc549376f5e32ce3b",
                "sample1_0.chunk5_strand_check.txt:md5,42cc52b2660b1e0b84e1c9ab37a965ec",
                "sample1_0.chunk5_trans_read.bed:md5,6f43624e2fad10e896ecd93011ae92ae",
                "sample1_0.chunk5_trans_report.txt:md5,5d6c4748d0b86d7b29cdf0d1f3e3cdf5",
                "sample1_0.chunk5_varcov.txt:md5,7b77861fe5e8e953d6d193ace2467e12",
                "sample1_0.chunk5_variants.txt:md5,a4c518e1dfb7ff762bd7e5c3d7370986",
                "sample1_1.chunk1_collapsed.bed:md5,33f6bd7b72aa2957bbf0ceffc9ff1b32",
                "sample1_1.chunk1_local_density_error.txt:md5,bde56c7c2c791918943ea8d6c8c2169a",
                "sample1_1.chunk1_polya.txt:md5,628ea62b918fc4f31e109f724d714a66",
                "sample1_1.chunk1_read.txt:md5,bd4b21ad8ac7b2bec993b7b72501c2ab",
                "sample1_1.chunk1_strand_check.txt:md5,42cc52b2660b1e0b84e1c9ab37a965ec",
                "sample1_1.chunk1_trans_read.bed:md5,19cdf0d7d935665da0f96b936c6affc6",
                "sample1_1.chunk1_trans_report.txt:md5,35610244e9d495e6f5dee1c6ae0580f8",
                "sample1_1.chunk1_varcov.txt:md5,7b77861fe5e8e953d6d193ace2467e12",
                "sample1_1.chunk1_variants.txt:md5,a4c518e1dfb7ff762bd7e5c3d7370986",
                "sample1_1.chunk2_collapsed.bed:md5,05f7568e3d2f390e44f9f985b27247e2",
                "sample1_1.chunk2_local_density_error.txt:md5,7247a67bea9392c73ed5c4288bc66672",
                "sample1_1.chunk2_polya.txt:md5,434e6f3327bbeecd708dc6cc1edaa118",
                "sample1_1.chunk2_read.txt:md5,4ae8757dedd0f8cfb7c922dd7589a4f2",
                "sample1_1.chunk2_strand_check.txt:md5,42cc52b2660b1e0b84e1c9ab37a965ec",
                "sample1_1.chunk2_trans_read.bed:md5,928ee441099b8c0d3c44054524603e94",
                "sample1_1.chunk2_trans_report.txt:md5,e0ae3f827531d7316f9397b4dbdb0667",
                "sample1_1.chunk2_varcov.txt:md5,7b77861fe5e8e953d6d193ace2467e12",
                "sample1_1.chunk2_variants.txt:md5,a4c518e1dfb7ff762bd7e5c3d7370986",
                "sample1_1.chunk3_collapsed.bed:md5,844806f6d1979d68a3b9096267d7bf07",
                "sample1_1.chunk3_local_density_error.txt:md5,cda740cdf5b59aed316d23d97cccb9f4",
                "sample1_1.chunk3_polya.txt:md5,f5872c789c84037abd230f3e3053429e",
                "sample1_1.chunk3_read.txt:md5,3a2c866905dfcdb140e86340a95d90d2",
                "sample1_1.chunk3_strand_check.txt:md5,42cc52b2660b1e0b84e1c9ab37a965ec",
                "sample1_1.chunk3_trans_read.bed:md5,c4e132389c86dc844e76f78c3724ed8d",
                "sample1_1.chunk3_trans_report.txt:md5,eb6a4b39128ce0c19a96b5df9bb00010",
                "sample1_1.chunk3_varcov.txt:md5,7b77861fe5e8e953d6d193ace2467e12",
                "sample1_1.chunk3_variants.txt:md5,a4c518e1dfb7ff762bd7e5c3d7370986",
                "sample1_1.chunk4_collapsed.bed:md5,1abee63ee6b2ecd8a579fd293e9787bb",
                "sample1_1.chunk4_local_density_error.txt:md5,d35f24d3f83e2513bfd055cf3e438037",
                "sample1_1.chunk4_polya.txt:md5,9b1bb126d5f3ba8b1605fadec4f28d15",
                "sample1_1.chunk4_read.txt:md5,e8eb42852f61205870f89e015a2f987e",
                "sample1_1.chunk4_strand_check.txt:md5,42cc52b2660b1e0b84e1c9ab37a965ec",
                "sample1_1.chunk4_trans_read.bed:md5,340aa905ab34937cf34d8434ad00ecc9",
                "sample1_1.chunk4_trans_report.txt:md5,0c43e570ac23818b1c183d48588deab1",
                "sample1_1.chunk4_varcov.txt:md5,7b77861fe5e8e953d6d193ace2467e12",
                "sample1_1.chunk4_variants.txt:md5,a4c518e1dfb7ff762bd7e5c3d7370986",
                "sample1_1.chunk5_collapsed.bed:md5,1a8baa8613f6bdd0a0fa1ad7c38b7aaa",
                "sample1_1.chunk5_local_density_error.txt:md5,2a87123d2eb92f00ac730924b19dc2f8",
                "sample1_1.chunk5_polya.txt:md5,b5e129f170b71a74aae74120730ffdb1",
                "sample1_1.chunk5_read.txt:md5,6fc5c8520a8bb47cc549376f5e32ce3b",
                "sample1_1.chunk5_strand_check.txt:md5,42cc52b2660b1e0b84e1c9ab37a965ec",
                "sample1_1.chunk5_trans_read.bed:md5,6f43624e2fad10e896ecd93011ae92ae",
                "sample1_1.chunk5_trans_report.txt:md5,5d6c4748d0b86d7b29cdf0d1f3e3cdf5",
                "sample1_1.chunk5_varcov.txt:md5,7b77861fe5e8e953d6d193ace2467e12",
                "sample1_1.chunk5_variants.txt:md5,a4c518e1dfb7ff762bd7e5c3d7370986",
                "sample1_2.chunk.1_collapsed.bed:md5,66cf1481b1e69fa4cf3b13f07efd8c40",
                "sample1_2.chunk.1_local_density_error.txt:md5,2e2b91bbdd3225ebcd3402edf86a2cc6",
                "sample1_2.chunk.1_polya.txt:md5,6fd5552e7b2152e3b46cdee04b140104",
                "sample1_2.chunk.1_read.txt:md5,b0dc554a9b99c5f5b6fd3203f276c797",
                "sample1_2.chunk.1_strand_check.txt:md5,42cc52b2660b1e0b84e1c9ab37a965ec",
                "sample1_2.chunk.1_trans_read.bed:md5,347f03649d304377cb37dec40830d35c",
                "sample1_2.chunk.1_trans_report.txt:md5,e2b7c12377d7a4424b253898f0f0bd7a",
                "sample1_2.chunk.1_varcov.txt:md5,7b77861fe5e8e953d6d193ace2467e12",
                "sample1_2.chunk.1_variants.txt:md5,a4c518e1dfb7ff762bd7e5c3d7370986",
                "sample2_3.chunk.1_collapsed.bed:md5,2a5b07fa24ddcb51259063a76c52acee",
                "sample2_3.chunk.1_local_density_error.txt:md5,b6fa52ea6fa7f3a7add75dec930cc6b3",
                "sample2_3.chunk.1_polya.txt:md5,48e49820ebf548cf1547fd7dfd93b753",
                "sample2_3.chunk.1_read.txt:md5,3a4d70008407cb42bac94ec94ffaecac",
                "sample2_3.chunk.1_strand_check.txt:md5,42cc52b2660b1e0b84e1c9ab37a965ec",
                "sample2_3.chunk.1_trans_read.bed:md5,ae71e848615d3f0ae550e6bc4639f44e",
                "sample2_3.chunk.1_trans_report.txt:md5,3d21f4fda06970fa6ef67acd6f7ed9d5",
                "sample2_3.chunk.1_varcov.txt:md5,7b77861fe5e8e953d6d193ace2467e12",
                "sample2_3.chunk.1_variants.txt:md5,a4c518e1dfb7ff762bd7e5c3d7370986",
                "sample2_3.chunk.2_collapsed.bed:md5,0f05bb1b7b5e40614382eb1817dd557e",
                "sample2_3.chunk.2_local_density_error.txt:md5,4a46e426dcd85ca8c743ea3422f65188",
                "sample2_3.chunk.2_polya.txt:md5,d21f8811d58b55d0d94d9d3f93c7fceb",
                "sample2_3.chunk.2_read.txt:md5,3600aefaca5b22494e085a686d1b46cc",
                "sample2_3.chunk.2_strand_check.txt:md5,42cc52b2660b1e0b84e1c9ab37a965ec",
                "sample2_3.chunk.2_trans_read.bed:md5,628e3e88297ce40fca491345304dfba6",
                "sample2_3.chunk.2_trans_report.txt:md5,983a121808b374b2f05166de960b0419",
                "sample2_3.chunk.2_varcov.txt:md5,7b77861fe5e8e953d6d193ace2467e12",
                "sample2_3.chunk.2_variants.txt:md5,a4c518e1dfb7ff762bd7e5c3d7370986",
                "sample2_3.chunk.3_collapsed.bed:md5,4c80428bc3bd3a052209df58eb57eaf8",
                "sample2_3.chunk.3_local_density_error.txt:md5,8c5967a572846420b98932b7fd98310c",
                "sample2_3.chunk.3_polya.txt:md5,ee69a686a6dfad12f29e235afd72b377",
                "sample2_3.chunk.3_read.txt:md5,7ac6ae4752631ee92442d3d4a86846a8",
                "sample2_3.chunk.3_strand_check.txt:md5,42cc52b2660b1e0b84e1c9ab37a965ec",
                "sample2_3.chunk.3_trans_read.bed:md5,2de626e8c3e8fa21b938e888229d6160",
                "sample2_3.chunk.3_trans_report.txt:md5,52bcdea21e4f8bef847e2c21693c40ea",
                "sample2_3.chunk.3_varcov.txt:md5,7b77861fe5e8e953d6d193ace2467e12",
                "sample2_3.chunk.3_variants.txt:md5,a4c518e1dfb7ff762bd7e5c3d7370986",
                "sample2_3.chunk.4_collapsed.bed:md5,116215ae754f236bca4c4115d6e7b124",
                "sample2_3.chunk.4_local_density_error.txt:md5,65af1e6f5a1d39ad6b24bd1a63a6278a",
                "sample2_3.chunk.4_polya.txt:md5,c9919cd20d7bbf4f593cd2844bd28550",
                "sample2_3.chunk.4_read.txt:md5,4760b76910a567cf62a83f4b21d085aa",
                "sample2_3.chunk.4_strand_check.txt:md5,42cc52b2660b1e0b84e1c9ab37a965ec",
                "sample2_3.chunk.4_trans_read.bed:md5,6d4851ed8eb0b2df1d656dbb5a2ad3c6",
                "sample2_3.chunk.4_trans_report.txt:md5,1029b53f7d59c97d87df970fb3e0501e",
                "sample2_3.chunk.4_varcov.txt:md5,7b77861fe5e8e953d6d193ace2467e12",
                "sample2_3.chunk.4_variants.txt:md5,a4c518e1dfb7ff762bd7e5c3d7370986",
                "sample2_3.chunk.5_collapsed.bed:md5,35d2a8acdcd0a40330624f5bcf033206",
                "sample2_3.chunk.5_local_density_error.txt:md5,e87053b8c7f58a350225a6d43be17d72",
                "sample2_3.chunk.5_polya.txt:md5,8b4cc38336bfe6ff6d8eca74166d24a9",
                "sample2_3.chunk.5_read.txt:md5,f441d3c36963cc277178b4e1af275d1b",
                "sample2_3.chunk.5_strand_check.txt:md5,42cc52b2660b1e0b84e1c9ab37a965ec",
                "sample2_3.chunk.5_trans_read.bed:md5,8175932eec00949b37030106d9e84621",
                "sample2_3.chunk.5_trans_report.txt:md5,178e21fb7ea02d1b84682dc2e934c330",
                "sample2_3.chunk.5_varcov.txt:md5,7b77861fe5e8e953d6d193ace2467e12",
                "sample2_3.chunk.5_variants.txt:md5,a4c518e1dfb7ff762bd7e5c3d7370986",
                "sample2_3.chunk.6_collapsed.bed:md5,93c66ee57dbf302a6b2d99600cc730c4",
                "sample2_3.chunk.6_local_density_error.txt:md5,0b62cde5a47f0a4dc2c0e4c26235b241",
                "sample2_3.chunk.6_polya.txt:md5,2cb46eac9b00a08095b1bd4e0244559d",
                "sample2_3.chunk.6_read.txt:md5,9ea2721f96d5efe63bc35850bbf12520",
                "sample2_3.chunk.6_strand_check.txt:md5,42cc52b2660b1e0b84e1c9ab37a965ec",
                "sample2_3.chunk.6_trans_read.bed:md5,2080114fac4005105ed4b8f291afd4b9",
                "sample2_3.chunk.6_trans_report.txt:md5,15ad4aa7c425624464a179cf4d434e2e",
                "sample2_3.chunk.6_varcov.txt:md5,7b77861fe5e8e953d6d193ace2467e12",
                "sample2_3.chunk.6_variants.txt:md5,a4c518e1dfb7ff762bd7e5c3d7370986",
                "sample3_4.chunk.1_collapsed.bed:md5,33f6bd7b72aa2957bbf0ceffc9ff1b32",
                "sample3_4.chunk.1_local_density_error.txt:md5,25e666a9e8b3af9271532659a0b28013",
                "sample3_4.chunk.1_polya.txt:md5,628ea62b918fc4f31e109f724d714a66",
                "sample3_4.chunk.1_read.txt:md5,f5bedd14060f896f268d1aff22da3c5b",
                "sample3_4.chunk.1_strand_check.txt:md5,42cc52b2660b1e0b84e1c9ab37a965ec",
                "sample3_4.chunk.1_trans_read.bed:md5,86f4b69ae68a2ac46a38b9d82946f63e",
                "sample3_4.chunk.1_trans_report.txt:md5,41739b80f8a4b828e8d91883c514166d",
                "sample3_4.chunk.1_varcov.txt:md5,7b77861fe5e8e953d6d193ace2467e12",
                "sample3_4.chunk.1_variants.txt:md5,a4c518e1dfb7ff762bd7e5c3d7370986",
                "sample1.tsv:md5,3b0f241d363c76e54928b95fc393a74b",
                "sample2.tsv:md5,3cf1a0545f1bc2cf9cf866e5bb767194",
                "sample3.tsv:md5,c45dc7318d66250898c3cbb574950b68",
                "sample1.bed:md5,a07da2b53c2068a8992b180b6e6109ef",
                "sample1_gene_report.txt:md5,d79df2c95355b6b45111fed3fe1477de",
                "sample1_merge.txt:md5,43c2126ff07d1fd408c5dd0efc40f2bd",
                "sample1_trans_report.txt:md5,b80aa7caa6883c1989730805c7d2c07d",
                "sample2.bed:md5,f587c4c86b185278b89f6495effde755",
                "sample2_gene_report.txt:md5,dbae995f09715084c1a4db52133589cf",
                "sample2_merge.txt:md5,088759020eeab65733b1d238fa6337cd",
                "sample2_trans_report.txt:md5,a5d853548d3fe402a3539db80c239473",
                "sample3.bed:md5,33f6bd7b72aa2957bbf0ceffc9ff1b32",
                "sample3_gene_report.txt:md5,62c484ca9861d15630839679d789cedc",
                "sample3_merge.txt:md5,3279ae7633478e5abc277a32211023b3",
                "sample3_trans_report.txt:md5,6370921b9331122615415760360112fc",
                "ccs-filter-graph.txt:md5,ba008b5846eef8b5fba1028bef4754d1",
                "multiqc_citations.txt:md5,4c806e63a283ec1b7e78cdae3a923d4f",
                "multiqc_general_stats.txt:md5,2fa069b074cad309312a2cc03006d98d",
                "multiqc_lima_counts.txt:md5,d00757e4773f621db4f5459ca7a21088",
                "multiqc_lima_summary.txt:md5,4aa9cb449edee79805d6caaf23fe5fd2"
            ]
        ],
        "meta": {
            "nf-test": "0.9.3",
            "nextflow": "25.10.0"
        },
        "timestamp": "2025-11-11T14:35:39.751142368"
    }
}