{
    "-profile test_inputs_map": {
        "content": [
            {
                "GSTAMA_COLLAPSE": {
                    "gstama": 20211103
                },
                "GSTAMA_MERGE": {
                    "gstama": "0.0.1"
                },
                "MINIMAP2_ALIGN": {
                    "minimap2": "2.29-r1283",
                    "samtools": 1.21
                }
            },
            [
                "06_MINIMAP2",
                "06_MINIMAP2/sample4_0.chunk.1.bam",
                "06_MINIMAP2/sample4_0.chunk.1.bam.bai",
                "06_MINIMAP2/sample4_0.chunk.2.bam",
                "06_MINIMAP2/sample4_0.chunk.2.bam.bai",
                "06_MINIMAP2/sample4_0.chunk.3.bam",
                "06_MINIMAP2/sample4_0.chunk.3.bam.bai",
                "06_MINIMAP2/sample4_0.chunk.4.bam",
                "06_MINIMAP2/sample4_0.chunk.4.bam.bai",
                "06_MINIMAP2/sample4_0.chunk.5.bam",
                "06_MINIMAP2/sample4_0.chunk.5.bam.bai",
                "07_GSTAMA_COLLAPSE",
                "07_GSTAMA_COLLAPSE/sample4_0.chunk.1_collapsed.bed",
                "07_GSTAMA_COLLAPSE/sample4_0.chunk.1_local_density_error.txt",
                "07_GSTAMA_COLLAPSE/sample4_0.chunk.1_polya.txt",
                "07_GSTAMA_COLLAPSE/sample4_0.chunk.1_read.txt",
                "07_GSTAMA_COLLAPSE/sample4_0.chunk.1_strand_check.txt",
                "07_GSTAMA_COLLAPSE/sample4_0.chunk.1_trans_read.bed",
                "07_GSTAMA_COLLAPSE/sample4_0.chunk.1_trans_report.txt",
                "07_GSTAMA_COLLAPSE/sample4_0.chunk.1_varcov.txt",
                "07_GSTAMA_COLLAPSE/sample4_0.chunk.1_variants.txt",
                "07_GSTAMA_COLLAPSE/sample4_0.chunk.2_collapsed.bed",
                "07_GSTAMA_COLLAPSE/sample4_0.chunk.2_local_density_error.txt",
                "07_GSTAMA_COLLAPSE/sample4_0.chunk.2_polya.txt",
                "07_GSTAMA_COLLAPSE/sample4_0.chunk.2_read.txt",
                "07_GSTAMA_COLLAPSE/sample4_0.chunk.2_strand_check.txt",
                "07_GSTAMA_COLLAPSE/sample4_0.chunk.2_trans_read.bed",
                "07_GSTAMA_COLLAPSE/sample4_0.chunk.2_trans_report.txt",
                "07_GSTAMA_COLLAPSE/sample4_0.chunk.2_varcov.txt",
                "07_GSTAMA_COLLAPSE/sample4_0.chunk.2_variants.txt",
                "07_GSTAMA_COLLAPSE/sample4_0.chunk.3_collapsed.bed",
                "07_GSTAMA_COLLAPSE/sample4_0.chunk.3_local_density_error.txt",
                "07_GSTAMA_COLLAPSE/sample4_0.chunk.3_polya.txt",
                "07_GSTAMA_COLLAPSE/sample4_0.chunk.3_read.txt",
                "07_GSTAMA_COLLAPSE/sample4_0.chunk.3_strand_check.txt",
                "07_GSTAMA_COLLAPSE/sample4_0.chunk.3_trans_read.bed",
                "07_GSTAMA_COLLAPSE/sample4_0.chunk.3_trans_report.txt",
                "07_GSTAMA_COLLAPSE/sample4_0.chunk.3_varcov.txt",
                "07_GSTAMA_COLLAPSE/sample4_0.chunk.3_variants.txt",
                "07_GSTAMA_COLLAPSE/sample4_0.chunk.4_collapsed.bed",
                "07_GSTAMA_COLLAPSE/sample4_0.chunk.4_local_density_error.txt",
                "07_GSTAMA_COLLAPSE/sample4_0.chunk.4_polya.txt",
                "07_GSTAMA_COLLAPSE/sample4_0.chunk.4_read.txt",
                "07_GSTAMA_COLLAPSE/sample4_0.chunk.4_strand_check.txt",
                "07_GSTAMA_COLLAPSE/sample4_0.chunk.4_trans_read.bed",
                "07_GSTAMA_COLLAPSE/sample4_0.chunk.4_trans_report.txt",
                "07_GSTAMA_COLLAPSE/sample4_0.chunk.4_varcov.txt",
                "07_GSTAMA_COLLAPSE/sample4_0.chunk.4_variants.txt",
                "07_GSTAMA_COLLAPSE/sample4_0.chunk.5_collapsed.bed",
                "07_GSTAMA_COLLAPSE/sample4_0.chunk.5_local_density_error.txt",
                "07_GSTAMA_COLLAPSE/sample4_0.chunk.5_polya.txt",
                "07_GSTAMA_COLLAPSE/sample4_0.chunk.5_read.txt",
                "07_GSTAMA_COLLAPSE/sample4_0.chunk.5_strand_check.txt",
                "07_GSTAMA_COLLAPSE/sample4_0.chunk.5_trans_read.bed",
                "07_GSTAMA_COLLAPSE/sample4_0.chunk.5_trans_report.txt",
                "07_GSTAMA_COLLAPSE/sample4_0.chunk.5_varcov.txt",
                "07_GSTAMA_COLLAPSE/sample4_0.chunk.5_variants.txt",
                "08_GSTAMA_FILELIST",
                "08_GSTAMA_FILELIST/sample4.tsv",
                "09_GSTAMA_MERGE",
                "09_GSTAMA_MERGE/sample4.bed",
                "09_GSTAMA_MERGE/sample4_gene_report.txt",
                "09_GSTAMA_MERGE/sample4_merge.txt",
                "09_GSTAMA_MERGE/sample4_trans_report.txt",
                "multiqc",
                "multiqc/multiqc_data",
                "multiqc/multiqc_data/llms-full.txt",
                "multiqc/multiqc_data/multiqc.log",
                "multiqc/multiqc_data/multiqc.parquet",
                "multiqc/multiqc_data/multiqc_citations.txt",
                "multiqc/multiqc_data/multiqc_data.json",
                "multiqc/multiqc_data/multiqc_software_versions.txt",
                "multiqc/multiqc_data/multiqc_sources.txt",
                "multiqc/multiqc_report.html",
                "pipeline_info",
                "pipeline_info/nf_core_isoseq_software_mqc_versions.yml"
            ],
            [
                "sample4_0.chunk.1.bam:md5,fabbef9bd7b0d0116bb4ab90ad26c96a",
                "sample4_0.chunk.1.bam.bai:md5,dbc0e98e8834e2d2a2335c1aaab6a34f",
                "sample4_0.chunk.2.bam:md5,72adf1b501257c5a52608997822703b3",
                "sample4_0.chunk.2.bam.bai:md5,0541559b8b6ca009a2810ee01ada9dde",
                "sample4_0.chunk.3.bam:md5,5d9a19a984fe55bc84ca7859b87484fd",
                "sample4_0.chunk.3.bam.bai:md5,d2a127642ba94ae06639fb6cc03f433f",
                "sample4_0.chunk.4.bam:md5,4319be5e149ebc12198cca560ccaa506",
                "sample4_0.chunk.4.bam.bai:md5,0a32fe4452b7bacf44f92caa6b2ee56f",
                "sample4_0.chunk.5.bam:md5,b0031d6ebace0e1e9c2d40bf5f3d6902",
                "sample4_0.chunk.5.bam.bai:md5,560882c194ab2d83534de6c50b1ab416",
                "sample4_0.chunk.1_collapsed.bed:md5,33f6bd7b72aa2957bbf0ceffc9ff1b32",
                "sample4_0.chunk.1_local_density_error.txt:md5,bde56c7c2c791918943ea8d6c8c2169a",
                "sample4_0.chunk.1_polya.txt:md5,628ea62b918fc4f31e109f724d714a66",
                "sample4_0.chunk.1_read.txt:md5,6ab436fef1e37907f89b19e07bfe3f1d",
                "sample4_0.chunk.1_strand_check.txt:md5,42cc52b2660b1e0b84e1c9ab37a965ec",
                "sample4_0.chunk.1_trans_read.bed:md5,19cdf0d7d935665da0f96b936c6affc6",
                "sample4_0.chunk.1_trans_report.txt:md5,35610244e9d495e6f5dee1c6ae0580f8",
                "sample4_0.chunk.1_varcov.txt:md5,7b77861fe5e8e953d6d193ace2467e12",
                "sample4_0.chunk.1_variants.txt:md5,a4c518e1dfb7ff762bd7e5c3d7370986",
                "sample4_0.chunk.2_collapsed.bed:md5,05f7568e3d2f390e44f9f985b27247e2",
                "sample4_0.chunk.2_local_density_error.txt:md5,7247a67bea9392c73ed5c4288bc66672",
                "sample4_0.chunk.2_polya.txt:md5,434e6f3327bbeecd708dc6cc1edaa118",
                "sample4_0.chunk.2_read.txt:md5,b643a3a994835b5c99e9bfe630aff856",
                "sample4_0.chunk.2_strand_check.txt:md5,42cc52b2660b1e0b84e1c9ab37a965ec",
                "sample4_0.chunk.2_trans_read.bed:md5,928ee441099b8c0d3c44054524603e94",
                "sample4_0.chunk.2_trans_report.txt:md5,e0ae3f827531d7316f9397b4dbdb0667",
                "sample4_0.chunk.2_varcov.txt:md5,7b77861fe5e8e953d6d193ace2467e12",
                "sample4_0.chunk.2_variants.txt:md5,a4c518e1dfb7ff762bd7e5c3d7370986",
                "sample4_0.chunk.3_collapsed.bed:md5,844806f6d1979d68a3b9096267d7bf07",
                "sample4_0.chunk.3_local_density_error.txt:md5,cda740cdf5b59aed316d23d97cccb9f4",
                "sample4_0.chunk.3_polya.txt:md5,f5872c789c84037abd230f3e3053429e",
                "sample4_0.chunk.3_read.txt:md5,d777caedc81cef340943c9e31cff3260",
                "sample4_0.chunk.3_strand_check.txt:md5,42cc52b2660b1e0b84e1c9ab37a965ec",
                "sample4_0.chunk.3_trans_read.bed:md5,c4e132389c86dc844e76f78c3724ed8d",
                "sample4_0.chunk.3_trans_report.txt:md5,eb6a4b39128ce0c19a96b5df9bb00010",
                "sample4_0.chunk.3_varcov.txt:md5,7b77861fe5e8e953d6d193ace2467e12",
                "sample4_0.chunk.3_variants.txt:md5,a4c518e1dfb7ff762bd7e5c3d7370986",
                "sample4_0.chunk.4_collapsed.bed:md5,1abee63ee6b2ecd8a579fd293e9787bb",
                "sample4_0.chunk.4_local_density_error.txt:md5,d35f24d3f83e2513bfd055cf3e438037",
                "sample4_0.chunk.4_polya.txt:md5,9b1bb126d5f3ba8b1605fadec4f28d15",
                "sample4_0.chunk.4_read.txt:md5,c827cfe75cf841613fe213d6d04a393f",
                "sample4_0.chunk.4_strand_check.txt:md5,42cc52b2660b1e0b84e1c9ab37a965ec",
                "sample4_0.chunk.4_trans_read.bed:md5,340aa905ab34937cf34d8434ad00ecc9",
                "sample4_0.chunk.4_trans_report.txt:md5,0c43e570ac23818b1c183d48588deab1",
                "sample4_0.chunk.4_varcov.txt:md5,7b77861fe5e8e953d6d193ace2467e12",
                "sample4_0.chunk.4_variants.txt:md5,a4c518e1dfb7ff762bd7e5c3d7370986",
                "sample4_0.chunk.5_collapsed.bed:md5,1a8baa8613f6bdd0a0fa1ad7c38b7aaa",
                "sample4_0.chunk.5_local_density_error.txt:md5,2a87123d2eb92f00ac730924b19dc2f8",
                "sample4_0.chunk.5_polya.txt:md5,b5e129f170b71a74aae74120730ffdb1",
                "sample4_0.chunk.5_read.txt:md5,ba943648c22434ac8ab663bb5ce2408e",
                "sample4_0.chunk.5_strand_check.txt:md5,42cc52b2660b1e0b84e1c9ab37a965ec",
                "sample4_0.chunk.5_trans_read.bed:md5,6f43624e2fad10e896ecd93011ae92ae",
                "sample4_0.chunk.5_trans_report.txt:md5,5d6c4748d0b86d7b29cdf0d1f3e3cdf5",
                "sample4_0.chunk.5_varcov.txt:md5,7b77861fe5e8e953d6d193ace2467e12",
                "sample4_0.chunk.5_variants.txt:md5,a4c518e1dfb7ff762bd7e5c3d7370986",
                "sample4.tsv:md5,38c9ea6c3c83932247b42fab1d07dbb3",
                "sample4.bed:md5,4928c5cc59c23dd25486a22a9a5e9bed",
                "sample4_gene_report.txt:md5,7e90720244d58d56e21c4c0285c576f3",
                "sample4_merge.txt:md5,b91e9f22a1bd14324f3e378cdfb454c7",
                "sample4_trans_report.txt:md5,27bc45fb5f585849fee71da6e951c99c",
                "multiqc_citations.txt:md5,4c806e63a283ec1b7e78cdae3a923d4f"
            ]
        ],
        "meta": {
            "nf-test": "0.9.3",
            "nextflow": "25.10.0"
        },
        "timestamp": "2025-11-11T14:34:26.629875196"
    }
}